Archive member included to satisfy reference by file (symbol)

c:/program files (x86)/atmel/studio/7.0/toolchain/avr8/avr8-gnu-toolchain/bin/../lib/gcc/avr/5.4.0/../../../../avr/lib/avr6\libm.a(addsf3.o)
                              EncoderHandler.o (__subsf3)
c:/program files (x86)/atmel/studio/7.0/toolchain/avr8/avr8-gnu-toolchain/bin/../lib/gcc/avr/5.4.0/../../../../avr/lib/avr6\libm.a(addsf3x.o)
                              c:/program files (x86)/atmel/studio/7.0/toolchain/avr8/avr8-gnu-toolchain/bin/../lib/gcc/avr/5.4.0/../../../../avr/lib/avr6\libm.a(addsf3.o) (__addsf3x)
c:/program files (x86)/atmel/studio/7.0/toolchain/avr8/avr8-gnu-toolchain/bin/../lib/gcc/avr/5.4.0/../../../../avr/lib/avr6\libm.a(cmpsf2.o)
                              EncoderHandler.o (__ltsf2)
c:/program files (x86)/atmel/studio/7.0/toolchain/avr8/avr8-gnu-toolchain/bin/../lib/gcc/avr/5.4.0/../../../../avr/lib/avr6\libm.a(cos.o)
                              src/libraries/UTFT/UTFT.o (cos)
c:/program files (x86)/atmel/studio/7.0/toolchain/avr8/avr8-gnu-toolchain/bin/../lib/gcc/avr/5.4.0/../../../../avr/lib/avr6\libm.a(fixsfsi.o)
                              src/libraries/UTFT/UTFT.o (__fixsfsi)
c:/program files (x86)/atmel/studio/7.0/toolchain/avr8/avr8-gnu-toolchain/bin/../lib/gcc/avr/5.4.0/../../../../avr/lib/avr6\libm.a(fixunssfsi.o)
                              c:/program files (x86)/atmel/studio/7.0/toolchain/avr8/avr8-gnu-toolchain/bin/../lib/gcc/avr/5.4.0/../../../../avr/lib/avr6\libm.a(fixsfsi.o) (__fixunssfsi)
c:/program files (x86)/atmel/studio/7.0/toolchain/avr8/avr8-gnu-toolchain/bin/../lib/gcc/avr/5.4.0/../../../../avr/lib/avr6\libm.a(floatsisf.o)
                              src/libraries/UTFT/UTFT.o (__floatsisf)
c:/program files (x86)/atmel/studio/7.0/toolchain/avr8/avr8-gnu-toolchain/bin/../lib/gcc/avr/5.4.0/../../../../avr/lib/avr6\libm.a(fp_cmp.o)
                              c:/program files (x86)/atmel/studio/7.0/toolchain/avr8/avr8-gnu-toolchain/bin/../lib/gcc/avr/5.4.0/../../../../avr/lib/avr6\libm.a(cmpsf2.o) (__fp_cmp)
c:/program files (x86)/atmel/studio/7.0/toolchain/avr8/avr8-gnu-toolchain/bin/../lib/gcc/avr/5.4.0/../../../../avr/lib/avr6\libm.a(fp_inf.o)
                              c:/program files (x86)/atmel/studio/7.0/toolchain/avr8/avr8-gnu-toolchain/bin/../lib/gcc/avr/5.4.0/../../../../avr/lib/avr6\libm.a(addsf3x.o) (__fp_inf)
c:/program files (x86)/atmel/studio/7.0/toolchain/avr8/avr8-gnu-toolchain/bin/../lib/gcc/avr/5.4.0/../../../../avr/lib/avr6\libm.a(fp_nan.o)
                              c:/program files (x86)/atmel/studio/7.0/toolchain/avr8/avr8-gnu-toolchain/bin/../lib/gcc/avr/5.4.0/../../../../avr/lib/avr6\libm.a(addsf3x.o) (__fp_nan)
c:/program files (x86)/atmel/studio/7.0/toolchain/avr8/avr8-gnu-toolchain/bin/../lib/gcc/avr/5.4.0/../../../../avr/lib/avr6\libm.a(fp_pscA.o)
                              c:/program files (x86)/atmel/studio/7.0/toolchain/avr8/avr8-gnu-toolchain/bin/../lib/gcc/avr/5.4.0/../../../../avr/lib/avr6\libm.a(addsf3x.o) (__fp_pscA)
c:/program files (x86)/atmel/studio/7.0/toolchain/avr8/avr8-gnu-toolchain/bin/../lib/gcc/avr/5.4.0/../../../../avr/lib/avr6\libm.a(fp_pscB.o)
                              c:/program files (x86)/atmel/studio/7.0/toolchain/avr8/avr8-gnu-toolchain/bin/../lib/gcc/avr/5.4.0/../../../../avr/lib/avr6\libm.a(addsf3x.o) (__fp_pscB)
c:/program files (x86)/atmel/studio/7.0/toolchain/avr8/avr8-gnu-toolchain/bin/../lib/gcc/avr/5.4.0/../../../../avr/lib/avr6\libm.a(fp_rempio2.o)
                              c:/program files (x86)/atmel/studio/7.0/toolchain/avr8/avr8-gnu-toolchain/bin/../lib/gcc/avr/5.4.0/../../../../avr/lib/avr6\libm.a(cos.o) (__fp_rempio2)
c:/program files (x86)/atmel/studio/7.0/toolchain/avr8/avr8-gnu-toolchain/bin/../lib/gcc/avr/5.4.0/../../../../avr/lib/avr6\libm.a(fp_round.o)
                              c:/program files (x86)/atmel/studio/7.0/toolchain/avr8/avr8-gnu-toolchain/bin/../lib/gcc/avr/5.4.0/../../../../avr/lib/avr6\libm.a(addsf3.o) (__fp_round)
c:/program files (x86)/atmel/studio/7.0/toolchain/avr8/avr8-gnu-toolchain/bin/../lib/gcc/avr/5.4.0/../../../../avr/lib/avr6\libm.a(fp_sinus.o)
                              c:/program files (x86)/atmel/studio/7.0/toolchain/avr8/avr8-gnu-toolchain/bin/../lib/gcc/avr/5.4.0/../../../../avr/lib/avr6\libm.a(cos.o) (__fp_sinus)
c:/program files (x86)/atmel/studio/7.0/toolchain/avr8/avr8-gnu-toolchain/bin/../lib/gcc/avr/5.4.0/../../../../avr/lib/avr6\libm.a(fp_split3.o)
                              c:/program files (x86)/atmel/studio/7.0/toolchain/avr8/avr8-gnu-toolchain/bin/../lib/gcc/avr/5.4.0/../../../../avr/lib/avr6\libm.a(addsf3x.o) (__fp_split3)
c:/program files (x86)/atmel/studio/7.0/toolchain/avr8/avr8-gnu-toolchain/bin/../lib/gcc/avr/5.4.0/../../../../avr/lib/avr6\libm.a(fp_zero.o)
                              c:/program files (x86)/atmel/studio/7.0/toolchain/avr8/avr8-gnu-toolchain/bin/../lib/gcc/avr/5.4.0/../../../../avr/lib/avr6\libm.a(addsf3x.o) (__fp_zero)
[...]
Memory Configuration

Name             Origin             Length             Attributes
text             0x00000000         0x00100000         xr
data             0x00800200         0x0000fe00         rw !x
eeprom           0x00810000         0x00010000         rw !x
fuse             0x00820000         0x00000003         rw !x
lock             0x00830000         0x00000400         rw !x
signature        0x00840000         0x00000400         rw !x
user_signatures  0x00850000         0x00000400         rw !x
*default*        0x00000000         0xffffffff

Linker script and memory map

Address of section .data set to 0x800200
LOAD C:/Program Files (x86)/Atmel/Studio/7.0/Packs/atmel/ATmega_DFP/1.2.150/gcc/dev/atmega2560/avr6/crtatmega2560.o
LOAD Control.o
LOAD EncoderHandler.o
LOAD Menu.o
LOAD Screen.o
LOAD Sketch.o
LOAD src/libraries/Encoder-1.4/Encoder.o
LOAD src/libraries/UTFT/DefaultFonts.o
LOAD src/libraries/UTFT/UTFT.o
LOAD Window.o
START GROUP
LOAD c:/program files (x86)/atmel/studio/7.0/toolchain/avr8/avr8-gnu-toolchain/bin/../lib/gcc/avr/5.4.0/../../../../avr/lib/avr6\libm.a
LOAD C:\Users\tiago\DOCUME~1\GitHub\KIDMOD~1\OSCILL~2\OSCILL~3\OSCILL~1\ARDUIN~1\Debug\libArduinoCore.a
END GROUP
LOAD c:/program files (x86)/atmel/studio/7.0/toolchain/avr8/avr8-gnu-toolchain/bin/../lib/gcc/avr/5.4.0/avr6\libgcc.a
LOAD c:/program files (x86)/atmel/studio/7.0/toolchain/avr8/avr8-gnu-toolchain/bin/../lib/gcc/avr/5.4.0/../../../../avr/lib/avr6\libm.a
START GROUP
LOAD c:/program files (x86)/atmel/studio/7.0/toolchain/avr8/avr8-gnu-toolchain/bin/../lib/gcc/avr/5.4.0/avr6\libgcc.a
LOAD c:/program files (x86)/atmel/studio/7.0/toolchain/avr8/avr8-gnu-toolchain/bin/../lib/gcc/avr/5.4.0/../../../../avr/lib/avr6\libm.a
LOAD c:/program files (x86)/atmel/studio/7.0/toolchain/avr8/avr8-gnu-toolchain/bin/../lib/gcc/avr/5.4.0/../../../../avr/lib/avr6\libc.a
LOAD C:/Program Files (x86)/Atmel/Studio/7.0/Packs/atmel/ATmega_DFP/1.2.150/gcc/dev/atmega2560/avr6\libatmega2560.a
END GROUP
                0x00100000                __TEXT_REGION_LENGTH__ = DEFINED (__TEXT_REGION_LENGTH__)?__TEXT_REGION_LENGTH__:0x100000
                0x0000fe00                __DATA_REGION_LENGTH__ = DEFINED (__DATA_REGION_LENGTH__)?__DATA_REGION_LENGTH__:0xfe00
                0x00010000                __EEPROM_REGION_LENGTH__ = DEFINED (__EEPROM_REGION_LENGTH__)?__EEPROM_REGION_LENGTH__:0x10000
                [0x00000003]                __FUSE_REGION_LENGTH__ = DEFINED (__FUSE_REGION_LENGTH__)?__FUSE_REGION_LENGTH__:0x400
                0x00000400                __LOCK_REGION_LENGTH__ = DEFINED (__LOCK_REGION_LENGTH__)?__LOCK_REGION_LENGTH__:0x400
                0x00000400                __SIGNATURE_REGION_LENGTH__ = DEFINED (__SIGNATURE_REGION_LENGTH__)?__SIGNATURE_REGION_LENGTH__:0x400
                0x00000400                __USER_SIGNATURE_REGION_LENGTH__ = DEFINED (__USER_SIGNATURE_REGION_LENGTH__)?__USER_SIGNATURE_REGION_LENGTH__:0x400

.hash
 *(.hash)

.dynsym
 *(.dynsym)

.dynstr
 *(.dynstr)

.gnu.version
 *(.gnu.version)

.gnu.version_d
 *(.gnu.version_d)

.gnu.version_r
 *(.gnu.version_r)

.rel.init
 *(.rel.init)

.rela.init
 *(.rela.init)

.rel.text
 *(.rel.text)
 *(.rel.text.*)
 *(.rel.gnu.linkonce.t*)

.rela.text
 *(.rela.text)
 *(.rela.text.*)
 *(.rela.gnu.linkonce.t*)

.rel.fini
 *(.rel.fini)

.rela.fini
 *(.rela.fini)

.rel.rodata
 *(.rel.rodata)
 *(.rel.rodata.*)
 *(.rel.gnu.linkonce.r*)

.rela.rodata
 *(.rela.rodata)
 *(.rela.rodata.*)
 *(.rela.gnu.linkonce.r*)

.rel.data
 *(.rel.data)
 *(.rel.data.*)
 *(.rel.gnu.linkonce.d*)

.rela.data
 *(.rela.data)
 *(.rela.data.*)
 *(.rela.gnu.linkonce.d*)

.rel.ctors
 *(.rel.ctors)

.rela.ctors
 *(.rela.ctors)

.rel.dtors
 *(.rel.dtors)

.rela.dtors
 *(.rela.dtors)

.rel.got
 *(.rel.got)

.rela.got
 *(.rela.got)

.rel.bss
 *(.rel.bss)

.rela.bss
 *(.rela.bss)

.rel.plt
 *(.rel.plt)

.rela.plt
 *(.rela.plt)

.text           0x00000000     0x94fc
 *(.vectors)
 .vectors       0x00000000       0xe4 C:/Program Files (x86)/Atmel/Studio/7.0/Packs/atmel/ATmega_DFP/1.2.150/gcc/dev/atmega2560/avr6/crtatmega2560.o
                0x00000000                __vector_default
                0x00000000                __vectors
 *(.vectors)
 *(.progmem.gcc*)
 .progmem.gcc_sw_table._ZN4UTFT5setXYEjjjj
                0x000000e4       0x3c src/libraries/UTFT/UTFT.o
 .progmem.gcc_sw_table._ZN4UTFT7InitLCDEh
                0x00000120       0x3c src/libraries/UTFT/UTFT.o
 .progmem.gcc_fplib
                0x0000015c       0x1e c:/program files (x86)/atmel/studio/7.0/toolchain/avr8/avr8-gnu-toolchain/bin/../lib/gcc/avr/5.4.0/../../../../avr/lib/avr6\libm.a(fp_sinus.o)
 .progmem.gcc_sw_table.attachInterrupt
                0x0000017a        0xe C:\Users\tiago\DOCUME~1\GitHub\KIDMOD~1\OSCILL~2\OSCILL~3\OSCILL~1\ARDUIN~1\Debug\libArduinoCore.a(WInterrupts.o)
 .progmem.gcc_sw_table.turnOffPWM
                0x00000188       0x24 C:\Users\tiago\DOCUME~1\GitHub\KIDMOD~1\OSCILL~2\OSCILL~3\OSCILL~1\ARDUIN~1\Debug\libArduinoCore.a(wiring_digital.o)
                0x000001ac                . = ALIGN (0x2)
                0x000001ac                __trampolines_start = .
 *(.trampolines)
 .trampolines   0x000001ac        0x0 linker stubs
 *(.trampolines*)
                0x000001ac                __trampolines_end = .
 *libprintf_flt.a:*(.progmem.data)
 *libc.a:*(.progmem.data)
 .progmem.data  0x000001ac       0xfa c:/program files (x86)/atmel/studio/7.0/toolchain/avr8/avr8-gnu-toolchain/bin/../lib/gcc/avr/5.4.0/../../../../avr/lib/avr6\libc.a(ftoa_engine.o)
 *(.progmem*)
 .progmem.data.BigFont
                0x000002a6      0xbe4 src/libraries/UTFT/DefaultFonts.o
                0x000002a6                BigFont
 .progmem.data.SmallFont
                0x00000e8a      0x478 src/libraries/UTFT/DefaultFonts.o
                0x00000e8a                SmallFont
 .progmem.data.digital_pin_to_timer_PGM
                0x00001302       0x46 C:\Users\tiago\DOCUME~1\GitHub\KIDMOD~1\OSCILL~2\OSCILL~3\OSCILL~1\ARDUIN~1\Debug\libArduinoCore.a(wiring_digital.o)
                0x00001302                digital_pin_to_timer_PGM
 .progmem.data.digital_pin_to_bit_mask_PGM
                0x00001348       0x46 C:\Users\tiago\DOCUME~1\GitHub\KIDMOD~1\OSCILL~2\OSCILL~3\OSCILL~1\ARDUIN~1\Debug\libArduinoCore.a(wiring_digital.o)
                0x00001348                digital_pin_to_bit_mask_PGM
 .progmem.data.digital_pin_to_port_PGM
                0x0000138e       0x46 C:\Users\tiago\DOCUME~1\GitHub\KIDMOD~1\OSCILL~2\OSCILL~3\OSCILL~1\ARDUIN~1\Debug\libArduinoCore.a(wiring_digital.o)
                0x0000138e                digital_pin_to_port_PGM
 .progmem.data.port_to_input_PGM
                0x000013d4       0x1a C:\Users\tiago\DOCUME~1\GitHub\KIDMOD~1\OSCILL~2\OSCILL~3\OSCILL~1\ARDUIN~1\Debug\libArduinoCore.a(wiring_digital.o)
                0x000013d4                port_to_input_PGM
 .progmem.data.port_to_output_PGM
                0x000013ee       0x1a C:\Users\tiago\DOCUME~1\GitHub\KIDMOD~1\OSCILL~2\OSCILL~3\OSCILL~1\ARDUIN~1\Debug\libArduinoCore.a(wiring_digital.o)
                0x000013ee                port_to_output_PGM
 .progmem.data.port_to_mode_PGM
                0x00001408       0x1a C:\Users\tiago\DOCUME~1\GitHub\KIDMOD~1\OSCILL~2\OSCILL~3\OSCILL~1\ARDUIN~1\Debug\libArduinoCore.a(wiring_digital.o)
                0x00001408                port_to_mode_PGM
                0x00001422                . = ALIGN (0x2)
 *(.jumptables)
 *(.jumptables*)
 *(.lowtext)
 *(.lowtext*)
                0x00001422                __ctors_start = .
 *(.ctors)
 .ctors         0x00001422        0x2 Control.o
 .ctors         0x00001424        0x2 Menu.o
 .ctors         0x00001426        0x2 Screen.o
 .ctors         0x00001428        0x2 Sketch.o
                0x0000142a                __ctors_end = .
                0x0000142a                __dtors_start = .
 *(.dtors)
 .dtors         0x0000142a        0x2 Control.o
 .dtors         0x0000142c        0x2 Menu.o
 .dtors         0x0000142e        0x2 Screen.o
 .dtors         0x00001430        0x2 Sketch.o
                0x00001432                __dtors_end = .
 SORT(*)(.ctors)
 SORT(*)(.dtors)
 *(.init0)
 .init0         0x00001432        0x0 C:/Program Files (x86)/Atmel/Studio/7.0/Packs/atmel/ATmega_DFP/1.2.150/gcc/dev/atmega2560/avr6/crtatmega2560.o
                0x00001432                __init
 *(.init0)
 *(.init1)
 *(.init1)
 *(.init2)
 .init2         0x00001432       0x10 C:/Program Files (x86)/Atmel/Studio/7.0/Packs/atmel/ATmega_DFP/1.2.150/gcc/dev/atmega2560/avr6/crtatmega2560.o
 *(.init2)
 *(.init3)
 *(.init3)
 *(.init4)
 .init4         0x00001442       0x1a c:/program files (x86)/atmel/studio/7.0/toolchain/avr8/avr8-gnu-toolchain/bin/../lib/gcc/avr/5.4.0/avr6\libgcc.a(_copy_data.o)
                0x00001442                __do_copy_data
 .init4         0x0000145c       0x10 c:/program files (x86)/atmel/studio/7.0/toolchain/avr8/avr8-gnu-toolchain/bin/../lib/gcc/avr/5.4.0/avr6\libgcc.a(_clear_bss.o)
                0x0000145c                __do_clear_bss
 *(.init4)
 *(.init5)
 *(.init5)
 *(.init6)
 .init6         0x0000146c       0x20 c:/program files (x86)/atmel/studio/7.0/toolchain/avr8/avr8-gnu-toolchain/bin/../lib/gcc/avr/5.4.0/avr6\libgcc.a(_ctors.o)
                0x0000146c                __do_global_ctors
 *(.init6)
 *(.init7)
 *(.init7)
 *(.init8)
 *(.init8)
 *(.init9)
 .init9         0x0000148c        0x8 C:/Program Files (x86)/Atmel/Studio/7.0/Packs/atmel/ATmega_DFP/1.2.150/gcc/dev/atmega2560/avr6/crtatmega2560.o
 *(.init9)
 *(.text)
 .text          0x00001494        0x4 C:/Program Files (x86)/Atmel/Studio/7.0/Packs/atmel/ATmega_DFP/1.2.150/gcc/dev/atmega2560/avr6/crtatmega2560.o
                0x00001494                __vector_38
                0x00001494                __vector_22
                0x00001494                __vector_28
                0x00001494                __vector_32
                0x00001494                __vector_34
                0x00001494                __vector_24
                0x00001494                __vector_12
                0x00001494                __vector_55
                0x00001494                __vector_46
                0x00001494                __bad_interrupt
                0x00001494                __vector_31
                0x00001494                __vector_35
                0x00001494                __vector_39
                0x00001494                __vector_30
                0x00001494                __vector_45
                0x00001494                __vector_25
                0x00001494                __vector_11
                0x00001494                __vector_54
                0x00001494                __vector_13
                0x00001494                __vector_17
                0x00001494                __vector_19
                0x00001494                __vector_56
                0x00001494                __vector_49
                0x00001494                __vector_41
                0x00001494                __vector_43
                0x00001494                __vector_27
                0x00001494                __vector_33
                0x00001494                __vector_47
                0x00001494                __vector_52
                0x00001494                __vector_37
                0x00001494                __vector_44
                0x00001494                __vector_51
                0x00001494                __vector_9
                0x00001494                __vector_21
                0x00001494                __vector_15
                0x00001494                __vector_36
                0x00001494                __vector_29
                0x00001494                __vector_40
                0x00001494                __vector_26
                0x00001494                __vector_48
                0x00001494                __vector_14
                0x00001494                __vector_53
                0x00001494                __vector_10
                0x00001494                __vector_50
                0x00001494                __vector_16
                0x00001494                __vector_18
                0x00001494                __vector_20
                0x00001494                __vector_42
                0x00001498                . = ALIGN (0x2)
 *(.text.*)
 .text._ZN7Encoder6updateEP24Encoder_internal_state_t
                0x00001498       0x84 Control.o
                0x00001498                _ZN7Encoder6updateEP24Encoder_internal_state_t
 .text._ZN7Encoder4isr5Ev
                0x0000151c        0xa Control.o
                0x0000151c                _ZN7Encoder4isr5Ev
 .text._ZN7Encoder4isr4Ev
                0x00001526        0xa Control.o
                0x00001526                _ZN7Encoder4isr4Ev
 .text._ZN7Encoder4isr3Ev
                0x00001530        0xa Control.o
                0x00001530                _ZN7Encoder4isr3Ev
 .text._ZN7Encoder4isr2Ev
                0x0000153a        0xa Control.o
                0x0000153a                _ZN7Encoder4isr2Ev
 .text._ZN7Encoder4isr1Ev
                0x00001544        0xa Control.o
                0x00001544                _ZN7Encoder4isr1Ev
 .text._ZN7Encoder4isr0Ev
                0x0000154e        0xa Control.o
                0x0000154e                _ZN7Encoder4isr0Ev
 .text._ZN7Encoder16attach_interruptEhP24Encoder_internal_state_t
                0x00001558       0x9e Control.o
                0x00001558                _ZN7Encoder16attach_interruptEhP24Encoder_internal_state_t
 .text._ZN7EncoderC2Ehh
                0x000015f6       0xbc Control.o
                0x000015f6                _ZN7EncoderC1Ehh
                0x000015f6                _ZN7EncoderC2Ehh
 .text._ZN7ControlC2Ev
                0x000016b2       0xd0 Control.o
                0x000016b2                _ZN7ControlC2Ev
                0x000016b2                _ZN7ControlC1Ev
 .text._ZN7Control4initEPN10Parameters8params_tE
                0x00001782       0xb4 Control.o
                0x00001782                _ZN7Control4initEPN10Parameters8params_tE
 .text._ZN7Control7incMenuEv
                0x00001836       0x20 Control.o
                0x00001836                _ZN7Control7incMenuEv
 .text._ZN7Control11setEncodersEv
                0x00001856      0x1be Control.o
                0x00001856                _ZN7Control11setEncodersEv
 .text._ZN7Control10readButtonEv
                0x00001a14       0x72 Control.o
                0x00001a14                _ZN7Control10readButtonEv
 .text._ZN7Control16updateParametersEv
                0x00001a86      0x22a Control.o
                0x00001a86                _ZN7Control16updateParametersEv
 .text._ZN7Control4readEv
                0x00001cb0       0x10 Control.o
                0x00001cb0                _ZN7Control4readEv
 .text.startup._GLOBAL__sub_I__ZN7ControlC2Ev
                0x00001cc0      0x18c Control.o
 .text.exit._GLOBAL__sub_D__ZN7ControlC2Ev
                0x00001e4c       0xf2 Control.o
 .text._ZN14EncoderHandlerC2Ev
                0x00001f3e       0x2c EncoderHandler.o
                0x00001f3e                _ZN14EncoderHandlerC1Ev
                0x00001f3e                _ZN14EncoderHandlerC2Ev
 .text._ZN14EncoderHandler4initEP7Encoderh
                0x00001f6a       0x10 EncoderHandler.o
                0x00001f6a                _ZN14EncoderHandler4initEP7Encoderh
 .text._ZN14EncoderHandler6setMulEff
                0x00001f7a       0x48 EncoderHandler.o
                0x00001f7a                _ZN14EncoderHandler6setMulEff
 .text._ZN14EncoderHandler8setValueEPfff
                0x00001fc2      0x1b4 EncoderHandler.o
                0x00001fc2                _ZN14EncoderHandler8setValueEPfff
 .text._ZN14EncoderHandler8setValueEPhhh
                0x00002176        0x2 EncoderHandler.o
                0x00002176                _ZN14EncoderHandler8setValueEPhhh
 .text._ZN4MenuC2Ev
                0x00002178       0x8c Menu.o
                0x00002178                _ZN4MenuC2Ev
                0x00002178                _ZN4MenuC1Ev
 .text._ZN4Menu4initEP4UTFTPhS2_PN10Parameters8params_tE
                0x00002204       0x1c Menu.o
                0x00002204                _ZN4Menu4initEP4UTFTPhS2_PN10Parameters8params_tE
 .text._ZN4Menu11drawTopMenuEv
                0x00002220      0x1da Menu.o
                0x00002220                _ZN4Menu11drawTopMenuEv
 .text._ZN4Menu16drawBottomLabelsEPK6String
                0x000023fa       0xde Menu.o
                0x000023fa                _ZN4Menu16drawBottomLabelsEPK6String
 .text._ZN4Menu14drawBottomMenuEv
                0x000024d8      0x102 Menu.o
                0x000024d8                _ZN4Menu14drawBottomMenuEv
 .text._ZN4Menu9drawMenusEv
                0x000025da       0x10 Menu.o
                0x000025da                _ZN4Menu9drawMenusEv
 .text._ZN4Menu10drawValuesEv
                0x000025ea      0x5be Menu.o
                0x000025ea                _ZN4Menu10drawValuesEv
 .text.startup._GLOBAL__sub_I__ZN4MenuC2Ev
                0x00002ba8      0x18c Menu.o
 .text.exit._GLOBAL__sub_D__ZN4MenuC2Ev
                0x00002d34       0xf2 Menu.o
 .text._ZN6ScreenC2Ev
                0x00002e26       0x3a Screen.o
                0x00002e26                _ZN6ScreenC2Ev
                0x00002e26                _ZN6ScreenC1Ev
 .text._ZN6Screen4initEP7Control
                0x00002e60       0xb4 Screen.o
                0x00002e60                _ZN6Screen4initEP7Control
 .text._ZN6Screen7displayEv
                0x00002f14       0x92 Screen.o
                0x00002f14                _ZN6Screen7displayEv
 .text.startup._GLOBAL__sub_I__ZN6ScreenC2Ev
                0x00002fa6      0x18c Screen.o
 .text.exit._GLOBAL__sub_D__ZN6ScreenC2Ev
                0x00003132       0xf2 Screen.o
 .text.setup    0x00003224       0x1e Sketch.o
                0x00003224                setup
 .text.loop     0x00003242        0xe Sketch.o
                0x00003242                loop
 .text.startup._GLOBAL__sub_I_parameters
                0x00003250      0x262 Sketch.o
 .text.exit._GLOBAL__sub_D_parameters
                0x000034b2       0xf2 Sketch.o
 .text._ZN4UTFT12LCD_Writ_BusEcch
                0x000035a4      0x32e src/libraries/UTFT/UTFT.o
                0x000035a4                _ZN4UTFT12LCD_Writ_BusEcch
 .text._ZN4UTFT24_set_direction_registersEh
                0x000038d2       0x20 src/libraries/UTFT/UTFT.o
                0x000038d2                _ZN4UTFT24_set_direction_registersEh
 .text._ZN4UTFT13_fast_fill_16Eiil
                0x000038f2      0x264 src/libraries/UTFT/UTFT.o
                0x000038f2                _ZN4UTFT13_fast_fill_16Eiil
 .text._ZN4UTFT12_fast_fill_8Eil
                0x00003b56      0x414 src/libraries/UTFT/UTFT.o
                0x00003b56                _ZN4UTFT12_fast_fill_8Eil
 .text._ZN4UTFTC2Ev
                0x00003f6a        0x2 src/libraries/UTFT/UTFT.o
                0x00003f6a                _ZN4UTFTC1Ev
                0x00003f6a                _ZN4UTFTC2Ev
 .text._ZN4UTFTC2Ehiiiii
                0x00003f6c      0x356 src/libraries/UTFT/UTFT.o
                0x00003f6c                _ZN4UTFTC1Ehiiiii
                0x00003f6c                _ZN4UTFTC2Ehiiiii
 .text._ZN4UTFT13LCD_Write_COMEc
                0x000042c2       0x30 src/libraries/UTFT/UTFT.o
                0x000042c2                _ZN4UTFT13LCD_Write_COMEc
 .text._ZN4UTFT14LCD_Write_DATAEcc
                0x000042f2       0x48 src/libraries/UTFT/UTFT.o
                0x000042f2                _ZN4UTFT14LCD_Write_DATAEcc
 .text._ZN4UTFT14LCD_Write_DATAEc
                0x0000433a       0x30 src/libraries/UTFT/UTFT.o
                0x0000433a                _ZN4UTFT14LCD_Write_DATAEc
 .text._ZN4UTFT18LCD_Write_COM_DATAEci
                0x0000436a       0x1e src/libraries/UTFT/UTFT.o
                0x0000436a                _ZN4UTFT18LCD_Write_COM_DATAEci
 .text._ZN4UTFT5setXYEjjjj
                0x00004388      0x282 src/libraries/UTFT/UTFT.o
                0x00004388                _ZN4UTFT5setXYEjjjj
 .text._ZN4UTFT7InitLCDEh
                0x0000460a     0x25cc src/libraries/UTFT/UTFT.o
                0x0000460a                _ZN4UTFT7InitLCDEh
 .text._ZN4UTFT5clrXYEv
                0x00006bd6       0x2e src/libraries/UTFT/UTFT.o
                0x00006bd6                _ZN4UTFT5clrXYEv
 .text._ZN4UTFT6clrScrEv
                0x00006c04      0x138 src/libraries/UTFT/UTFT.o
                0x00006c04                _ZN4UTFT6clrScrEv
 .text._ZN4UTFT8setColorEj
                0x00006d3c        0x8 src/libraries/UTFT/UTFT.o
                0x00006d3c                _ZN4UTFT8setColorEj
 .text._ZN4UTFT12setBackColorEm
                0x00006d44       0x1c src/libraries/UTFT/UTFT.o
                0x00006d44                _ZN4UTFT12setBackColorEm
 .text._ZN4UTFT8setPixelEj
                0x00006d60        0x8 src/libraries/UTFT/UTFT.o
                0x00006d60                _ZN4UTFT8setPixelEj
 .text._ZN4UTFT9drawHLineEiii
                0x00006d68       0xc4 src/libraries/UTFT/UTFT.o
                0x00006d68                _ZN4UTFT9drawHLineEiii
 .text._ZN4UTFT9drawVLineEiii
                0x00006e2c       0xc4 src/libraries/UTFT/UTFT.o
                0x00006e2c                _ZN4UTFT9drawVLineEiii
 .text._ZN4UTFT8fillRectEiiii
                0x00006ef0      0x1f8 src/libraries/UTFT/UTFT.o
                0x00006ef0                _ZN4UTFT8fillRectEiiii
 .text._ZN4UTFT9printCharEhii
                0x000070e8      0x3b4 src/libraries/UTFT/UTFT.o
                0x000070e8                _ZN4UTFT9printCharEhii
 .text._ZN4UTFT10rotateCharEhiiii
                0x0000749c      0x308 src/libraries/UTFT/UTFT.o
                0x0000749c                _ZN4UTFT10rotateCharEhiiii
 .text._ZN4UTFT5printEPciii
                0x000077a4      0x14e src/libraries/UTFT/UTFT.o
                0x000077a4                _ZN4UTFT5printEPciii
 .text._ZN4UTFT5printE6Stringiii
                0x000078f2       0x8c src/libraries/UTFT/UTFT.o
                0x000078f2                _ZN4UTFT5printE6Stringiii
 .text._ZN4UTFT9printNumIEliiic
                0x0000797e      0x1d2 src/libraries/UTFT/UTFT.o
                0x0000797e                _ZN4UTFT9printNumIEliiic
 .text._ZN4UTFT9printNumFEdhiicic
                0x00007b50      0x108 src/libraries/UTFT/UTFT.o
                0x00007b50                _ZN4UTFT9printNumFEdhiicic
 .text._ZN4UTFT7setFontEPh
                0x00007c58       0x36 src/libraries/UTFT/UTFT.o
                0x00007c58                _ZN4UTFT7setFontEPh
 .text._ZN6WindowC2Ev
                0x00007c8e       0x80 Window.o
                0x00007c8e                _ZN6WindowC2Ev
                0x00007c8e                _ZN6WindowC1Ev
 .text.avr-libc.fplib
                0x00007d0e        0xa c:/program files (x86)/atmel/studio/7.0/toolchain/avr8/avr8-gnu-toolchain/bin/../lib/gcc/avr/5.4.0/../../../../avr/lib/avr6\libm.a(addsf3.o)
                0x00007d0e                __subsf3
                0x00007d10                __addsf3
 .text.avr-libc.fplib
                0x00007d18       0xc0 c:/program files (x86)/atmel/studio/7.0/toolchain/avr8/avr8-gnu-toolchain/bin/../lib/gcc/avr/5.4.0/../../../../avr/lib/avr6\libm.a(addsf3x.o)
                0x00007d32                __addsf3x
 .text.avr-libc.fplib
                0x00007dd8        0x8 c:/program files (x86)/atmel/studio/7.0/toolchain/avr8/avr8-gnu-toolchain/bin/../lib/gcc/avr/5.4.0/../../../../avr/lib/avr6\libm.a(cmpsf2.o)
                0x00007dd8                __nesf2
                0x00007dd8                __eqsf2
                0x00007dd8                __cmpsf2
                0x00007dd8                __ltsf2
                0x00007dd8                __lesf2
 .text.avr-libc.fplib
                0x00007de0        0x6 c:/program files (x86)/atmel/studio/7.0/toolchain/avr8/avr8-gnu-toolchain/bin/../lib/gcc/avr/5.4.0/../../../../avr/lib/avr6\libm.a(cos.o)
                0x00007de0                cos
 .text.avr-libc.fplib
                0x00007de6        0xa c:/program files (x86)/atmel/studio/7.0/toolchain/avr8/avr8-gnu-toolchain/bin/../lib/gcc/avr/5.4.0/../../../../avr/lib/avr6\libm.a(fixsfsi.o)
                0x00007de6                __fixsfsi
 .text.avr-libc.fplib
                0x00007df0       0x58 c:/program files (x86)/atmel/studio/7.0/toolchain/avr8/avr8-gnu-toolchain/bin/../lib/gcc/avr/5.4.0/../../../../avr/lib/avr6\libm.a(fixunssfsi.o)
                0x00007df0                __fixunssfsi
 .text.avr-libc.fplib
                0x00007e48       0x7a c:/program files (x86)/atmel/studio/7.0/toolchain/avr8/avr8-gnu-toolchain/bin/../lib/gcc/avr/5.4.0/../../../../avr/lib/avr6\libm.a(floatsisf.o)
                0x00007e48                __floatunsisf
                0x00007e4c                __floatsisf
 .text.avr-libc.fplib
                0x00007ec2       0x48 c:/program files (x86)/atmel/studio/7.0/toolchain/avr8/avr8-gnu-toolchain/bin/../lib/gcc/avr/5.4.0/../../../../avr/lib/avr6\libm.a(fp_cmp.o)
                0x00007ec2                __fp_cmp
 .text.avr-libc.fplib
                0x00007f0a        0xc c:/program files (x86)/atmel/studio/7.0/toolchain/avr8/avr8-gnu-toolchain/bin/../lib/gcc/avr/5.4.0/../../../../avr/lib/avr6\libm.a(fp_inf.o)
                0x00007f0a                __fp_inf
 .text.avr-libc.fplib
                0x00007f16        0x6 c:/program files (x86)/atmel/studio/7.0/toolchain/avr8/avr8-gnu-toolchain/bin/../lib/gcc/avr/5.4.0/../../../../avr/lib/avr6\libm.a(fp_nan.o)
                0x00007f16                __fp_nan
 .text.avr-libc.fplib
                0x00007f1c        0xe c:/program files (x86)/atmel/studio/7.0/toolchain/avr8/avr8-gnu-toolchain/bin/../lib/gcc/avr/5.4.0/../../../../avr/lib/avr6\libm.a(fp_pscA.o)
                0x00007f1c                __fp_pscA
 .text.avr-libc.fplib
                0x00007f2a        0xe c:/program files (x86)/atmel/studio/7.0/toolchain/avr8/avr8-gnu-toolchain/bin/../lib/gcc/avr/5.4.0/../../../../avr/lib/avr6\libm.a(fp_pscB.o)
                0x00007f2a                __fp_pscB
 .text.avr-libc.fplib
                0x00007f38       0x50 c:/program files (x86)/atmel/studio/7.0/toolchain/avr8/avr8-gnu-toolchain/bin/../lib/gcc/avr/5.4.0/../../../../avr/lib/avr6\libm.a(fp_rempio2.o)
                0x00007f3a                __fp_rempio2
 .text.avr-libc.fplib
                0x00007f88       0x22 c:/program files (x86)/atmel/studio/7.0/toolchain/avr8/avr8-gnu-toolchain/bin/../lib/gcc/avr/5.4.0/../../../../avr/lib/avr6\libm.a(fp_round.o)
                0x00007f88                __fp_round
 .text.avr-libc.fplib
                0x00007faa       0x22 c:/program files (x86)/atmel/studio/7.0/toolchain/avr8/avr8-gnu-toolchain/bin/../lib/gcc/avr/5.4.0/../../../../avr/lib/avr6\libm.a(fp_sinus.o)
                0x00007faa                __fp_sinus
 .text.avr-libc.fplib
                0x00007fcc       0x44 c:/program files (x86)/atmel/studio/7.0/toolchain/avr8/avr8-gnu-toolchain/bin/../lib/gcc/avr/5.4.0/../../../../avr/lib/avr6\libm.a(fp_split3.o)
                0x00007fcc                __fp_split3
                0x00007fdc                __fp_splitA
 .text.avr-libc.fplib
                0x00008010        0xe c:/program files (x86)/atmel/studio/7.0/toolchain/avr8/avr8-gnu-toolchain/bin/../lib/gcc/avr/5.4.0/../../../../avr/lib/avr6\libm.a(fp_zero.o)
                0x00008010                __fp_zero
                0x00008012                __fp_szero
 .text.avr-libc.fplib
                0x0000801e        0x8 c:/program files (x86)/atmel/studio/7.0/toolchain/avr8/avr8-gnu-toolchain/bin/../lib/gcc/avr/5.4.0/../../../../avr/lib/avr6\libm.a(gesf2.o)
                0x0000801e                __gesf2
                0x0000801e                __gtsf2
 .text.avr-libc.fplib
                0x00008026        0x4 c:/program files (x86)/atmel/studio/7.0/toolchain/avr8/avr8-gnu-toolchain/bin/../lib/gcc/avr/5.4.0/../../../../avr/lib/avr6\libm.a(mulsf3.o)
                0x00008026                __mulsf3
 .text.avr-libc.fplib
                0x0000802a       0xc2 c:/program files (x86)/atmel/studio/7.0/toolchain/avr8/avr8-gnu-toolchain/bin/../lib/gcc/avr/5.4.0/../../../../avr/lib/avr6\libm.a(mulsf3x.o)
                0x0000803e                __mulsf3x
                0x00008042                __mulsf3_pse
 .text.avr-libc.fplib
                0x000080ec        0xc c:/program files (x86)/atmel/studio/7.0/toolchain/avr8/avr8-gnu-toolchain/bin/../lib/gcc/avr/5.4.0/../../../../avr/lib/avr6\libm.a(sin.o)
                0x000080ec                sin
 .text.avr-libc.fplib
                0x000080f8       0x1c c:/program files (x86)/atmel/studio/7.0/toolchain/avr8/avr8-gnu-toolchain/bin/../lib/gcc/avr/5.4.0/../../../../avr/lib/avr6\libm.a(fp_mpack.o)
                0x000080f8                __fp_mpack
                0x000080fc                __fp_mpack_finite
 .text.avr-libc.fplib
                0x00008114       0x22 c:/program files (x86)/atmel/studio/7.0/toolchain/avr8/avr8-gnu-toolchain/bin/../lib/gcc/avr/5.4.0/../../../../avr/lib/avr6\libm.a(fp_powsodd.o)
                0x00008114                __fp_powsodd
 .text.avr-libc.fplib
                0x00008136       0x4a c:/program files (x86)/atmel/studio/7.0/toolchain/avr8/avr8-gnu-toolchain/bin/../lib/gcc/avr/5.4.0/../../../../avr/lib/avr6\libm.a(fp_powser.o)
                0x00008136                __fp_powser
 .text.initVariant
                0x00008180        0x2 C:\Users\tiago\DOCUME~1\GitHub\KIDMOD~1\OSCILL~2\OSCILL~3\OSCILL~1\ARDUIN~1\Debug\libArduinoCore.a(main.o)
                0x00008180                initVariant
 .text.startup.main
                0x00008182       0x1a C:\Users\tiago\DOCUME~1\GitHub\KIDMOD~1\OSCILL~2\OSCILL~3\OSCILL~1\ARDUIN~1\Debug\libArduinoCore.a(main.o)
                0x00008182                main
 .text._Znwj    0x0000819c        0x2 C:\Users\tiago\DOCUME~1\GitHub\KIDMOD~1\OSCILL~2\OSCILL~3\OSCILL~1\ARDUIN~1\Debug\libArduinoCore.a(new.o)
                0x0000819c                _Znwj
 .text.nothing  0x0000819e        0x2 C:\Users\tiago\DOCUME~1\GitHub\KIDMOD~1\OSCILL~2\OSCILL~3\OSCILL~1\ARDUIN~1\Debug\libArduinoCore.a(WInterrupts.o)
 .text.attachInterrupt
                0x000081a0       0xe6 C:\Users\tiago\DOCUME~1\GitHub\KIDMOD~1\OSCILL~2\OSCILL~3\OSCILL~1\ARDUIN~1\Debug\libArduinoCore.a(WInterrupts.o)
                0x000081a0                attachInterrupt
 .text.__vector_1
                0x00008286       0x56 C:\Users\tiago\DOCUME~1\GitHub\KIDMOD~1\OSCILL~2\OSCILL~3\OSCILL~1\ARDUIN~1\Debug\libArduinoCore.a(WInterrupts.o)
                0x00008286                __vector_1
 .text.__vector_2
                0x000082dc       0x56 C:\Users\tiago\DOCUME~1\GitHub\KIDMOD~1\OSCILL~2\OSCILL~3\OSCILL~1\ARDUIN~1\Debug\libArduinoCore.a(WInterrupts.o)
                0x000082dc                __vector_2
 .text.__vector_3
                0x00008332       0x56 C:\Users\tiago\DOCUME~1\GitHub\KIDMOD~1\OSCILL~2\OSCILL~3\OSCILL~1\ARDUIN~1\Debug\libArduinoCore.a(WInterrupts.o)
                0x00008332                __vector_3
 .text.__vector_4
                0x00008388       0x56 C:\Users\tiago\DOCUME~1\GitHub\KIDMOD~1\OSCILL~2\OSCILL~3\OSCILL~1\ARDUIN~1\Debug\libArduinoCore.a(WInterrupts.o)
                0x00008388                __vector_4
 .text.__vector_5
                0x000083de       0x56 C:\Users\tiago\DOCUME~1\GitHub\KIDMOD~1\OSCILL~2\OSCILL~3\OSCILL~1\ARDUIN~1\Debug\libArduinoCore.a(WInterrupts.o)
                0x000083de                __vector_5
 .text.__vector_6
                0x00008434       0x56 C:\Users\tiago\DOCUME~1\GitHub\KIDMOD~1\OSCILL~2\OSCILL~3\OSCILL~1\ARDUIN~1\Debug\libArduinoCore.a(WInterrupts.o)
                0x00008434                __vector_6
 .text.__vector_7
                0x0000848a       0x56 C:\Users\tiago\DOCUME~1\GitHub\KIDMOD~1\OSCILL~2\OSCILL~3\OSCILL~1\ARDUIN~1\Debug\libArduinoCore.a(WInterrupts.o)
                0x0000848a                __vector_7
 .text.__vector_8
                0x000084e0       0x56 C:\Users\tiago\DOCUME~1\GitHub\KIDMOD~1\OSCILL~2\OSCILL~3\OSCILL~1\ARDUIN~1\Debug\libArduinoCore.a(WInterrupts.o)
                0x000084e0                __vector_8
 .text.__vector_23
                0x00008536       0x94 C:\Users\tiago\DOCUME~1\GitHub\KIDMOD~1\OSCILL~2\OSCILL~3\OSCILL~1\ARDUIN~1\Debug\libArduinoCore.a(wiring.o)
                0x00008536                __vector_23
 .text.micros   0x000085ca       0x4a C:\Users\tiago\DOCUME~1\GitHub\KIDMOD~1\OSCILL~2\OSCILL~3\OSCILL~1\ARDUIN~1\Debug\libArduinoCore.a(wiring.o)
                0x000085ca                micros
 .text.delay    0x00008614       0x72 C:\Users\tiago\DOCUME~1\GitHub\KIDMOD~1\OSCILL~2\OSCILL~3\OSCILL~1\ARDUIN~1\Debug\libArduinoCore.a(wiring.o)
                0x00008614                delay
 .text.delayMicroseconds
                0x00008686       0x16 C:\Users\tiago\DOCUME~1\GitHub\KIDMOD~1\OSCILL~2\OSCILL~3\OSCILL~1\ARDUIN~1\Debug\libArduinoCore.a(wiring.o)
                0x00008686                delayMicroseconds
 .text.init     0x0000869c       0xc4 C:\Users\tiago\DOCUME~1\GitHub\KIDMOD~1\OSCILL~2\OSCILL~3\OSCILL~1\ARDUIN~1\Debug\libArduinoCore.a(wiring.o)
                0x0000869c                init
 .text.turnOffPWM
                0x00008760       0xaa C:\Users\tiago\DOCUME~1\GitHub\KIDMOD~1\OSCILL~2\OSCILL~3\OSCILL~1\ARDUIN~1\Debug\libArduinoCore.a(wiring_digital.o)
 .text.pinMode  0x0000880a       0x78 C:\Users\tiago\DOCUME~1\GitHub\KIDMOD~1\OSCILL~2\OSCILL~3\OSCILL~1\ARDUIN~1\Debug\libArduinoCore.a(wiring_digital.o)
                0x0000880a                pinMode
 .text.digitalWrite
                0x00008882       0x5c C:\Users\tiago\DOCUME~1\GitHub\KIDMOD~1\OSCILL~2\OSCILL~3\OSCILL~1\ARDUIN~1\Debug\libArduinoCore.a(wiring_digital.o)
                0x00008882                digitalWrite
 .text.digitalRead
                0x000088de       0x50 C:\Users\tiago\DOCUME~1\GitHub\KIDMOD~1\OSCILL~2\OSCILL~3\OSCILL~1\ARDUIN~1\Debug\libArduinoCore.a(wiring_digital.o)
                0x000088de                digitalRead
 .text._ZN6StringD2Ev
                0x0000892e        0x8 C:\Users\tiago\DOCUME~1\GitHub\KIDMOD~1\OSCILL~2\OSCILL~3\OSCILL~1\ARDUIN~1\Debug\libArduinoCore.a(WString.o)
                0x0000892e                _ZN6StringD2Ev
                0x0000892e                _ZN6StringD1Ev
 .text._ZN6String10invalidateEv
                0x00008936       0x22 C:\Users\tiago\DOCUME~1\GitHub\KIDMOD~1\OSCILL~2\OSCILL~3\OSCILL~1\ARDUIN~1\Debug\libArduinoCore.a(WString.o)
                0x00008936                _ZN6String10invalidateEv
 .text._ZN6String12changeBufferEj
                0x00008958       0x32 C:\Users\tiago\DOCUME~1\GitHub\KIDMOD~1\OSCILL~2\OSCILL~3\OSCILL~1\ARDUIN~1\Debug\libArduinoCore.a(WString.o)
                0x00008958                _ZN6String12changeBufferEj
 .text._ZN6String7reserveEj
                0x0000898a       0x36 C:\Users\tiago\DOCUME~1\GitHub\KIDMOD~1\OSCILL~2\OSCILL~3\OSCILL~1\ARDUIN~1\Debug\libArduinoCore.a(WString.o)
                0x0000898a                _ZN6String7reserveEj
 .text._ZN6String4copyEPKcj
                0x000089c0       0x3c C:\Users\tiago\DOCUME~1\GitHub\KIDMOD~1\OSCILL~2\OSCILL~3\OSCILL~1\ARDUIN~1\Debug\libArduinoCore.a(WString.o)
                0x000089c0                _ZN6String4copyEPKcj
 .text._ZN6StringC2EPKc
                0x000089fc       0x28 C:\Users\tiago\DOCUME~1\GitHub\KIDMOD~1\OSCILL~2\OSCILL~3\OSCILL~1\ARDUIN~1\Debug\libArduinoCore.a(WString.o)
                0x000089fc                _ZN6StringC2EPKc
                0x000089fc                _ZN6StringC1EPKc
 .text._ZN6StringaSERKS_
                0x00008a24       0x2a C:\Users\tiago\DOCUME~1\GitHub\KIDMOD~1\OSCILL~2\OSCILL~3\OSCILL~1\ARDUIN~1\Debug\libArduinoCore.a(WString.o)
                0x00008a24                _ZN6StringaSERKS_
 .text._ZN6StringC2ERKS_
                0x00008a4e       0x10 C:\Users\tiago\DOCUME~1\GitHub\KIDMOD~1\OSCILL~2\OSCILL~3\OSCILL~1\ARDUIN~1\Debug\libArduinoCore.a(WString.o)
                0x00008a4e                _ZN6StringC2ERKS_
                0x00008a4e                _ZN6StringC1ERKS_
 .text._ZNK6String8getBytesEPhjj
                0x00008a5e       0x5c C:\Users\tiago\DOCUME~1\GitHub\KIDMOD~1\OSCILL~2\OSCILL~3\OSCILL~1\ARDUIN~1\Debug\libArduinoCore.a(WString.o)
                0x00008a5e                _ZNK6String8getBytesEPhjj
 .text.__empty  0x00008aba        0x2 C:\Users\tiago\DOCUME~1\GitHub\KIDMOD~1\OSCILL~2\OSCILL~3\OSCILL~1\ARDUIN~1\Debug\libArduinoCore.a(hooks.o)
                0x00008aba                yield
 .text.libgcc.mul
                0x00008abc       0x1e c:/program files (x86)/atmel/studio/7.0/toolchain/avr8/avr8-gnu-toolchain/bin/../lib/gcc/avr/5.4.0/avr6\libgcc.a(_mulsi3.o)
                0x00008abc                __mulsi3
 .text.libgcc.div
                0x00008ada       0x28 c:/program files (x86)/atmel/studio/7.0/toolchain/avr8/avr8-gnu-toolchain/bin/../lib/gcc/avr/5.4.0/avr6\libgcc.a(_udivmodhi4.o)
                0x00008ada                __udivmodhi4
 .text.libgcc.div
                0x00008b02       0x28 c:/program files (x86)/atmel/studio/7.0/toolchain/avr8/avr8-gnu-toolchain/bin/../lib/gcc/avr/5.4.0/avr6\libgcc.a(_divmodsi4.o)
                0x00008b02                __divmodsi4
 .text.libgcc.div
                0x00008b2a       0x10 c:/program files (x86)/atmel/studio/7.0/toolchain/avr8/avr8-gnu-toolchain/bin/../lib/gcc/avr/5.4.0/avr6\libgcc.a(_negsi2.o)
                0x00008b2a                __negsi2
 .text.libgcc   0x00008b3a       0x10 c:/program files (x86)/atmel/studio/7.0/toolchain/avr8/avr8-gnu-toolchain/bin/../lib/gcc/avr/5.4.0/avr6\libgcc.a(_tablejump2.o)
                0x00008b3a                __tablejump2__
 .text.libgcc.mul
                0x00008b4a       0x14 c:/program files (x86)/atmel/studio/7.0/toolchain/avr8/avr8-gnu-toolchain/bin/../lib/gcc/avr/5.4.0/avr6\libgcc.a(_muluhisi3.o)
                0x00008b4a                __muluhisi3
 .text.libgcc.div
                0x00008b5e       0x44 c:/program files (x86)/atmel/studio/7.0/toolchain/avr8/avr8-gnu-toolchain/bin/../lib/gcc/avr/5.4.0/avr6\libgcc.a(_udivmodsi4.o)
                0x00008b5e                __udivmodsi4
 .text.libgcc.mul
                0x00008ba2       0x1e c:/program files (x86)/atmel/studio/7.0/toolchain/avr8/avr8-gnu-toolchain/bin/../lib/gcc/avr/5.4.0/avr6\libgcc.a(_umulhisi3.o)
                0x00008ba2                __umulhisi3
 .text.avr-libc
                0x00008bc0       0x3e c:/program files (x86)/atmel/studio/7.0/toolchain/avr8/avr8-gnu-toolchain/bin/../lib/gcc/avr/5.4.0/../../../../avr/lib/avr6\libc.a(dtostrf.o)
                0x00008bc0                dtostrf
 .text.avr-libc
                0x00008bfe      0x242 c:/program files (x86)/atmel/studio/7.0/toolchain/avr8/avr8-gnu-toolchain/bin/../lib/gcc/avr/5.4.0/../../../../avr/lib/avr6\libc.a(malloc.o)
                0x00008bfe                malloc
                0x00008d2e                free
 .text.avr-libc
                0x00008e40      0x1c0 c:/program files (x86)/atmel/studio/7.0/toolchain/avr8/avr8-gnu-toolchain/bin/../lib/gcc/avr/5.4.0/../../../../avr/lib/avr6\libc.a(realloc.o)
                0x00008e40                realloc
 .text.avr-libc
                0x00009000       0x12 c:/program files (x86)/atmel/studio/7.0/toolchain/avr8/avr8-gnu-toolchain/bin/../lib/gcc/avr/5.4.0/../../../../avr/lib/avr6\libc.a(memcpy.o)
                0x00009000                memcpy
 .text.avr-libc
                0x00009012        0xe c:/program files (x86)/atmel/studio/7.0/toolchain/avr8/avr8-gnu-toolchain/bin/../lib/gcc/avr/5.4.0/../../../../avr/lib/avr6\libc.a(strcpy.o)
                0x00009012                strcpy
 .text.avr-libc
                0x00009020       0x1e c:/program files (x86)/atmel/studio/7.0/toolchain/avr8/avr8-gnu-toolchain/bin/../lib/gcc/avr/5.4.0/../../../../avr/lib/avr6\libc.a(strncpy.o)
                0x00009020                strncpy
 .text.avr-libc
                0x0000903e      0x2ec c:/program files (x86)/atmel/studio/7.0/toolchain/avr8/avr8-gnu-toolchain/bin/../lib/gcc/avr/5.4.0/../../../../avr/lib/avr6\libc.a(dtoa_prf.o)
                0x0000903e                dtoa_prf
 .text.avr-libc
                0x0000932a      0x1b0 c:/program files (x86)/atmel/studio/7.0/toolchain/avr8/avr8-gnu-toolchain/bin/../lib/gcc/avr/5.4.0/../../../../avr/lib/avr6\libc.a(ftoa_engine.o)
                0x0000932a                __ftoa_engine
                0x000094da                . = ALIGN (0x2)
 *(.fini9)
 .fini9         0x000094da        0x0 c:/program files (x86)/atmel/studio/7.0/toolchain/avr8/avr8-gnu-toolchain/bin/../lib/gcc/avr/5.4.0/avr6\libgcc.a(_exit.o)
                0x000094da                _exit
                0x000094da                exit
 *(.fini9)
 *(.fini8)
 *(.fini8)
 *(.fini7)
 *(.fini7)
 *(.fini6)
 .fini6         0x000094da       0x1e c:/program files (x86)/atmel/studio/7.0/toolchain/avr8/avr8-gnu-toolchain/bin/../lib/gcc/avr/5.4.0/avr6\libgcc.a(_dtors.o)
                0x000094da                __do_global_dtors
 *(.fini6)
 *(.fini5)
 *(.fini5)
 *(.fini4)
 *(.fini4)
 *(.fini3)
 *(.fini3)
 *(.fini2)
 *(.fini2)
 *(.fini1)
 *(.fini1)
 *(.fini0)
 .fini0         0x000094f8        0x4 c:/program files (x86)/atmel/studio/7.0/toolchain/avr8/avr8-gnu-toolchain/bin/../lib/gcc/avr/5.4.0/avr6\libgcc.a(_exit.o)
 *(.fini0)
                0x000094fc                _etext = .

.data           0x00800200      0x164 load address 0x000094fc
                0x00800200                PROVIDE (__data_start, .)
 *(.data)
 .data          0x00800200        0x6 c:/program files (x86)/atmel/studio/7.0/toolchain/avr8/avr8-gnu-toolchain/bin/../lib/gcc/avr/5.4.0/../../../../avr/lib/avr6\libc.a(malloc.o)
                0x00800200                __malloc_heap_end
                0x00800202                __malloc_heap_start
                0x00800204                __malloc_margin
 *(.data*)
 .data.intFunc  0x00800206       0x10 C:\Users\tiago\DOCUME~1\GitHub\KIDMOD~1\OSCILL~2\OSCILL~3\OSCILL~1\ARDUIN~1\Debug\libArduinoCore.a(WInterrupts.o)
 *(.gnu.linkonce.d*)
 *(.rodata)
 .rodata        0x00800216       0xa0 src/libraries/UTFT/UTFT.o
 *(.rodata*)
 .rodata.str1.1
                0x008002b6       0xad Control.o
                                 0xae (size before relaxing)
 .rodata.str1.1
                0x00800363       0xae Menu.o
 .rodata.str1.1
                0x00800363       0xae Screen.o
 .rodata.str1.1
                0x00800363       0xae Sketch.o
 *(.gnu.linkonce.r*)
                0x00800412                . = ALIGN (0x2)
 *fill*         0x00800363        0x1 
                0x00800364                _edata = .
                0x00800364                PROVIDE (__data_end, .)

.bss            0x00800364      0x5a4
                0x00800364                PROVIDE (__bss_start, .)
 *(.bss)
 *(.bss*)
 .bss._ZL7fxNames
                0x00800364       0x30 Control.o
 .bss._ZL9waveNames
                0x00800394       0x18 Control.o
 .bss._ZL10settLabels
                0x008003ac       0x18 Control.o
 .bss._ZL8fxLabels
                0x008003c4       0x18 Control.o
 .bss._ZL9envLabels
                0x008003dc       0x18 Control.o
 .bss._ZL9filLabels
                0x008003f4       0x18 Control.o
 .bss._ZL9oscLabels
                0x0080040c       0x18 Control.o
 .bss._ZL8tmLabels
                0x00800424       0x1e Control.o
 .bss._ZL7fxNames
                0x00800442       0x30 Menu.o
 .bss._ZL9waveNames
                0x00800472       0x18 Menu.o
 .bss._ZL10settLabels
                0x0080048a       0x18 Menu.o
 .bss._ZL8fxLabels
                0x008004a2       0x18 Menu.o
 .bss._ZL9envLabels
                0x008004ba       0x18 Menu.o
 .bss._ZL9filLabels
                0x008004d2       0x18 Menu.o
 .bss._ZL9oscLabels
                0x008004ea       0x18 Menu.o
 .bss._ZL8tmLabels
                0x00800502       0x1e Menu.o
 .bss._ZL7fxNames
                0x00800520       0x30 Screen.o
 .bss._ZL9waveNames
                0x00800550       0x18 Screen.o
 .bss._ZL10settLabels
                0x00800568       0x18 Screen.o
 .bss._ZL8fxLabels
                0x00800580       0x18 Screen.o
 .bss._ZL9envLabels
                0x00800598       0x18 Screen.o
 .bss._ZL9filLabels
                0x008005b0       0x18 Screen.o
 .bss._ZL9oscLabels
                0x008005c8       0x18 Screen.o
 .bss._ZL8tmLabels
                0x008005e0       0x1e Screen.o
 .bss.screen    0x008005fe      0x126 Sketch.o
                0x008005fe                screen
 .bss.control   0x00800724       0xc6 Sketch.o
                0x00800724                control
 .bss.parameters
                0x008007ea       0x27 Sketch.o
                0x008007ea                parameters
 .bss._ZL7fxNames
                0x00800811       0x30 Sketch.o
 .bss._ZL9waveNames
                0x00800841       0x18 Sketch.o
 .bss._ZL10settLabels
                0x00800859       0x18 Sketch.o
 .bss._ZL8fxLabels
                0x00800871       0x18 Sketch.o
 .bss._ZL9envLabels
                0x00800889       0x18 Sketch.o
 .bss._ZL9filLabels
                0x008008a1       0x18 Sketch.o
 .bss._ZL9oscLabels
                0x008008b9       0x18 Sketch.o
 .bss._ZL8tmLabels
                0x008008d1       0x1e Sketch.o
 .bss._ZN7Encoder13interruptArgsE
                0x008008ef        0xc src/libraries/Encoder-1.4/Encoder.o
                0x008008ef                _ZN7Encoder13interruptArgsE
 .bss.timer0_fract
                0x008008fb        0x1 C:\Users\tiago\DOCUME~1\GitHub\KIDMOD~1\OSCILL~2\OSCILL~3\OSCILL~1\ARDUIN~1\Debug\libArduinoCore.a(wiring.o)
 .bss.timer0_millis
                0x008008fc        0x4 C:\Users\tiago\DOCUME~1\GitHub\KIDMOD~1\OSCILL~2\OSCILL~3\OSCILL~1\ARDUIN~1\Debug\libArduinoCore.a(wiring.o)
                0x008008fc                timer0_millis
 .bss.timer0_overflow_count
                0x00800900        0x4 C:\Users\tiago\DOCUME~1\GitHub\KIDMOD~1\OSCILL~2\OSCILL~3\OSCILL~1\ARDUIN~1\Debug\libArduinoCore.a(wiring.o)
                0x00800900                timer0_overflow_count
 *(COMMON)
 COMMON         0x00800904        0x4 c:/program files (x86)/atmel/studio/7.0/toolchain/avr8/avr8-gnu-toolchain/bin/../lib/gcc/avr/5.4.0/../../../../avr/lib/avr6\libc.a(malloc.o)
                0x00800904                __brkval
                0x00800906                __flp
                0x00800908                PROVIDE (__bss_end, .)
                0x000094fc                __data_load_start = LOADADDR (.data)
                0x00009660                __data_load_end = (__data_load_start + SIZEOF (.data))

.noinit         0x00800908        0x0
                [!provide]                PROVIDE (__noinit_start, .)
 *(.noinit*)
                [!provide]                PROVIDE (__noinit_end, .)
                0x00800908                _end = .
                0x00800908                PROVIDE (__heap_start, .)

.eeprom         0x00810000        0x0
 *(.eeprom*)
                0x00810000                __eeprom_end = .

.fuse
 *(.fuse)
 *(.lfuse)
 *(.hfuse)
 *(.efuse)

.lock
 *(.lock*)

.signature
 *(.signature*)

.user_signatures
 *(.user_signatures*)

.stab
 *(.stab)

.stabstr
 *(.stabstr)

.stab.excl
 *(.stab.excl)

.stab.exclstr
 *(.stab.exclstr)

.stab.index
 *(.stab.index)

.stab.indexstr
 *(.stab.indexstr)

.comment        0x00000000       0x30
 *(.comment)
 .comment       0x00000000       0x30 Control.o
                                 0x31 (size before relaxing)
 .comment       0x00000030       0x31 EncoderHandler.o
 .comment       0x00000030       0x31 Menu.o
 .comment       0x00000030       0x31 Screen.o
 .comment       0x00000030       0x31 Sketch.o
 .comment       0x00000030       0x31 src/libraries/Encoder-1.4/Encoder.o
 .comment       0x00000030       0x31 src/libraries/UTFT/DefaultFonts.o
 .comment       0x00000030       0x31 src/libraries/UTFT/UTFT.o
 .comment       0x00000030       0x31 Window.o
 .comment       0x00000030       0x31 C:\Users\tiago\DOCUME~1\GitHub\KIDMOD~1\OSCILL~2\OSCILL~3\OSCILL~1\ARDUIN~1\Debug\libArduinoCore.a(main.o)
 .comment       0x00000030       0x31 C:\Users\tiago\DOCUME~1\GitHub\KIDMOD~1\OSCILL~2\OSCILL~3\OSCILL~1\ARDUIN~1\Debug\libArduinoCore.a(new.o)
 .comment       0x00000030       0x31 C:\Users\tiago\DOCUME~1\GitHub\KIDMOD~1\OSCILL~2\OSCILL~3\OSCILL~1\ARDUIN~1\Debug\libArduinoCore.a(WInterrupts.o)
 .comment       0x00000030       0x31 C:\Users\tiago\DOCUME~1\GitHub\KIDMOD~1\OSCILL~2\OSCILL~3\OSCILL~1\ARDUIN~1\Debug\libArduinoCore.a(wiring.o)
 .comment       0x00000030       0x31 C:\Users\tiago\DOCUME~1\GitHub\KIDMOD~1\OSCILL~2\OSCILL~3\OSCILL~1\ARDUIN~1\Debug\libArduinoCore.a(wiring_digital.o)
 .comment       0x00000030       0x31 C:\Users\tiago\DOCUME~1\GitHub\KIDMOD~1\OSCILL~2\OSCILL~3\OSCILL~1\ARDUIN~1\Debug\libArduinoCore.a(WString.o)
 .comment       0x00000030       0x31 C:\Users\tiago\DOCUME~1\GitHub\KIDMOD~1\OSCILL~2\OSCILL~3\OSCILL~1\ARDUIN~1\Debug\libArduinoCore.a(hooks.o)
 .comment       0x00000030       0x31 c:/program files (x86)/atmel/studio/7.0/toolchain/avr8/avr8-gnu-toolchain/bin/../lib/gcc/avr/5.4.0/../../../../avr/lib/avr6\libc.a(dtostrf.o)
 .comment       0x00000030       0x31 c:/program files (x86)/atmel/studio/7.0/toolchain/avr8/avr8-gnu-toolchain/bin/../lib/gcc/avr/5.4.0/../../../../avr/lib/avr6\libc.a(malloc.o)
 .comment       0x00000030       0x31 c:/program files (x86)/atmel/studio/7.0/toolchain/avr8/avr8-gnu-toolchain/bin/../lib/gcc/avr/5.4.0/../../../../avr/lib/avr6\libc.a(realloc.o)
 .comment       0x00000030       0x31 c:/program files (x86)/atmel/studio/7.0/toolchain/avr8/avr8-gnu-toolchain/bin/../lib/gcc/avr/5.4.0/../../../../avr/lib/avr6\libc.a(dtoa_prf.o)

.note.gnu.avr.deviceinfo
                0x00000000       0x40
 .note.gnu.avr.deviceinfo
                0x00000000       0x40 C:/Program Files (x86)/Atmel/Studio/7.0/Packs/atmel/ATmega_DFP/1.2.150/gcc/dev/atmega2560/avr6/crtatmega2560.o

.note.gnu.build-id
 *(.note.gnu.build-id)

.debug
 *(.debug)

.line
 *(.line)

.debug_srcinfo
 *(.debug_srcinfo)

.debug_sfnames
 *(.debug_sfnames)

.debug_aranges  0x00000000      0x838
 *(.debug_aranges)
 .debug_aranges
                0x00000000       0xb0 Control.o
 .debug_aranges
                0x000000b0       0x60 EncoderHandler.o
 .debug_aranges
                0x00000110       0x60 Menu.o
 .debug_aranges
                0x00000170       0x40 Screen.o
 .debug_aranges
                0x000001b0       0x38 Sketch.o
 .debug_aranges
                0x000001e8       0x18 src/libraries/Encoder-1.4/Encoder.o
 .debug_aranges
                0x00000200       0x18 src/libraries/UTFT/DefaultFonts.o
 .debug_aranges
                0x00000218      0x1d0 src/libraries/UTFT/UTFT.o
 .debug_aranges
                0x000003e8       0x30 Window.o
 .debug_aranges
                0x00000418       0x30 C:\Users\tiago\DOCUME~1\GitHub\KIDMOD~1\OSCILL~2\OSCILL~3\OSCILL~1\ARDUIN~1\Debug\libArduinoCore.a(main.o)
 .debug_aranges
                0x00000448       0x28 C:\Users\tiago\DOCUME~1\GitHub\KIDMOD~1\OSCILL~2\OSCILL~3\OSCILL~1\ARDUIN~1\Debug\libArduinoCore.a(new.o)
 .debug_aranges
                0x00000470       0x70 C:\Users\tiago\DOCUME~1\GitHub\KIDMOD~1\OSCILL~2\OSCILL~3\OSCILL~1\ARDUIN~1\Debug\libArduinoCore.a(WInterrupts.o)
 .debug_aranges
                0x000004e0       0x48 C:\Users\tiago\DOCUME~1\GitHub\KIDMOD~1\OSCILL~2\OSCILL~3\OSCILL~1\ARDUIN~1\Debug\libArduinoCore.a(wiring.o)
 .debug_aranges
                0x00000528       0x38 C:\Users\tiago\DOCUME~1\GitHub\KIDMOD~1\OSCILL~2\OSCILL~3\OSCILL~1\ARDUIN~1\Debug\libArduinoCore.a(wiring_digital.o)
 .debug_aranges
                0x00000560      0x2b8 C:\Users\tiago\DOCUME~1\GitHub\KIDMOD~1\OSCILL~2\OSCILL~3\OSCILL~1\ARDUIN~1\Debug\libArduinoCore.a(WString.o)
 .debug_aranges
                0x00000818       0x20 C:\Users\tiago\DOCUME~1\GitHub\KIDMOD~1\OSCILL~2\OSCILL~3\OSCILL~1\ARDUIN~1\Debug\libArduinoCore.a(hooks.o)

.debug_pubnames
 *(.debug_pubnames)

.debug_info     0x00000000    0x25270
 *(.debug_info .gnu.linkonce.wi.*)
 .debug_info    0x00000000      0xbbc C:/Program Files (x86)/Atmel/Studio/7.0/Packs/atmel/ATmega_DFP/1.2.150/gcc/dev/atmega2560/avr6/crtatmega2560.o
 .debug_info    0x00000bbc     0x33ed Control.o
 .debug_info    0x00003fa9      0xa47 EncoderHandler.o
 .debug_info    0x000049f0     0x34a0 Menu.o
 .debug_info    0x00007e90     0x36a1 Screen.o
 .debug_info    0x0000b531     0x35fd Sketch.o
 .debug_info    0x0000eb2e      0x406 src/libraries/Encoder-1.4/Encoder.o
 .debug_info    0x0000ef34       0xe5 src/libraries/UTFT/DefaultFonts.o
 .debug_info    0x0000f019     0xedc8 src/libraries/UTFT/UTFT.o
 .debug_info    0x0001dde1     0x2104 Window.o
 .debug_info    0x0001fee5      0x295 C:\Users\tiago\DOCUME~1\GitHub\KIDMOD~1\OSCILL~2\OSCILL~3\OSCILL~1\ARDUIN~1\Debug\libArduinoCore.a(main.o)
 .debug_info    0x0002017a      0x11c C:\Users\tiago\DOCUME~1\GitHub\KIDMOD~1\OSCILL~2\OSCILL~3\OSCILL~1\ARDUIN~1\Debug\libArduinoCore.a(new.o)
 .debug_info    0x00020296      0x301 C:\Users\tiago\DOCUME~1\GitHub\KIDMOD~1\OSCILL~2\OSCILL~3\OSCILL~1\ARDUIN~1\Debug\libArduinoCore.a(WInterrupts.o)
 .debug_info    0x00020597      0x329 C:\Users\tiago\DOCUME~1\GitHub\KIDMOD~1\OSCILL~2\OSCILL~3\OSCILL~1\ARDUIN~1\Debug\libArduinoCore.a(wiring.o)
 .debug_info    0x000208c0      0x63a C:\Users\tiago\DOCUME~1\GitHub\KIDMOD~1\OSCILL~2\OSCILL~3\OSCILL~1\ARDUIN~1\Debug\libArduinoCore.a(wiring_digital.o)
 .debug_info    0x00020efa     0x4338 C:\Users\tiago\DOCUME~1\GitHub\KIDMOD~1\OSCILL~2\OSCILL~3\OSCILL~1\ARDUIN~1\Debug\libArduinoCore.a(WString.o)
 .debug_info    0x00025232       0x3e C:\Users\tiago\DOCUME~1\GitHub\KIDMOD~1\OSCILL~2\OSCILL~3\OSCILL~1\ARDUIN~1\Debug\libArduinoCore.a(hooks.o)

.debug_abbrev   0x00000000     0x341a
 *(.debug_abbrev)
 .debug_abbrev  0x00000000      0xb1a C:/Program Files (x86)/Atmel/Studio/7.0/Packs/atmel/ATmega_DFP/1.2.150/gcc/dev/atmega2560/avr6/crtatmega2560.o
 .debug_abbrev  0x00000b1a      0x4d2 Control.o
 .debug_abbrev  0x00000fec      0x335 EncoderHandler.o
 .debug_abbrev  0x00001321      0x3ed Menu.o
 .debug_abbrev  0x0000170e      0x441 Screen.o
 .debug_abbrev  0x00001b4f      0x45a Sketch.o
 .debug_abbrev  0x00001fa9      0x18f src/libraries/Encoder-1.4/Encoder.o
 .debug_abbrev  0x00002138       0x5d src/libraries/UTFT/DefaultFonts.o
 .debug_abbrev  0x00002195      0x539 src/libraries/UTFT/UTFT.o
 .debug_abbrev  0x000026ce      0x2d8 Window.o
 .debug_abbrev  0x000029a6      0x12d C:\Users\tiago\DOCUME~1\GitHub\KIDMOD~1\OSCILL~2\OSCILL~3\OSCILL~1\ARDUIN~1\Debug\libArduinoCore.a(main.o)
 .debug_abbrev  0x00002ad3       0xce C:\Users\tiago\DOCUME~1\GitHub\KIDMOD~1\OSCILL~2\OSCILL~3\OSCILL~1\ARDUIN~1\Debug\libArduinoCore.a(new.o)
 .debug_abbrev  0x00002ba1       0xed C:\Users\tiago\DOCUME~1\GitHub\KIDMOD~1\OSCILL~2\OSCILL~3\OSCILL~1\ARDUIN~1\Debug\libArduinoCore.a(WInterrupts.o)
 .debug_abbrev  0x00002c8e      0x146 C:\Users\tiago\DOCUME~1\GitHub\KIDMOD~1\OSCILL~2\OSCILL~3\OSCILL~1\ARDUIN~1\Debug\libArduinoCore.a(wiring.o)
 .debug_abbrev  0x00002dd4      0x15a C:\Users\tiago\DOCUME~1\GitHub\KIDMOD~1\OSCILL~2\OSCILL~3\OSCILL~1\ARDUIN~1\Debug\libArduinoCore.a(wiring_digital.o)
 .debug_abbrev  0x00002f2e      0x4c2 C:\Users\tiago\DOCUME~1\GitHub\KIDMOD~1\OSCILL~2\OSCILL~3\OSCILL~1\ARDUIN~1\Debug\libArduinoCore.a(WString.o)
 .debug_abbrev  0x000033f0       0x2a C:\Users\tiago\DOCUME~1\GitHub\KIDMOD~1\OSCILL~2\OSCILL~3\OSCILL~1\ARDUIN~1\Debug\libArduinoCore.a(hooks.o)

.debug_line     0x00000000     0x7531
 *(.debug_line .debug_line.* .debug_line_end)
 .debug_line    0x00000000      0x1f9 C:/Program Files (x86)/Atmel/Studio/7.0/Packs/atmel/ATmega_DFP/1.2.150/gcc/dev/atmega2560/avr6/crtatmega2560.o
 .debug_line    0x000001f9      0x66b Control.o
 .debug_line    0x00000864      0x33e EncoderHandler.o
 .debug_line    0x00000ba2      0x48f Menu.o
 .debug_line    0x00001031      0x334 Screen.o
 .debug_line    0x00001365      0x351 Sketch.o
 .debug_line    0x000016b6      0x14a src/libraries/Encoder-1.4/Encoder.o
 .debug_line    0x00001800       0xa4 src/libraries/UTFT/DefaultFonts.o
 .debug_line    0x000018a4     0x3caa src/libraries/UTFT/UTFT.o
 .debug_line    0x0000554e      0x194 Window.o
 .debug_line    0x000056e2      0x161 C:\Users\tiago\DOCUME~1\GitHub\KIDMOD~1\OSCILL~2\OSCILL~3\OSCILL~1\ARDUIN~1\Debug\libArduinoCore.a(main.o)
 .debug_line    0x00005843      0x12f C:\Users\tiago\DOCUME~1\GitHub\KIDMOD~1\OSCILL~2\OSCILL~3\OSCILL~1\ARDUIN~1\Debug\libArduinoCore.a(new.o)
 .debug_line    0x00005972      0x2da C:\Users\tiago\DOCUME~1\GitHub\KIDMOD~1\OSCILL~2\OSCILL~3\OSCILL~1\ARDUIN~1\Debug\libArduinoCore.a(WInterrupts.o)
 .debug_line    0x00005c4c      0x2cb C:\Users\tiago\DOCUME~1\GitHub\KIDMOD~1\OSCILL~2\OSCILL~3\OSCILL~1\ARDUIN~1\Debug\libArduinoCore.a(wiring.o)
 .debug_line    0x00005f17      0x284 C:\Users\tiago\DOCUME~1\GitHub\KIDMOD~1\OSCILL~2\OSCILL~3\OSCILL~1\ARDUIN~1\Debug\libArduinoCore.a(wiring_digital.o)
 .debug_line    0x0000619b     0x1355 C:\Users\tiago\DOCUME~1\GitHub\KIDMOD~1\OSCILL~2\OSCILL~3\OSCILL~1\ARDUIN~1\Debug\libArduinoCore.a(WString.o)
 .debug_line    0x000074f0       0x41 C:\Users\tiago\DOCUME~1\GitHub\KIDMOD~1\OSCILL~2\OSCILL~3\OSCILL~1\ARDUIN~1\Debug\libArduinoCore.a(hooks.o)

.debug_frame    0x00000000     0x21a8
 *(.debug_frame)
 .debug_frame   0x00000000      0x218 Control.o
 .debug_frame   0x00000218      0x168 EncoderHandler.o
 .debug_frame   0x00000380      0x1f4 Menu.o
 .debug_frame   0x00000574       0xe4 Screen.o
 .debug_frame   0x00000658       0x6c Sketch.o
 .debug_frame   0x000006c4      0xaf0 src/libraries/UTFT/UTFT.o
 .debug_frame   0x000011b4       0x84 Window.o
 .debug_frame   0x00001238       0x54 C:\Users\tiago\DOCUME~1\GitHub\KIDMOD~1\OSCILL~2\OSCILL~3\OSCILL~1\ARDUIN~1\Debug\libArduinoCore.a(main.o)
 .debug_frame   0x0000128c       0x54 C:\Users\tiago\DOCUME~1\GitHub\KIDMOD~1\OSCILL~2\OSCILL~3\OSCILL~1\ARDUIN~1\Debug\libArduinoCore.a(new.o)
 .debug_frame   0x000012e0      0x304 C:\Users\tiago\DOCUME~1\GitHub\KIDMOD~1\OSCILL~2\OSCILL~3\OSCILL~1\ARDUIN~1\Debug\libArduinoCore.a(WInterrupts.o)
 .debug_frame   0x000015e4       0xc4 C:\Users\tiago\DOCUME~1\GitHub\KIDMOD~1\OSCILL~2\OSCILL~3\OSCILL~1\ARDUIN~1\Debug\libArduinoCore.a(wiring.o)
 .debug_frame   0x000016a8       0x7c C:\Users\tiago\DOCUME~1\GitHub\KIDMOD~1\OSCILL~2\OSCILL~3\OSCILL~1\ARDUIN~1\Debug\libArduinoCore.a(wiring_digital.o)
 .debug_frame   0x00001724      0xa60 C:\Users\tiago\DOCUME~1\GitHub\KIDMOD~1\OSCILL~2\OSCILL~3\OSCILL~1\ARDUIN~1\Debug\libArduinoCore.a(WString.o)
 .debug_frame   0x00002184       0x24 C:\Users\tiago\DOCUME~1\GitHub\KIDMOD~1\OSCILL~2\OSCILL~3\OSCILL~1\ARDUIN~1\Debug\libArduinoCore.a(hooks.o)

.debug_str      0x00000000     0x301f
 *(.debug_str)
 .debug_str     0x00000000      0x3e6 C:/Program Files (x86)/Atmel/Studio/7.0/Packs/atmel/ATmega_DFP/1.2.150/gcc/dev/atmega2560/avr6/crtatmega2560.o
 .debug_str     0x000003e6     0x1636 Control.o
                               0x174d (size before relaxing)
 .debug_str     0x00001a1c       0x30 EncoderHandler.o
                                0x68a (size before relaxing)
 .debug_str     0x00001a4c      0xa69 Menu.o
                               0x1bb7 (size before relaxing)
 .debug_str     0x000024b5      0x1bf Screen.o
                               0x228e (size before relaxing)
 .debug_str     0x00002674       0x8f Sketch.o
                               0x22af (size before relaxing)
 .debug_str     0x00002703       0x45 src/libraries/Encoder-1.4/Encoder.o
                                0x530 (size before relaxing)
 .debug_str     0x00002748      0x10b src/libraries/UTFT/DefaultFonts.o
                                0x215 (size before relaxing)
 .debug_str     0x00002853       0xfb src/libraries/UTFT/UTFT.o
                               0x17ca (size before relaxing)
 .debug_str     0x0000294e       0x1f Window.o
                               0x1890 (size before relaxing)
 .debug_str     0x0000296d       0xd1 C:\Users\tiago\DOCUME~1\GitHub\KIDMOD~1\OSCILL~2\OSCILL~3\OSCILL~1\ARDUIN~1\Debug\libArduinoCore.a(main.o)
                                0x2de (size before relaxing)
 .debug_str     0x00002a3e       0x50 C:\Users\tiago\DOCUME~1\GitHub\KIDMOD~1\OSCILL~2\OSCILL~3\OSCILL~1\ARDUIN~1\Debug\libArduinoCore.a(new.o)
                                0x1f4 (size before relaxing)
 .debug_str     0x00002a8e       0xba C:\Users\tiago\DOCUME~1\GitHub\KIDMOD~1\OSCILL~2\OSCILL~3\OSCILL~1\ARDUIN~1\Debug\libArduinoCore.a(WInterrupts.o)
                                0x2a3 (size before relaxing)
 .debug_str     0x00002b48       0x6d C:\Users\tiago\DOCUME~1\GitHub\KIDMOD~1\OSCILL~2\OSCILL~3\OSCILL~1\ARDUIN~1\Debug\libArduinoCore.a(wiring.o)
                                0x274 (size before relaxing)
 .debug_str     0x00002bb5       0x5d C:\Users\tiago\DOCUME~1\GitHub\KIDMOD~1\OSCILL~2\OSCILL~3\OSCILL~1\ARDUIN~1\Debug\libArduinoCore.a(wiring_digital.o)
                                0x2d9 (size before relaxing)
 .debug_str     0x00002c12      0x3f1 C:\Users\tiago\DOCUME~1\GitHub\KIDMOD~1\OSCILL~2\OSCILL~3\OSCILL~1\ARDUIN~1\Debug\libArduinoCore.a(WString.o)
                               0x11bf (size before relaxing)
 .debug_str     0x00003003       0x1c C:\Users\tiago\DOCUME~1\GitHub\KIDMOD~1\OSCILL~2\OSCILL~3\OSCILL~1\ARDUIN~1\Debug\libArduinoCore.a(hooks.o)
                                0x169 (size before relaxing)

.debug_loc      0x00000000     0xc85e
 *(.debug_loc)
 .debug_loc     0x00000000      0x7e0 Control.o
 .debug_loc     0x000007e0      0x784 EncoderHandler.o
 .debug_loc     0x00000f64      0x7cd Menu.o
 .debug_loc     0x00001731      0x293 Screen.o
 .debug_loc     0x000019c4       0x5e Sketch.o
 .debug_loc     0x00001a22     0x5b86 src/libraries/UTFT/UTFT.o
 .debug_loc     0x000075a8       0x50 Window.o
 .debug_loc     0x000075f8       0x4c C:\Users\tiago\DOCUME~1\GitHub\KIDMOD~1\OSCILL~2\OSCILL~3\OSCILL~1\ARDUIN~1\Debug\libArduinoCore.a(new.o)
 .debug_loc     0x00007644      0x7f5 C:\Users\tiago\DOCUME~1\GitHub\KIDMOD~1\OSCILL~2\OSCILL~3\OSCILL~1\ARDUIN~1\Debug\libArduinoCore.a(WInterrupts.o)
 .debug_loc     0x00007e39      0x28d C:\Users\tiago\DOCUME~1\GitHub\KIDMOD~1\OSCILL~2\OSCILL~3\OSCILL~1\ARDUIN~1\Debug\libArduinoCore.a(wiring.o)
 .debug_loc     0x000080c6      0x56b C:\Users\tiago\DOCUME~1\GitHub\KIDMOD~1\OSCILL~2\OSCILL~3\OSCILL~1\ARDUIN~1\Debug\libArduinoCore.a(wiring_digital.o)
 .debug_loc     0x00008631     0x422d C:\Users\tiago\DOCUME~1\GitHub\KIDMOD~1\OSCILL~2\OSCILL~3\OSCILL~1\ARDUIN~1\Debug\libArduinoCore.a(WString.o)

.debug_macinfo
 *(.debug_macinfo)

.debug_weaknames
 *(.debug_weaknames)

.debug_funcnames
 *(.debug_funcnames)

.debug_typenames
 *(.debug_typenames)

.debug_varnames
 *(.debug_varnames)

.debug_pubtypes
 *(.debug_pubtypes)

.debug_ranges   0x00000000      0x808
 *(.debug_ranges)
 .debug_ranges  0x00000000       0xa0 Control.o
 .debug_ranges  0x000000a0       0x50 EncoderHandler.o
 .debug_ranges  0x000000f0       0x50 Menu.o
 .debug_ranges  0x00000140       0x30 Screen.o
 .debug_ranges  0x00000170       0x40 Sketch.o
 .debug_ranges  0x000001b0      0x238 src/libraries/UTFT/UTFT.o
 .debug_ranges  0x000003e8       0x20 Window.o
 .debug_ranges  0x00000408       0x20 C:\Users\tiago\DOCUME~1\GitHub\KIDMOD~1\OSCILL~2\OSCILL~3\OSCILL~1\ARDUIN~1\Debug\libArduinoCore.a(main.o)
 .debug_ranges  0x00000428       0x18 C:\Users\tiago\DOCUME~1\GitHub\KIDMOD~1\OSCILL~2\OSCILL~3\OSCILL~1\ARDUIN~1\Debug\libArduinoCore.a(new.o)
 .debug_ranges  0x00000440       0x60 C:\Users\tiago\DOCUME~1\GitHub\KIDMOD~1\OSCILL~2\OSCILL~3\OSCILL~1\ARDUIN~1\Debug\libArduinoCore.a(WInterrupts.o)
 .debug_ranges  0x000004a0       0x38 C:\Users\tiago\DOCUME~1\GitHub\KIDMOD~1\OSCILL~2\OSCILL~3\OSCILL~1\ARDUIN~1\Debug\libArduinoCore.a(wiring.o)
 .debug_ranges  0x000004d8       0x28 C:\Users\tiago\DOCUME~1\GitHub\KIDMOD~1\OSCILL~2\OSCILL~3\OSCILL~1\ARDUIN~1\Debug\libArduinoCore.a(wiring_digital.o)
 .debug_ranges  0x00000500      0x2f8 C:\Users\tiago\DOCUME~1\GitHub\KIDMOD~1\OSCILL~2\OSCILL~3\OSCILL~1\ARDUIN~1\Debug\libArduinoCore.a(WString.o)
 .debug_ranges  0x000007f8       0x10 C:\Users\tiago\DOCUME~1\GitHub\KIDMOD~1\OSCILL~2\OSCILL~3\OSCILL~1\ARDUIN~1\Debug\libArduinoCore.a(hooks.o)

.debug_macro
 *(.debug_macro)
OUTPUT(OscillatorController.elf elf32-avr)
LOAD linker stubs
