Archive member included to satisfy reference by file (symbol)

c:/program files (x86)/atmel/studio/7.0/toolchain/avr8/avr8-gnu-toolchain/bin/../lib/gcc/avr/5.4.0/../../../../avr/lib/avr6\libm.a(addsf3.o)
                              src/libraries/UTFT/UTFT.o (__subsf3)
c:/program files (x86)/atmel/studio/7.0/toolchain/avr8/avr8-gnu-toolchain/bin/../lib/gcc/avr/5.4.0/../../../../avr/lib/avr6\libm.a(addsf3x.o)
                              c:/program files (x86)/atmel/studio/7.0/toolchain/avr8/avr8-gnu-toolchain/bin/../lib/gcc/avr/5.4.0/../../../../avr/lib/avr6\libm.a(addsf3.o) (__addsf3x)
c:/program files (x86)/atmel/studio/7.0/toolchain/avr8/avr8-gnu-toolchain/bin/../lib/gcc/avr/5.4.0/../../../../avr/lib/avr6\libm.a(cmpsf2.o)
                              src/libraries/UTFT/UTFT.o (__ltsf2)
c:/program files (x86)/atmel/studio/7.0/toolchain/avr8/avr8-gnu-toolchain/bin/../lib/gcc/avr/5.4.0/../../../../avr/lib/avr6\libm.a(cos.o)
                              src/libraries/UTFT/UTFT.o (cos)
c:/program files (x86)/atmel/studio/7.0/toolchain/avr8/avr8-gnu-toolchain/bin/../lib/gcc/avr/5.4.0/../../../../avr/lib/avr6\libm.a(fixsfsi.o)
                              src/libraries/UTFT/UTFT.o (__fixsfsi)
c:/program files (x86)/atmel/studio/7.0/toolchain/avr8/avr8-gnu-toolchain/bin/../lib/gcc/avr/5.4.0/../../../../avr/lib/avr6\libm.a(fixunssfsi.o)
                              c:/program files (x86)/atmel/studio/7.0/toolchain/avr8/avr8-gnu-toolchain/bin/../lib/gcc/avr/5.4.0/../../../../avr/lib/avr6\libm.a(fixsfsi.o) (__fixunssfsi)
c:/program files (x86)/atmel/studio/7.0/toolchain/avr8/avr8-gnu-toolchain/bin/../lib/gcc/avr/5.4.0/../../../../avr/lib/avr6\libm.a(floatsisf.o)
                              src/libraries/UTFT/UTFT.o (__floatsisf)
c:/program files (x86)/atmel/studio/7.0/toolchain/avr8/avr8-gnu-toolchain/bin/../lib/gcc/avr/5.4.0/../../../../avr/lib/avr6\libm.a(fp_cmp.o)
                              c:/program files (x86)/atmel/studio/7.0/toolchain/avr8/avr8-gnu-toolchain/bin/../lib/gcc/avr/5.4.0/../../../../avr/lib/avr6\libm.a(cmpsf2.o) (__fp_cmp)
c:/program files (x86)/atmel/studio/7.0/toolchain/avr8/avr8-gnu-toolchain/bin/../lib/gcc/avr/5.4.0/../../../../avr/lib/avr6\libm.a(fp_inf.o)
                              c:/program files (x86)/atmel/studio/7.0/toolchain/avr8/avr8-gnu-toolchain/bin/../lib/gcc/avr/5.4.0/../../../../avr/lib/avr6\libm.a(addsf3x.o) (__fp_inf)
c:/program files (x86)/atmel/studio/7.0/toolchain/avr8/avr8-gnu-toolchain/bin/../lib/gcc/avr/5.4.0/../../../../avr/lib/avr6\libm.a(fp_nan.o)
                              c:/program files (x86)/atmel/studio/7.0/toolchain/avr8/avr8-gnu-toolchain/bin/../lib/gcc/avr/5.4.0/../../../../avr/lib/avr6\libm.a(addsf3x.o) (__fp_nan)
c:/program files (x86)/atmel/studio/7.0/toolchain/avr8/avr8-gnu-toolchain/bin/../lib/gcc/avr/5.4.0/../../../../avr/lib/avr6\libm.a(fp_pscA.o)
                              c:/program files (x86)/atmel/studio/7.0/toolchain/avr8/avr8-gnu-toolchain/bin/../lib/gcc/avr/5.4.0/../../../../avr/lib/avr6\libm.a(addsf3x.o) (__fp_pscA)
c:/program files (x86)/atmel/studio/7.0/toolchain/avr8/avr8-gnu-toolchain/bin/../lib/gcc/avr/5.4.0/../../../../avr/lib/avr6\libm.a(fp_pscB.o)
                              c:/program files (x86)/atmel/studio/7.0/toolchain/avr8/avr8-gnu-toolchain/bin/../lib/gcc/avr/5.4.0/../../../../avr/lib/avr6\libm.a(addsf3x.o) (__fp_pscB)
c:/program files (x86)/atmel/studio/7.0/toolchain/avr8/avr8-gnu-toolchain/bin/../lib/gcc/avr/5.4.0/../../../../avr/lib/avr6\libm.a(fp_rempio2.o)
                              c:/program files (x86)/atmel/studio/7.0/toolchain/avr8/avr8-gnu-toolchain/bin/../lib/gcc/avr/5.4.0/../../../../avr/lib/avr6\libm.a(cos.o) (__fp_rempio2)
c:/program files (x86)/atmel/studio/7.0/toolchain/avr8/avr8-gnu-toolchain/bin/../lib/gcc/avr/5.4.0/../../../../avr/lib/avr6\libm.a(fp_round.o)
                              c:/program files (x86)/atmel/studio/7.0/toolchain/avr8/avr8-gnu-toolchain/bin/../lib/gcc/avr/5.4.0/../../../../avr/lib/avr6\libm.a(addsf3.o) (__fp_round)
c:/program files (x86)/atmel/studio/7.0/toolchain/avr8/avr8-gnu-toolchain/bin/../lib/gcc/avr/5.4.0/../../../../avr/lib/avr6\libm.a(fp_sinus.o)
                              c:/program files (x86)/atmel/studio/7.0/toolchain/avr8/avr8-gnu-toolchain/bin/../lib/gcc/avr/5.4.0/../../../../avr/lib/avr6\libm.a(cos.o) (__fp_sinus)
c:/program files (x86)/atmel/studio/7.0/toolchain/avr8/avr8-gnu-toolchain/bin/../lib/gcc/avr/5.4.0/../../../../avr/lib/avr6\libm.a(fp_split3.o)
                              c:/program files (x86)/atmel/studio/7.0/toolchain/avr8/avr8-gnu-toolchain/bin/../lib/gcc/avr/5.4.0/../../../../avr/lib/avr6\libm.a(addsf3x.o) (__fp_split3)
c:/program files (x86)/atmel/studio/7.0/toolchain/avr8/avr8-gnu-toolchain/bin/../lib/gcc/avr/5.4.0/../../../../avr/lib/avr6\libm.a(fp_zero.o)
[...]
Memory Configuration

Name             Origin             Length             Attributes
text             0x00000000         0x00100000         xr
data             0x00800200         0x0000fe00         rw !x
eeprom           0x00810000         0x00010000         rw !x
fuse             0x00820000         0x00000003         rw !x
lock             0x00830000         0x00000400         rw !x
signature        0x00840000         0x00000400         rw !x
user_signatures  0x00850000         0x00000400         rw !x
*default*        0x00000000         0xffffffff

Linker script and memory map

Address of section .data set to 0x800200
LOAD C:/Program Files (x86)/Atmel/Studio/7.0/Packs/atmel/ATmega_DFP/1.2.150/gcc/dev/atmega2560/avr6/crtatmega2560.o
LOAD Control.o
LOAD EncoderHandler.o
LOAD Menu.o
LOAD Screen.o
LOAD Sketch.o
LOAD src/libraries/Encoder-1.4/Encoder.o
LOAD src/libraries/UTFT/DefaultFonts.o
LOAD src/libraries/UTFT/UTFT.o
LOAD Window.o
START GROUP
LOAD c:/program files (x86)/atmel/studio/7.0/toolchain/avr8/avr8-gnu-toolchain/bin/../lib/gcc/avr/5.4.0/../../../../avr/lib/avr6\libm.a
LOAD C:\Users\tiago\DOCUME~1\GitHub\KIDMOD~1\OSCILL~2\OSCILL~3\OSCILL~1\ARDUIN~1\Debug\libArduinoCore.a
END GROUP
LOAD c:/program files (x86)/atmel/studio/7.0/toolchain/avr8/avr8-gnu-toolchain/bin/../lib/gcc/avr/5.4.0/avr6\libgcc.a
LOAD c:/program files (x86)/atmel/studio/7.0/toolchain/avr8/avr8-gnu-toolchain/bin/../lib/gcc/avr/5.4.0/../../../../avr/lib/avr6\libm.a
START GROUP
LOAD c:/program files (x86)/atmel/studio/7.0/toolchain/avr8/avr8-gnu-toolchain/bin/../lib/gcc/avr/5.4.0/avr6\libgcc.a
LOAD c:/program files (x86)/atmel/studio/7.0/toolchain/avr8/avr8-gnu-toolchain/bin/../lib/gcc/avr/5.4.0/../../../../avr/lib/avr6\libm.a
LOAD c:/program files (x86)/atmel/studio/7.0/toolchain/avr8/avr8-gnu-toolchain/bin/../lib/gcc/avr/5.4.0/../../../../avr/lib/avr6\libc.a
LOAD C:/Program Files (x86)/Atmel/Studio/7.0/Packs/atmel/ATmega_DFP/1.2.150/gcc/dev/atmega2560/avr6\libatmega2560.a
END GROUP
                0x00100000                __TEXT_REGION_LENGTH__ = DEFINED (__TEXT_REGION_LENGTH__)?__TEXT_REGION_LENGTH__:0x100000
                0x0000fe00                __DATA_REGION_LENGTH__ = DEFINED (__DATA_REGION_LENGTH__)?__DATA_REGION_LENGTH__:0xfe00
                0x00010000                __EEPROM_REGION_LENGTH__ = DEFINED (__EEPROM_REGION_LENGTH__)?__EEPROM_REGION_LENGTH__:0x10000
                [0x00000003]                __FUSE_REGION_LENGTH__ = DEFINED (__FUSE_REGION_LENGTH__)?__FUSE_REGION_LENGTH__:0x400
                0x00000400                __LOCK_REGION_LENGTH__ = DEFINED (__LOCK_REGION_LENGTH__)?__LOCK_REGION_LENGTH__:0x400
                0x00000400                __SIGNATURE_REGION_LENGTH__ = DEFINED (__SIGNATURE_REGION_LENGTH__)?__SIGNATURE_REGION_LENGTH__:0x400
                0x00000400                __USER_SIGNATURE_REGION_LENGTH__ = DEFINED (__USER_SIGNATURE_REGION_LENGTH__)?__USER_SIGNATURE_REGION_LENGTH__:0x400

.hash
 *(.hash)

.dynsym
 *(.dynsym)

.dynstr
 *(.dynstr)

.gnu.version
 *(.gnu.version)

.gnu.version_d
 *(.gnu.version_d)

.gnu.version_r
 *(.gnu.version_r)

.rel.init
 *(.rel.init)

.rela.init
 *(.rela.init)

.rel.text
 *(.rel.text)
 *(.rel.text.*)
 *(.rel.gnu.linkonce.t*)

.rela.text
 *(.rela.text)
 *(.rela.text.*)
 *(.rela.gnu.linkonce.t*)

.rel.fini
 *(.rel.fini)

.rela.fini
 *(.rela.fini)

.rel.rodata
 *(.rel.rodata)
 *(.rel.rodata.*)
 *(.rel.gnu.linkonce.r*)

.rela.rodata
 *(.rela.rodata)
 *(.rela.rodata.*)
 *(.rela.gnu.linkonce.r*)

.rel.data
 *(.rel.data)
 *(.rel.data.*)
 *(.rel.gnu.linkonce.d*)

.rela.data
 *(.rela.data)
 *(.rela.data.*)
 *(.rela.gnu.linkonce.d*)

.rel.ctors
 *(.rel.ctors)

.rela.ctors
 *(.rela.ctors)

.rel.dtors
 *(.rel.dtors)

.rela.dtors
 *(.rela.dtors)

.rel.got
 *(.rel.got)

.rela.got
 *(.rela.got)

.rel.bss
 *(.rel.bss)

.rela.bss
 *(.rela.bss)

.rel.plt
 *(.rel.plt)

.rela.plt
 *(.rela.plt)

.text           0x00000000     0x6590
 *(.vectors)
 .vectors       0x00000000       0xe4 C:/Program Files (x86)/Atmel/Studio/7.0/Packs/atmel/ATmega_DFP/1.2.150/gcc/dev/atmega2560/avr6/crtatmega2560.o
                0x00000000                __vector_default
                0x00000000                __vectors
 *(.vectors)
 *(.progmem.gcc*)
 .progmem.gcc_sw_table._ZN4UTFT5setXYEjjjj
                0x000000e4       0x3c src/libraries/UTFT/UTFT.o
 .progmem.gcc_sw_table._ZN4UTFT7InitLCDEh
                0x00000120       0x3c src/libraries/UTFT/UTFT.o
 .progmem.gcc_sw_table.turnOffPWM
                0x0000015c       0x24 C:\Users\tiago\DOCUME~1\GitHub\KIDMOD~1\OSCILL~2\OSCILL~3\OSCILL~1\ARDUIN~1\Debug\libArduinoCore.a(wiring_digital.o)
                0x00000180                . = ALIGN (0x2)
                0x00000180                __trampolines_start = .
 *(.trampolines)
 .trampolines   0x00000180        0x0 linker stubs
 *(.trampolines*)
                0x00000180                __trampolines_end = .
 *libprintf_flt.a:*(.progmem.data)
 *libc.a:*(.progmem.data)
 *(.progmem*)
 .progmem.data.BigFont
                0x00000180      0xbe4 src/libraries/UTFT/DefaultFonts.o
                0x00000180                BigFont
 .progmem.data.SmallFont
                0x00000d64      0x478 src/libraries/UTFT/DefaultFonts.o
                0x00000d64                SmallFont
 .progmem.data.digital_pin_to_timer_PGM
                0x000011dc       0x46 C:\Users\tiago\DOCUME~1\GitHub\KIDMOD~1\OSCILL~2\OSCILL~3\OSCILL~1\ARDUIN~1\Debug\libArduinoCore.a(wiring_digital.o)
                0x000011dc                digital_pin_to_timer_PGM
 .progmem.data.digital_pin_to_bit_mask_PGM
                0x00001222       0x46 C:\Users\tiago\DOCUME~1\GitHub\KIDMOD~1\OSCILL~2\OSCILL~3\OSCILL~1\ARDUIN~1\Debug\libArduinoCore.a(wiring_digital.o)
                0x00001222                digital_pin_to_bit_mask_PGM
 .progmem.data.digital_pin_to_port_PGM
                0x00001268       0x46 C:\Users\tiago\DOCUME~1\GitHub\KIDMOD~1\OSCILL~2\OSCILL~3\OSCILL~1\ARDUIN~1\Debug\libArduinoCore.a(wiring_digital.o)
                0x00001268                digital_pin_to_port_PGM
 .progmem.data.port_to_output_PGM
                0x000012ae       0x1a C:\Users\tiago\DOCUME~1\GitHub\KIDMOD~1\OSCILL~2\OSCILL~3\OSCILL~1\ARDUIN~1\Debug\libArduinoCore.a(wiring_digital.o)
                0x000012ae                port_to_output_PGM
 .progmem.data.port_to_mode_PGM
                0x000012c8       0x1a C:\Users\tiago\DOCUME~1\GitHub\KIDMOD~1\OSCILL~2\OSCILL~3\OSCILL~1\ARDUIN~1\Debug\libArduinoCore.a(wiring_digital.o)
                0x000012c8                port_to_mode_PGM
                0x000012e2                . = ALIGN (0x2)
 *(.jumptables)
 *(.jumptables*)
 *(.lowtext)
 *(.lowtext*)
                0x000012e2                __ctors_start = .
 *(.ctors)
 .ctors         0x000012e2        0x2 Sketch.o
 .ctors         0x000012e4        0x2 C:\Users\tiago\DOCUME~1\GitHub\KIDMOD~1\OSCILL~2\OSCILL~3\OSCILL~1\ARDUIN~1\Debug\libArduinoCore.a(HardwareSerial0.o)
                0x000012e6                __ctors_end = .
                0x000012e6                __dtors_start = .
 *(.dtors)
 .dtors         0x000012e6        0x2 Sketch.o
                0x000012e8                __dtors_end = .
 SORT(*)(.ctors)
 SORT(*)(.dtors)
 *(.init0)
 .init0         0x000012e8        0x0 C:/Program Files (x86)/Atmel/Studio/7.0/Packs/atmel/ATmega_DFP/1.2.150/gcc/dev/atmega2560/avr6/crtatmega2560.o
                0x000012e8                __init
 *(.init0)
 *(.init1)
 *(.init1)
 *(.init2)
 .init2         0x000012e8       0x10 C:/Program Files (x86)/Atmel/Studio/7.0/Packs/atmel/ATmega_DFP/1.2.150/gcc/dev/atmega2560/avr6/crtatmega2560.o
 *(.init2)
 *(.init3)
 *(.init3)
 *(.init4)
 .init4         0x000012f8       0x1a c:/program files (x86)/atmel/studio/7.0/toolchain/avr8/avr8-gnu-toolchain/bin/../lib/gcc/avr/5.4.0/avr6\libgcc.a(_copy_data.o)
                0x000012f8                __do_copy_data
 .init4         0x00001312       0x10 c:/program files (x86)/atmel/studio/7.0/toolchain/avr8/avr8-gnu-toolchain/bin/../lib/gcc/avr/5.4.0/avr6\libgcc.a(_clear_bss.o)
                0x00001312                __do_clear_bss
 *(.init4)
 *(.init5)
 *(.init5)
 *(.init6)
 .init6         0x00001322       0x20 c:/program files (x86)/atmel/studio/7.0/toolchain/avr8/avr8-gnu-toolchain/bin/../lib/gcc/avr/5.4.0/avr6\libgcc.a(_ctors.o)
                0x00001322                __do_global_ctors
 *(.init6)
 *(.init7)
 *(.init7)
 *(.init8)
 *(.init8)
 *(.init9)
 .init9         0x00001342        0x8 C:/Program Files (x86)/Atmel/Studio/7.0/Packs/atmel/ATmega_DFP/1.2.150/gcc/dev/atmega2560/avr6/crtatmega2560.o
 *(.init9)
 *(.text)
 .text          0x0000134a        0x4 C:/Program Files (x86)/Atmel/Studio/7.0/Packs/atmel/ATmega_DFP/1.2.150/gcc/dev/atmega2560/avr6/crtatmega2560.o
                0x0000134a                __vector_38
                0x0000134a                __vector_22
                0x0000134a                __vector_28
                0x0000134a                __vector_1
                0x0000134a                __vector_32
                0x0000134a                __vector_34
                0x0000134a                __vector_24
                0x0000134a                __vector_12
                0x0000134a                __vector_55
                0x0000134a                __vector_46
                0x0000134a                __bad_interrupt
                0x0000134a                __vector_6
                0x0000134a                __vector_31
                0x0000134a                __vector_35
                0x0000134a                __vector_39
                0x0000134a                __vector_3
                0x0000134a                __vector_30
                0x0000134a                __vector_45
                0x0000134a                __vector_11
                0x0000134a                __vector_54
                0x0000134a                __vector_13
                0x0000134a                __vector_17
                0x0000134a                __vector_19
                0x0000134a                __vector_56
                0x0000134a                __vector_7
                0x0000134a                __vector_49
                0x0000134a                __vector_41
                0x0000134a                __vector_43
                0x0000134a                __vector_27
                0x0000134a                __vector_5
                0x0000134a                __vector_33
                0x0000134a                __vector_47
                0x0000134a                __vector_52
                0x0000134a                __vector_37
                0x0000134a                __vector_4
                0x0000134a                __vector_44
                0x0000134a                __vector_51
                0x0000134a                __vector_9
                0x0000134a                __vector_2
                0x0000134a                __vector_21
                0x0000134a                __vector_15
                0x0000134a                __vector_36
                0x0000134a                __vector_29
                0x0000134a                __vector_40
                0x0000134a                __vector_8
                0x0000134a                __vector_48
                0x0000134a                __vector_14
                0x0000134a                __vector_53
                0x0000134a                __vector_10
                0x0000134a                __vector_50
                0x0000134a                __vector_16
                0x0000134a                __vector_18
                0x0000134a                __vector_20
                0x0000134a                __vector_42
                0x0000134e                . = ALIGN (0x2)
 *(.text.*)
 .text._ZN7ControlC2Ev
                0x0000134e       0x88 Control.o
                0x0000134e                _ZN7ControlC2Ev
                0x0000134e                _ZN7ControlC1Ev
 .text._ZN7Control4initEPN10Parameters8params_tE
                0x000013d6        0xc Control.o
                0x000013d6                _ZN7Control4initEPN10Parameters8params_tE
 .text._ZN7Control4readEv
                0x000013e2       0x1e Control.o
                0x000013e2                _ZN7Control4readEv
 .text._ZN14EncoderHandlerC2Ev
                0x00001400        0x2 EncoderHandler.o
                0x00001400                _ZN14EncoderHandlerC1Ev
                0x00001400                _ZN14EncoderHandlerC2Ev
 .text._ZN4MenuC2Ev
                0x00001402       0x7e Menu.o
                0x00001402                _ZN4MenuC2Ev
                0x00001402                _ZN4MenuC1Ev
 .text._ZN4Menu4initEP4UTFTPhS2_PN10Parameters8params_tE
                0x00001480       0x38 Menu.o
                0x00001480                _ZN4Menu4initEP4UTFTPhS2_PN10Parameters8params_tE
 .text._ZN4Menu9drawMenusEv
                0x000014b8        0x2 Menu.o
                0x000014b8                _ZN4Menu9drawMenusEv
 .text._ZN4Menu10drawValuesEv
                0x000014ba        0x2 Menu.o
                0x000014ba                _ZN4Menu10drawValuesEv
 .text._ZN6ScreenC2Ev
                0x000014bc       0x24 Screen.o
                0x000014bc                _ZN6ScreenC2Ev
                0x000014bc                _ZN6ScreenC1Ev
 .text._ZN6Screen4initEP7Control
                0x000014e0       0xb8 Screen.o
                0x000014e0                _ZN6Screen4initEP7Control
 .text.setup    0x00001598       0x2c Sketch.o
                0x00001598                setup
 .text.loop     0x000015c4        0x2 Sketch.o
                0x000015c4                loop
 .text.startup._GLOBAL__sub_I_parameters
                0x000015c6      0x22c Sketch.o
 .text.exit._GLOBAL__sub_D_parameters
                0x000017f2       0xd2 Sketch.o
 .text._ZN4UTFT12LCD_Writ_BusEcch
                0x000018c4      0x32e src/libraries/UTFT/UTFT.o
                0x000018c4                _ZN4UTFT12LCD_Writ_BusEcch
 .text._ZN4UTFT24_set_direction_registersEh
                0x00001bf2       0x20 src/libraries/UTFT/UTFT.o
                0x00001bf2                _ZN4UTFT24_set_direction_registersEh
 .text._ZN4UTFT13_fast_fill_16Eiil
                0x00001c12      0x264 src/libraries/UTFT/UTFT.o
                0x00001c12                _ZN4UTFT13_fast_fill_16Eiil
 .text._ZN4UTFT12_fast_fill_8Eil
                0x00001e76      0x414 src/libraries/UTFT/UTFT.o
                0x00001e76                _ZN4UTFT12_fast_fill_8Eil
 .text._ZN4UTFTC2Ev
                0x0000228a        0x2 src/libraries/UTFT/UTFT.o
                0x0000228a                _ZN4UTFTC1Ev
                0x0000228a                _ZN4UTFTC2Ev
 .text._ZN4UTFTC2Ehiiiii
                0x0000228c      0x356 src/libraries/UTFT/UTFT.o
                0x0000228c                _ZN4UTFTC1Ehiiiii
                0x0000228c                _ZN4UTFTC2Ehiiiii
 .text._ZN4UTFT13LCD_Write_COMEc
                0x000025e2       0x30 src/libraries/UTFT/UTFT.o
                0x000025e2                _ZN4UTFT13LCD_Write_COMEc
 .text._ZN4UTFT14LCD_Write_DATAEcc
                0x00002612       0x48 src/libraries/UTFT/UTFT.o
                0x00002612                _ZN4UTFT14LCD_Write_DATAEcc
 .text._ZN4UTFT14LCD_Write_DATAEc
                0x0000265a       0x30 src/libraries/UTFT/UTFT.o
                0x0000265a                _ZN4UTFT14LCD_Write_DATAEc
 .text._ZN4UTFT18LCD_Write_COM_DATAEci
                0x0000268a       0x1e src/libraries/UTFT/UTFT.o
                0x0000268a                _ZN4UTFT18LCD_Write_COM_DATAEci
 .text._ZN4UTFT5setXYEjjjj
                0x000026a8      0x282 src/libraries/UTFT/UTFT.o
                0x000026a8                _ZN4UTFT5setXYEjjjj
 .text._ZN4UTFT7InitLCDEh
                0x0000292a     0x25c4 src/libraries/UTFT/UTFT.o
                0x0000292a                _ZN4UTFT7InitLCDEh
 .text._ZN4UTFT5clrXYEv
                0x00004eee       0x2e src/libraries/UTFT/UTFT.o
                0x00004eee                _ZN4UTFT5clrXYEv
 .text._ZN4UTFT6clrScrEv
                0x00004f1c      0x138 src/libraries/UTFT/UTFT.o
                0x00004f1c                _ZN4UTFT6clrScrEv
 .text._ZN6WindowC2Ev
                0x00005054       0x7e Window.o
                0x00005054                _ZN6WindowC2Ev
                0x00005054                _ZN6WindowC1Ev
 .text.avr-libc.fplib
                0x000050d2        0xa c:/program files (x86)/atmel/studio/7.0/toolchain/avr8/avr8-gnu-toolchain/bin/../lib/gcc/avr/5.4.0/../../../../avr/lib/avr6\libm.a(addsf3.o)
                0x000050d2                __subsf3
                0x000050d4                __addsf3
 .text.avr-libc.fplib
                0x000050dc       0xc0 c:/program files (x86)/atmel/studio/7.0/toolchain/avr8/avr8-gnu-toolchain/bin/../lib/gcc/avr/5.4.0/../../../../avr/lib/avr6\libm.a(addsf3x.o)
                0x000050f6                __addsf3x
 .text.avr-libc.fplib
                0x0000519c        0x8 c:/program files (x86)/atmel/studio/7.0/toolchain/avr8/avr8-gnu-toolchain/bin/../lib/gcc/avr/5.4.0/../../../../avr/lib/avr6\libm.a(cmpsf2.o)
                0x0000519c                __nesf2
                0x0000519c                __eqsf2
                0x0000519c                __cmpsf2
                0x0000519c                __ltsf2
                0x0000519c                __lesf2
 .text.avr-libc.fplib
                0x000051a4       0x58 c:/program files (x86)/atmel/studio/7.0/toolchain/avr8/avr8-gnu-toolchain/bin/../lib/gcc/avr/5.4.0/../../../../avr/lib/avr6\libm.a(fixunssfsi.o)
                0x000051a4                __fixunssfsi
 .text.avr-libc.fplib
                0x000051fc       0x7a c:/program files (x86)/atmel/studio/7.0/toolchain/avr8/avr8-gnu-toolchain/bin/../lib/gcc/avr/5.4.0/../../../../avr/lib/avr6\libm.a(floatsisf.o)
                0x000051fc                __floatunsisf
                0x00005200                __floatsisf
 .text.avr-libc.fplib
                0x00005276       0x48 c:/program files (x86)/atmel/studio/7.0/toolchain/avr8/avr8-gnu-toolchain/bin/../lib/gcc/avr/5.4.0/../../../../avr/lib/avr6\libm.a(fp_cmp.o)
                0x00005276                __fp_cmp
 .text.avr-libc.fplib
                0x000052be        0xc c:/program files (x86)/atmel/studio/7.0/toolchain/avr8/avr8-gnu-toolchain/bin/../lib/gcc/avr/5.4.0/../../../../avr/lib/avr6\libm.a(fp_inf.o)
                0x000052be                __fp_inf
 .text.avr-libc.fplib
                0x000052ca        0x6 c:/program files (x86)/atmel/studio/7.0/toolchain/avr8/avr8-gnu-toolchain/bin/../lib/gcc/avr/5.4.0/../../../../avr/lib/avr6\libm.a(fp_nan.o)
                0x000052ca                __fp_nan
 .text.avr-libc.fplib
                0x000052d0        0xe c:/program files (x86)/atmel/studio/7.0/toolchain/avr8/avr8-gnu-toolchain/bin/../lib/gcc/avr/5.4.0/../../../../avr/lib/avr6\libm.a(fp_pscA.o)
                0x000052d0                __fp_pscA
 .text.avr-libc.fplib
                0x000052de        0xe c:/program files (x86)/atmel/studio/7.0/toolchain/avr8/avr8-gnu-toolchain/bin/../lib/gcc/avr/5.4.0/../../../../avr/lib/avr6\libm.a(fp_pscB.o)
                0x000052de                __fp_pscB
 .text.avr-libc.fplib
                0x000052ec       0x22 c:/program files (x86)/atmel/studio/7.0/toolchain/avr8/avr8-gnu-toolchain/bin/../lib/gcc/avr/5.4.0/../../../../avr/lib/avr6\libm.a(fp_round.o)
                0x000052ec                __fp_round
 .text.avr-libc.fplib
                0x0000530e       0x44 c:/program files (x86)/atmel/studio/7.0/toolchain/avr8/avr8-gnu-toolchain/bin/../lib/gcc/avr/5.4.0/../../../../avr/lib/avr6\libm.a(fp_split3.o)
                0x0000530e                __fp_split3
                0x0000531e                __fp_splitA
 .text.avr-libc.fplib
                0x00005352        0xe c:/program files (x86)/atmel/studio/7.0/toolchain/avr8/avr8-gnu-toolchain/bin/../lib/gcc/avr/5.4.0/../../../../avr/lib/avr6\libm.a(fp_zero.o)
                0x00005352                __fp_zero
                0x00005354                __fp_szero
 .text.avr-libc.fplib
                0x00005360        0x4 c:/program files (x86)/atmel/studio/7.0/toolchain/avr8/avr8-gnu-toolchain/bin/../lib/gcc/avr/5.4.0/../../../../avr/lib/avr6\libm.a(mulsf3.o)
                0x00005360                __mulsf3
 .text.avr-libc.fplib
                0x00005364       0xc2 c:/program files (x86)/atmel/studio/7.0/toolchain/avr8/avr8-gnu-toolchain/bin/../lib/gcc/avr/5.4.0/../../../../avr/lib/avr6\libm.a(mulsf3x.o)
                0x00005378                __mulsf3x
                0x0000537c                __mulsf3_pse
 .text._ZN14HardwareSerial9availableEv
                0x00005426       0x18 C:\Users\tiago\DOCUME~1\GitHub\KIDMOD~1\OSCILL~2\OSCILL~3\OSCILL~1\ARDUIN~1\Debug\libArduinoCore.a(HardwareSerial.o)
                0x00005426                _ZN14HardwareSerial9availableEv
 .text._ZN14HardwareSerial4peekEv
                0x0000543e       0x1c C:\Users\tiago\DOCUME~1\GitHub\KIDMOD~1\OSCILL~2\OSCILL~3\OSCILL~1\ARDUIN~1\Debug\libArduinoCore.a(HardwareSerial.o)
                0x0000543e                _ZN14HardwareSerial4peekEv
 .text._ZN14HardwareSerial4readEv
                0x0000545a       0x28 C:\Users\tiago\DOCUME~1\GitHub\KIDMOD~1\OSCILL~2\OSCILL~3\OSCILL~1\ARDUIN~1\Debug\libArduinoCore.a(HardwareSerial.o)
                0x0000545a                _ZN14HardwareSerial4readEv
 .text._Z14serialEventRunv
                0x00005482       0x78 C:\Users\tiago\DOCUME~1\GitHub\KIDMOD~1\OSCILL~2\OSCILL~3\OSCILL~1\ARDUIN~1\Debug\libArduinoCore.a(HardwareSerial.o)
                0x00005482                _Z14serialEventRunv
 .text._ZN14HardwareSerial17_tx_udr_empty_irqEv
                0x000054fa       0x42 C:\Users\tiago\DOCUME~1\GitHub\KIDMOD~1\OSCILL~2\OSCILL~3\OSCILL~1\ARDUIN~1\Debug\libArduinoCore.a(HardwareSerial.o)
                0x000054fa                _ZN14HardwareSerial17_tx_udr_empty_irqEv
 .text._ZN14HardwareSerial5writeEh
                0x0000553c       0x8c C:\Users\tiago\DOCUME~1\GitHub\KIDMOD~1\OSCILL~2\OSCILL~3\OSCILL~1\ARDUIN~1\Debug\libArduinoCore.a(HardwareSerial.o)
                0x0000553c                _ZN14HardwareSerial5writeEh
 .text._ZN14HardwareSerial5flushEv
                0x000055c8       0x42 C:\Users\tiago\DOCUME~1\GitHub\KIDMOD~1\OSCILL~2\OSCILL~3\OSCILL~1\ARDUIN~1\Debug\libArduinoCore.a(HardwareSerial.o)
                0x000055c8                _ZN14HardwareSerial5flushEv
 .text._ZN14HardwareSerial5beginEmh
                0x0000560a       0xc6 C:\Users\tiago\DOCUME~1\GitHub\KIDMOD~1\OSCILL~2\OSCILL~3\OSCILL~1\ARDUIN~1\Debug\libArduinoCore.a(HardwareSerial.o)
                0x0000560a                _ZN14HardwareSerial5beginEmh
 .text.__vector_25
                0x000056d0       0x6c C:\Users\tiago\DOCUME~1\GitHub\KIDMOD~1\OSCILL~2\OSCILL~3\OSCILL~1\ARDUIN~1\Debug\libArduinoCore.a(HardwareSerial0.o)
                0x000056d0                __vector_25
 .text.__vector_26
                0x0000573c       0x52 C:\Users\tiago\DOCUME~1\GitHub\KIDMOD~1\OSCILL~2\OSCILL~3\OSCILL~1\ARDUIN~1\Debug\libArduinoCore.a(HardwareSerial0.o)
                0x0000573c                __vector_26
 .text._Z17Serial0_availablev
                0x0000578e       0x12 C:\Users\tiago\DOCUME~1\GitHub\KIDMOD~1\OSCILL~2\OSCILL~3\OSCILL~1\ARDUIN~1\Debug\libArduinoCore.a(HardwareSerial0.o)
                0x0000578e                _Z17Serial0_availablev
 .text.startup._GLOBAL__sub_I___vector_25
                0x000057a0       0x5a C:\Users\tiago\DOCUME~1\GitHub\KIDMOD~1\OSCILL~2\OSCILL~3\OSCILL~1\ARDUIN~1\Debug\libArduinoCore.a(HardwareSerial0.o)
 .text.initVariant
                0x000057fa        0x2 C:\Users\tiago\DOCUME~1\GitHub\KIDMOD~1\OSCILL~2\OSCILL~3\OSCILL~1\ARDUIN~1\Debug\libArduinoCore.a(main.o)
                0x000057fa                initVariant
 .text.startup.main
                0x000057fc       0x18 C:\Users\tiago\DOCUME~1\GitHub\KIDMOD~1\OSCILL~2\OSCILL~3\OSCILL~1\ARDUIN~1\Debug\libArduinoCore.a(main.o)
                0x000057fc                main
 .text._Znwj    0x00005814        0x2 C:\Users\tiago\DOCUME~1\GitHub\KIDMOD~1\OSCILL~2\OSCILL~3\OSCILL~1\ARDUIN~1\Debug\libArduinoCore.a(new.o)
                0x00005814                _Znwj
 .text._ZN5Print5writeEPKhj
                0x00005816       0x54 C:\Users\tiago\DOCUME~1\GitHub\KIDMOD~1\OSCILL~2\OSCILL~3\OSCILL~1\ARDUIN~1\Debug\libArduinoCore.a(Print.o)
                0x00005816                _ZN5Print5writeEPKhj
 .text._ZN5Print5writeEPKc
                0x0000586a       0x2a C:\Users\tiago\DOCUME~1\GitHub\KIDMOD~1\OSCILL~2\OSCILL~3\OSCILL~1\ARDUIN~1\Debug\libArduinoCore.a(Print.o)
                0x0000586a                _ZN5Print5writeEPKc
 .text._ZN5Print5printEc
                0x00005894        0xe C:\Users\tiago\DOCUME~1\GitHub\KIDMOD~1\OSCILL~2\OSCILL~3\OSCILL~1\ARDUIN~1\Debug\libArduinoCore.a(Print.o)
                0x00005894                _ZN5Print5printEc
 .text._ZN5Print7printlnEv
                0x000058a2        0x6 C:\Users\tiago\DOCUME~1\GitHub\KIDMOD~1\OSCILL~2\OSCILL~3\OSCILL~1\ARDUIN~1\Debug\libArduinoCore.a(Print.o)
                0x000058a2                _ZN5Print7printlnEv
 .text._ZN5Print11printNumberEmh
                0x000058a8       0x8e C:\Users\tiago\DOCUME~1\GitHub\KIDMOD~1\OSCILL~2\OSCILL~3\OSCILL~1\ARDUIN~1\Debug\libArduinoCore.a(Print.o)
                0x000058a8                _ZN5Print11printNumberEmh
 .text._ZN5Print5printEmi
                0x00005936       0x18 C:\Users\tiago\DOCUME~1\GitHub\KIDMOD~1\OSCILL~2\OSCILL~3\OSCILL~1\ARDUIN~1\Debug\libArduinoCore.a(Print.o)
                0x00005936                _ZN5Print5printEmi
 .text._ZN5Print5printEji
                0x0000594e        0xa C:\Users\tiago\DOCUME~1\GitHub\KIDMOD~1\OSCILL~2\OSCILL~3\OSCILL~1\ARDUIN~1\Debug\libArduinoCore.a(Print.o)
                0x0000594e                _ZN5Print5printEji
 .text._ZN5Print10printFloatEdh
                0x00005958      0x18e C:\Users\tiago\DOCUME~1\GitHub\KIDMOD~1\OSCILL~2\OSCILL~3\OSCILL~1\ARDUIN~1\Debug\libArduinoCore.a(Print.o)
                0x00005958                _ZN5Print10printFloatEdh
 .text._ZN5Print7printlnEdi
                0x00005ae6       0x20 C:\Users\tiago\DOCUME~1\GitHub\KIDMOD~1\OSCILL~2\OSCILL~3\OSCILL~1\ARDUIN~1\Debug\libArduinoCore.a(Print.o)
                0x00005ae6                _ZN5Print7printlnEdi
 .text.__vector_23
                0x00005b06       0x94 C:\Users\tiago\DOCUME~1\GitHub\KIDMOD~1\OSCILL~2\OSCILL~3\OSCILL~1\ARDUIN~1\Debug\libArduinoCore.a(wiring.o)
                0x00005b06                __vector_23
 .text.micros   0x00005b9a       0x4a C:\Users\tiago\DOCUME~1\GitHub\KIDMOD~1\OSCILL~2\OSCILL~3\OSCILL~1\ARDUIN~1\Debug\libArduinoCore.a(wiring.o)
                0x00005b9a                micros
 .text.delay    0x00005be4       0x72 C:\Users\tiago\DOCUME~1\GitHub\KIDMOD~1\OSCILL~2\OSCILL~3\OSCILL~1\ARDUIN~1\Debug\libArduinoCore.a(wiring.o)
                0x00005be4                delay
 .text.init     0x00005c56       0xc4 C:\Users\tiago\DOCUME~1\GitHub\KIDMOD~1\OSCILL~2\OSCILL~3\OSCILL~1\ARDUIN~1\Debug\libArduinoCore.a(wiring.o)
                0x00005c56                init
 .text.turnOffPWM
                0x00005d1a       0xaa C:\Users\tiago\DOCUME~1\GitHub\KIDMOD~1\OSCILL~2\OSCILL~3\OSCILL~1\ARDUIN~1\Debug\libArduinoCore.a(wiring_digital.o)
 .text.pinMode  0x00005dc4       0x78 C:\Users\tiago\DOCUME~1\GitHub\KIDMOD~1\OSCILL~2\OSCILL~3\OSCILL~1\ARDUIN~1\Debug\libArduinoCore.a(wiring_digital.o)
                0x00005dc4                pinMode
 .text.digitalWrite
                0x00005e3c       0x5c C:\Users\tiago\DOCUME~1\GitHub\KIDMOD~1\OSCILL~2\OSCILL~3\OSCILL~1\ARDUIN~1\Debug\libArduinoCore.a(wiring_digital.o)
                0x00005e3c                digitalWrite
 .text._ZN6StringD2Ev
                0x00005e98        0x8 C:\Users\tiago\DOCUME~1\GitHub\KIDMOD~1\OSCILL~2\OSCILL~3\OSCILL~1\ARDUIN~1\Debug\libArduinoCore.a(WString.o)
                0x00005e98                _ZN6StringD2Ev
                0x00005e98                _ZN6StringD1Ev
 .text._ZN6String10invalidateEv
                0x00005ea0       0x22 C:\Users\tiago\DOCUME~1\GitHub\KIDMOD~1\OSCILL~2\OSCILL~3\OSCILL~1\ARDUIN~1\Debug\libArduinoCore.a(WString.o)
                0x00005ea0                _ZN6String10invalidateEv
 .text._ZN6String12changeBufferEj
                0x00005ec2       0x32 C:\Users\tiago\DOCUME~1\GitHub\KIDMOD~1\OSCILL~2\OSCILL~3\OSCILL~1\ARDUIN~1\Debug\libArduinoCore.a(WString.o)
                0x00005ec2                _ZN6String12changeBufferEj
 .text._ZN6String7reserveEj
                0x00005ef4       0x36 C:\Users\tiago\DOCUME~1\GitHub\KIDMOD~1\OSCILL~2\OSCILL~3\OSCILL~1\ARDUIN~1\Debug\libArduinoCore.a(WString.o)
                0x00005ef4                _ZN6String7reserveEj
 .text._ZN6String4copyEPKcj
                0x00005f2a       0x3c C:\Users\tiago\DOCUME~1\GitHub\KIDMOD~1\OSCILL~2\OSCILL~3\OSCILL~1\ARDUIN~1\Debug\libArduinoCore.a(WString.o)
                0x00005f2a                _ZN6String4copyEPKcj
 .text._ZN6StringC2EPKc
                0x00005f66       0x28 C:\Users\tiago\DOCUME~1\GitHub\KIDMOD~1\OSCILL~2\OSCILL~3\OSCILL~1\ARDUIN~1\Debug\libArduinoCore.a(WString.o)
                0x00005f66                _ZN6StringC2EPKc
                0x00005f66                _ZN6StringC1EPKc
 .text.__empty  0x00005f8e        0x2 C:\Users\tiago\DOCUME~1\GitHub\KIDMOD~1\OSCILL~2\OSCILL~3\OSCILL~1\ARDUIN~1\Debug\libArduinoCore.a(hooks.o)
                0x00005f8e                yield
 .text.avr-libc.fplib
                0x00005f90        0x4 c:/program files (x86)/atmel/studio/7.0/toolchain/avr8/avr8-gnu-toolchain/bin/../lib/gcc/avr/5.4.0/../../../../avr/lib/avr6\libm.a(divsf3.o)
                0x00005f90                __divsf3
 .text.avr-libc.fplib
                0x00005f94       0xcc c:/program files (x86)/atmel/studio/7.0/toolchain/avr8/avr8-gnu-toolchain/bin/../lib/gcc/avr/5.4.0/../../../../avr/lib/avr6\libm.a(divsf3x.o)
                0x00005faa                __divsf3x
                0x00005fae                __divsf3_pse
 .text.avr-libc.fplib
                0x00006060        0x8 c:/program files (x86)/atmel/studio/7.0/toolchain/avr8/avr8-gnu-toolchain/bin/../lib/gcc/avr/5.4.0/../../../../avr/lib/avr6\libm.a(gesf2.o)
                0x00006060                __gesf2
                0x00006060                __gtsf2
 .text.avr-libc.fplib
                0x00006068        0x8 c:/program files (x86)/atmel/studio/7.0/toolchain/avr8/avr8-gnu-toolchain/bin/../lib/gcc/avr/5.4.0/../../../../avr/lib/avr6\libm.a(unordsf2.o)
                0x00006068                __unordsf2
 .text.libgcc.mul
                0x00006070       0x1e c:/program files (x86)/atmel/studio/7.0/toolchain/avr8/avr8-gnu-toolchain/bin/../lib/gcc/avr/5.4.0/avr6\libgcc.a(_mulsi3.o)
                0x00006070                __mulsi3
 .text.libgcc.div
                0x0000608e       0x44 c:/program files (x86)/atmel/studio/7.0/toolchain/avr8/avr8-gnu-toolchain/bin/../lib/gcc/avr/5.4.0/avr6\libgcc.a(_udivmodsi4.o)
                0x0000608e                __udivmodsi4
 .text.libgcc.div
                0x000060d2       0x28 c:/program files (x86)/atmel/studio/7.0/toolchain/avr8/avr8-gnu-toolchain/bin/../lib/gcc/avr/5.4.0/avr6\libgcc.a(_divmodsi4.o)
                0x000060d2                __divmodsi4
 .text.libgcc.div
                0x000060fa       0x10 c:/program files (x86)/atmel/studio/7.0/toolchain/avr8/avr8-gnu-toolchain/bin/../lib/gcc/avr/5.4.0/avr6\libgcc.a(_negsi2.o)
                0x000060fa                __negsi2
 .text.libgcc   0x0000610a       0x10 c:/program files (x86)/atmel/studio/7.0/toolchain/avr8/avr8-gnu-toolchain/bin/../lib/gcc/avr/5.4.0/avr6\libgcc.a(_tablejump2.o)
                0x0000610a                __tablejump2__
 .text.libgcc.mul
                0x0000611a       0x14 c:/program files (x86)/atmel/studio/7.0/toolchain/avr8/avr8-gnu-toolchain/bin/../lib/gcc/avr/5.4.0/avr6\libgcc.a(_muluhisi3.o)
                0x0000611a                __muluhisi3
 .text.libgcc.mul
                0x0000612e       0x1e c:/program files (x86)/atmel/studio/7.0/toolchain/avr8/avr8-gnu-toolchain/bin/../lib/gcc/avr/5.4.0/avr6\libgcc.a(_umulhisi3.o)
                0x0000612e                __umulhisi3
 .text.avr-libc
                0x0000614c      0x242 c:/program files (x86)/atmel/studio/7.0/toolchain/avr8/avr8-gnu-toolchain/bin/../lib/gcc/avr/5.4.0/../../../../avr/lib/avr6\libc.a(malloc.o)
                0x0000614c                malloc
                0x0000627c                free
 .text.avr-libc
                0x0000638e      0x1c0 c:/program files (x86)/atmel/studio/7.0/toolchain/avr8/avr8-gnu-toolchain/bin/../lib/gcc/avr/5.4.0/../../../../avr/lib/avr6\libc.a(realloc.o)
                0x0000638e                realloc
 .text.avr-libc
                0x0000654e       0x12 c:/program files (x86)/atmel/studio/7.0/toolchain/avr8/avr8-gnu-toolchain/bin/../lib/gcc/avr/5.4.0/../../../../avr/lib/avr6\libc.a(memcpy.o)
                0x0000654e                memcpy
 .text.avr-libc
                0x00006560        0xe c:/program files (x86)/atmel/studio/7.0/toolchain/avr8/avr8-gnu-toolchain/bin/../lib/gcc/avr/5.4.0/../../../../avr/lib/avr6\libc.a(strcpy.o)
                0x00006560                strcpy
                0x0000656e                . = ALIGN (0x2)
 *(.fini9)
 .fini9         0x0000656e        0x0 c:/program files (x86)/atmel/studio/7.0/toolchain/avr8/avr8-gnu-toolchain/bin/../lib/gcc/avr/5.4.0/avr6\libgcc.a(_exit.o)
                0x0000656e                _exit
                0x0000656e                exit
 *(.fini9)
 *(.fini8)
 *(.fini8)
 *(.fini7)
 *(.fini7)
 *(.fini6)
 .fini6         0x0000656e       0x1e c:/program files (x86)/atmel/studio/7.0/toolchain/avr8/avr8-gnu-toolchain/bin/../lib/gcc/avr/5.4.0/avr6\libgcc.a(_dtors.o)
                0x0000656e                __do_global_dtors
 *(.fini6)
 *(.fini5)
 *(.fini5)
 *(.fini4)
 *(.fini4)
 *(.fini3)
 *(.fini3)
 *(.fini2)
 *(.fini2)
 *(.fini1)
 *(.fini1)
 *(.fini0)
 .fini0         0x0000658c        0x4 c:/program files (x86)/atmel/studio/7.0/toolchain/avr8/avr8-gnu-toolchain/bin/../lib/gcc/avr/5.4.0/avr6\libgcc.a(_exit.o)
 *(.fini0)
                0x00006590                _etext = .

.data           0x00800200      0x154 load address 0x00006590
                0x00800200                PROVIDE (__data_start, .)
 *(.data)
 .data          0x00800200        0x6 c:/program files (x86)/atmel/studio/7.0/toolchain/avr8/avr8-gnu-toolchain/bin/../lib/gcc/avr/5.4.0/../../../../avr/lib/avr6\libc.a(malloc.o)
                0x00800200                __malloc_heap_end
                0x00800202                __malloc_heap_start
                0x00800204                __malloc_margin
 *(.data*)
 *(.gnu.linkonce.d*)
 *(.rodata)
 .rodata        0x00800206       0xa0 src/libraries/UTFT/UTFT.o
 *(.rodata*)
 .rodata.str1.1
                0x008002a6       0x8f Sketch.o
                                 0x90 (size before relaxing)
 .rodata._ZTV14HardwareSerial
                0x00800335       0x10 C:\Users\tiago\DOCUME~1\GitHub\KIDMOD~1\OSCILL~2\OSCILL~3\OSCILL~1\ARDUIN~1\Debug\libArduinoCore.a(HardwareSerial.o)
                0x00800335                _ZTV14HardwareSerial
 .rodata.str1.1
                0x00800345        0xf C:\Users\tiago\DOCUME~1\GitHub\KIDMOD~1\OSCILL~2\OSCILL~3\OSCILL~1\ARDUIN~1\Debug\libArduinoCore.a(Print.o)
 *(.gnu.linkonce.r*)
                0x00800354                . = ALIGN (0x2)
                0x00800354                _edata = .
                0x00800354                PROVIDE (__data_end, .)

.bss            0x00800354      0x2aa
                0x00800354                PROVIDE (__bss_start, .)
 *(.bss)
 *(.bss*)
 .bss.screen    0x00800354       0xc4 Sketch.o
                0x00800354                screen
 .bss.control   0x00800418       0x50 Sketch.o
                0x00800418                control
 .bss.parameters
                0x00800468       0x26 Sketch.o
                0x00800468                parameters
 .bss._ZL7fxNames
                0x0080048e       0x30 Sketch.o
 .bss._ZL9waveNames
                0x008004be       0x18 Sketch.o
 .bss._ZL8fxLabels
                0x008004d6       0x18 Sketch.o
 .bss._ZL9envLabels
                0x008004ee       0x18 Sketch.o
 .bss._ZL9filLabels
                0x00800506       0x18 Sketch.o
 .bss._ZL9oscLabels
                0x0080051e       0x18 Sketch.o
 .bss._ZL8tmTables
                0x00800536       0x1e Sketch.o
 .bss.Serial    0x00800554       0x9d C:\Users\tiago\DOCUME~1\GitHub\KIDMOD~1\OSCILL~2\OSCILL~3\OSCILL~1\ARDUIN~1\Debug\libArduinoCore.a(HardwareSerial0.o)
                0x00800554                Serial
 .bss.timer0_fract
                0x008005f1        0x1 C:\Users\tiago\DOCUME~1\GitHub\KIDMOD~1\OSCILL~2\OSCILL~3\OSCILL~1\ARDUIN~1\Debug\libArduinoCore.a(wiring.o)
 .bss.timer0_millis
                0x008005f2        0x4 C:\Users\tiago\DOCUME~1\GitHub\KIDMOD~1\OSCILL~2\OSCILL~3\OSCILL~1\ARDUIN~1\Debug\libArduinoCore.a(wiring.o)
                0x008005f2                timer0_millis
 .bss.timer0_overflow_count
                0x008005f6        0x4 C:\Users\tiago\DOCUME~1\GitHub\KIDMOD~1\OSCILL~2\OSCILL~3\OSCILL~1\ARDUIN~1\Debug\libArduinoCore.a(wiring.o)
                0x008005f6                timer0_overflow_count
 *(COMMON)
 COMMON         0x008005fa        0x4 c:/program files (x86)/atmel/studio/7.0/toolchain/avr8/avr8-gnu-toolchain/bin/../lib/gcc/avr/5.4.0/../../../../avr/lib/avr6\libc.a(malloc.o)
                0x008005fa                __brkval
                0x008005fc                __flp
                0x008005fe                PROVIDE (__bss_end, .)
                0x00006590                __data_load_start = LOADADDR (.data)
                0x000066e4                __data_load_end = (__data_load_start + SIZEOF (.data))

.noinit         0x008005fe        0x0
                [!provide]                PROVIDE (__noinit_start, .)
 *(.noinit*)
                [!provide]                PROVIDE (__noinit_end, .)
                0x008005fe                _end = .
                0x008005fe                PROVIDE (__heap_start, .)

.eeprom         0x00810000        0x0
 *(.eeprom*)
                0x00810000                __eeprom_end = .

.fuse
 *(.fuse)
 *(.lfuse)
 *(.hfuse)
 *(.efuse)

.lock
 *(.lock*)

.signature
 *(.signature*)

.user_signatures
 *(.user_signatures*)

.stab
 *(.stab)

.stabstr
 *(.stabstr)

.stab.excl
 *(.stab.excl)

.stab.exclstr
 *(.stab.exclstr)

.stab.index
 *(.stab.index)

.stab.indexstr
 *(.stab.indexstr)

.comment        0x00000000       0x30
 *(.comment)
 .comment       0x00000000       0x30 Control.o
                                 0x31 (size before relaxing)
 .comment       0x00000030       0x31 EncoderHandler.o
 .comment       0x00000030       0x31 Menu.o
 .comment       0x00000030       0x31 Screen.o
 .comment       0x00000030       0x31 Sketch.o
 .comment       0x00000030       0x31 src/libraries/UTFT/DefaultFonts.o
 .comment       0x00000030       0x31 src/libraries/UTFT/UTFT.o
 .comment       0x00000030       0x31 Window.o
 .comment       0x00000030       0x31 C:\Users\tiago\DOCUME~1\GitHub\KIDMOD~1\OSCILL~2\OSCILL~3\OSCILL~1\ARDUIN~1\Debug\libArduinoCore.a(HardwareSerial.o)
 .comment       0x00000030       0x31 C:\Users\tiago\DOCUME~1\GitHub\KIDMOD~1\OSCILL~2\OSCILL~3\OSCILL~1\ARDUIN~1\Debug\libArduinoCore.a(HardwareSerial0.o)
 .comment       0x00000030       0x31 C:\Users\tiago\DOCUME~1\GitHub\KIDMOD~1\OSCILL~2\OSCILL~3\OSCILL~1\ARDUIN~1\Debug\libArduinoCore.a(main.o)
 .comment       0x00000030       0x31 C:\Users\tiago\DOCUME~1\GitHub\KIDMOD~1\OSCILL~2\OSCILL~3\OSCILL~1\ARDUIN~1\Debug\libArduinoCore.a(new.o)
 .comment       0x00000030       0x31 C:\Users\tiago\DOCUME~1\GitHub\KIDMOD~1\OSCILL~2\OSCILL~3\OSCILL~1\ARDUIN~1\Debug\libArduinoCore.a(Print.o)
 .comment       0x00000030       0x31 C:\Users\tiago\DOCUME~1\GitHub\KIDMOD~1\OSCILL~2\OSCILL~3\OSCILL~1\ARDUIN~1\Debug\libArduinoCore.a(wiring.o)
 .comment       0x00000030       0x31 C:\Users\tiago\DOCUME~1\GitHub\KIDMOD~1\OSCILL~2\OSCILL~3\OSCILL~1\ARDUIN~1\Debug\libArduinoCore.a(wiring_digital.o)
 .comment       0x00000030       0x31 C:\Users\tiago\DOCUME~1\GitHub\KIDMOD~1\OSCILL~2\OSCILL~3\OSCILL~1\ARDUIN~1\Debug\libArduinoCore.a(WString.o)
 .comment       0x00000030       0x31 C:\Users\tiago\DOCUME~1\GitHub\KIDMOD~1\OSCILL~2\OSCILL~3\OSCILL~1\ARDUIN~1\Debug\libArduinoCore.a(hooks.o)
 .comment       0x00000030       0x31 c:/program files (x86)/atmel/studio/7.0/toolchain/avr8/avr8-gnu-toolchain/bin/../lib/gcc/avr/5.4.0/../../../../avr/lib/avr6\libc.a(malloc.o)
 .comment       0x00000030       0x31 c:/program files (x86)/atmel/studio/7.0/toolchain/avr8/avr8-gnu-toolchain/bin/../lib/gcc/avr/5.4.0/../../../../avr/lib/avr6\libc.a(realloc.o)

.note.gnu.avr.deviceinfo
                0x00000000       0x40
 .note.gnu.avr.deviceinfo
                0x00000000       0x40 C:/Program Files (x86)/Atmel/Studio/7.0/Packs/atmel/ATmega_DFP/1.2.150/gcc/dev/atmega2560/avr6/crtatmega2560.o

.note.gnu.build-id
 *(.note.gnu.build-id)

.debug
 *(.debug)

.line
 *(.line)

.debug_srcinfo
 *(.debug_srcinfo)

.debug_sfnames
 *(.debug_sfnames)

.debug_aranges  0x00000000      0x868
 *(.debug_aranges)
 .debug_aranges
                0x00000000       0x38 Control.o
 .debug_aranges
                0x00000038       0x40 EncoderHandler.o
 .debug_aranges
                0x00000078       0x30 Menu.o
 .debug_aranges
                0x000000a8       0x30 Screen.o
 .debug_aranges
                0x000000d8       0x38 Sketch.o
 .debug_aranges
                0x00000110       0x18 src/libraries/UTFT/DefaultFonts.o
 .debug_aranges
                0x00000128      0x1d0 src/libraries/UTFT/UTFT.o
 .debug_aranges
                0x000002f8       0x30 Window.o
 .debug_aranges
                0x00000328       0x68 C:\Users\tiago\DOCUME~1\GitHub\KIDMOD~1\OSCILL~2\OSCILL~3\OSCILL~1\ARDUIN~1\Debug\libArduinoCore.a(HardwareSerial.o)
 .debug_aranges
                0x00000390       0x38 C:\Users\tiago\DOCUME~1\GitHub\KIDMOD~1\OSCILL~2\OSCILL~3\OSCILL~1\ARDUIN~1\Debug\libArduinoCore.a(HardwareSerial0.o)
 .debug_aranges
                0x000003c8       0x30 C:\Users\tiago\DOCUME~1\GitHub\KIDMOD~1\OSCILL~2\OSCILL~3\OSCILL~1\ARDUIN~1\Debug\libArduinoCore.a(main.o)
 .debug_aranges
                0x000003f8       0x28 C:\Users\tiago\DOCUME~1\GitHub\KIDMOD~1\OSCILL~2\OSCILL~3\OSCILL~1\ARDUIN~1\Debug\libArduinoCore.a(new.o)
 .debug_aranges
                0x00000420       0xf0 C:\Users\tiago\DOCUME~1\GitHub\KIDMOD~1\OSCILL~2\OSCILL~3\OSCILL~1\ARDUIN~1\Debug\libArduinoCore.a(Print.o)
 .debug_aranges
                0x00000510       0x48 C:\Users\tiago\DOCUME~1\GitHub\KIDMOD~1\OSCILL~2\OSCILL~3\OSCILL~1\ARDUIN~1\Debug\libArduinoCore.a(wiring.o)
 .debug_aranges
                0x00000558       0x38 C:\Users\tiago\DOCUME~1\GitHub\KIDMOD~1\OSCILL~2\OSCILL~3\OSCILL~1\ARDUIN~1\Debug\libArduinoCore.a(wiring_digital.o)
 .debug_aranges
                0x00000590      0x2b8 C:\Users\tiago\DOCUME~1\GitHub\KIDMOD~1\OSCILL~2\OSCILL~3\OSCILL~1\ARDUIN~1\Debug\libArduinoCore.a(WString.o)
 .debug_aranges
                0x00000848       0x20 C:\Users\tiago\DOCUME~1\GitHub\KIDMOD~1\OSCILL~2\OSCILL~3\OSCILL~1\ARDUIN~1\Debug\libArduinoCore.a(hooks.o)

.debug_pubnames
 *(.debug_pubnames)

.debug_info     0x00000000    0x25cc5
 *(.debug_info .gnu.linkonce.wi.*)
 .debug_info    0x00000000      0xbbc C:/Program Files (x86)/Atmel/Studio/7.0/Packs/atmel/ATmega_DFP/1.2.150/gcc/dev/atmega2560/avr6/crtatmega2560.o
 .debug_info    0x00000bbc      0xa6a Control.o
 .debug_info    0x00001626      0x708 EncoderHandler.o
 .debug_info    0x00001d2e     0x2157 Menu.o
 .debug_info    0x00003e85     0x2864 Screen.o
 .debug_info    0x000066e9     0x325d Sketch.o
 .debug_info    0x00009946       0xe5 src/libraries/UTFT/DefaultFonts.o
 .debug_info    0x00009a2b     0xedc8 src/libraries/UTFT/UTFT.o
 .debug_info    0x000187f3     0x20f6 Window.o
 .debug_info    0x0001a8e9     0x1f9f C:\Users\tiago\DOCUME~1\GitHub\KIDMOD~1\OSCILL~2\OSCILL~3\OSCILL~1\ARDUIN~1\Debug\libArduinoCore.a(HardwareSerial.o)
 .debug_info    0x0001c888     0x1af7 C:\Users\tiago\DOCUME~1\GitHub\KIDMOD~1\OSCILL~2\OSCILL~3\OSCILL~1\ARDUIN~1\Debug\libArduinoCore.a(HardwareSerial0.o)
 .debug_info    0x0001e37f      0x295 C:\Users\tiago\DOCUME~1\GitHub\KIDMOD~1\OSCILL~2\OSCILL~3\OSCILL~1\ARDUIN~1\Debug\libArduinoCore.a(main.o)
 .debug_info    0x0001e614      0x11c C:\Users\tiago\DOCUME~1\GitHub\KIDMOD~1\OSCILL~2\OSCILL~3\OSCILL~1\ARDUIN~1\Debug\libArduinoCore.a(new.o)
 .debug_info    0x0001e730     0x28bc C:\Users\tiago\DOCUME~1\GitHub\KIDMOD~1\OSCILL~2\OSCILL~3\OSCILL~1\ARDUIN~1\Debug\libArduinoCore.a(Print.o)
 .debug_info    0x00020fec      0x329 C:\Users\tiago\DOCUME~1\GitHub\KIDMOD~1\OSCILL~2\OSCILL~3\OSCILL~1\ARDUIN~1\Debug\libArduinoCore.a(wiring.o)
 .debug_info    0x00021315      0x63a C:\Users\tiago\DOCUME~1\GitHub\KIDMOD~1\OSCILL~2\OSCILL~3\OSCILL~1\ARDUIN~1\Debug\libArduinoCore.a(wiring_digital.o)
 .debug_info    0x0002194f     0x4338 C:\Users\tiago\DOCUME~1\GitHub\KIDMOD~1\OSCILL~2\OSCILL~3\OSCILL~1\ARDUIN~1\Debug\libArduinoCore.a(WString.o)
 .debug_info    0x00025c87       0x3e C:\Users\tiago\DOCUME~1\GitHub\KIDMOD~1\OSCILL~2\OSCILL~3\OSCILL~1\ARDUIN~1\Debug\libArduinoCore.a(hooks.o)

.debug_abbrev   0x00000000     0x39b8
 *(.debug_abbrev)
 .debug_abbrev  0x00000000      0xb1a C:/Program Files (x86)/Atmel/Studio/7.0/Packs/atmel/ATmega_DFP/1.2.150/gcc/dev/atmega2560/avr6/crtatmega2560.o
 .debug_abbrev  0x00000b1a      0x2ed Control.o
 .debug_abbrev  0x00000e07      0x237 EncoderHandler.o
 .debug_abbrev  0x0000103e      0x32b Menu.o
 .debug_abbrev  0x00001369      0x3ab Screen.o
 .debug_abbrev  0x00001714      0x472 Sketch.o
 .debug_abbrev  0x00001b86       0x5d src/libraries/UTFT/DefaultFonts.o
 .debug_abbrev  0x00001be3      0x539 src/libraries/UTFT/UTFT.o
 .debug_abbrev  0x0000211c      0x2d8 Window.o
 .debug_abbrev  0x000023f4      0x432 C:\Users\tiago\DOCUME~1\GitHub\KIDMOD~1\OSCILL~2\OSCILL~3\OSCILL~1\ARDUIN~1\Debug\libArduinoCore.a(HardwareSerial.o)
 .debug_abbrev  0x00002826      0x3a2 C:\Users\tiago\DOCUME~1\GitHub\KIDMOD~1\OSCILL~2\OSCILL~3\OSCILL~1\ARDUIN~1\Debug\libArduinoCore.a(HardwareSerial0.o)
 .debug_abbrev  0x00002bc8      0x12d C:\Users\tiago\DOCUME~1\GitHub\KIDMOD~1\OSCILL~2\OSCILL~3\OSCILL~1\ARDUIN~1\Debug\libArduinoCore.a(main.o)
 .debug_abbrev  0x00002cf5       0xce C:\Users\tiago\DOCUME~1\GitHub\KIDMOD~1\OSCILL~2\OSCILL~3\OSCILL~1\ARDUIN~1\Debug\libArduinoCore.a(new.o)
 .debug_abbrev  0x00002dc3      0x469 C:\Users\tiago\DOCUME~1\GitHub\KIDMOD~1\OSCILL~2\OSCILL~3\OSCILL~1\ARDUIN~1\Debug\libArduinoCore.a(Print.o)
 .debug_abbrev  0x0000322c      0x146 C:\Users\tiago\DOCUME~1\GitHub\KIDMOD~1\OSCILL~2\OSCILL~3\OSCILL~1\ARDUIN~1\Debug\libArduinoCore.a(wiring.o)
 .debug_abbrev  0x00003372      0x15a C:\Users\tiago\DOCUME~1\GitHub\KIDMOD~1\OSCILL~2\OSCILL~3\OSCILL~1\ARDUIN~1\Debug\libArduinoCore.a(wiring_digital.o)
 .debug_abbrev  0x000034cc      0x4c2 C:\Users\tiago\DOCUME~1\GitHub\KIDMOD~1\OSCILL~2\OSCILL~3\OSCILL~1\ARDUIN~1\Debug\libArduinoCore.a(WString.o)
 .debug_abbrev  0x0000398e       0x2a C:\Users\tiago\DOCUME~1\GitHub\KIDMOD~1\OSCILL~2\OSCILL~3\OSCILL~1\ARDUIN~1\Debug\libArduinoCore.a(hooks.o)

.debug_line     0x00000000     0x74f2
 *(.debug_line .debug_line.* .debug_line_end)
 .debug_line    0x00000000      0x1f9 C:/Program Files (x86)/Atmel/Studio/7.0/Packs/atmel/ATmega_DFP/1.2.150/gcc/dev/atmega2560/avr6/crtatmega2560.o
 .debug_line    0x000001f9      0x252 Control.o
 .debug_line    0x0000044b      0x19b EncoderHandler.o
 .debug_line    0x000005e6      0x233 Menu.o
 .debug_line    0x00000819      0x239 Screen.o
 .debug_line    0x00000a52      0x34b Sketch.o
 .debug_line    0x00000d9d       0xa4 src/libraries/UTFT/DefaultFonts.o
 .debug_line    0x00000e41     0x3caa src/libraries/UTFT/UTFT.o
 .debug_line    0x00004aeb      0x194 Window.o
 .debug_line    0x00004c7f      0x489 C:\Users\tiago\DOCUME~1\GitHub\KIDMOD~1\OSCILL~2\OSCILL~3\OSCILL~1\ARDUIN~1\Debug\libArduinoCore.a(HardwareSerial.o)
 .debug_line    0x00005108      0x253 C:\Users\tiago\DOCUME~1\GitHub\KIDMOD~1\OSCILL~2\OSCILL~3\OSCILL~1\ARDUIN~1\Debug\libArduinoCore.a(HardwareSerial0.o)
 .debug_line    0x0000535b      0x161 C:\Users\tiago\DOCUME~1\GitHub\KIDMOD~1\OSCILL~2\OSCILL~3\OSCILL~1\ARDUIN~1\Debug\libArduinoCore.a(main.o)
 .debug_line    0x000054bc      0x12f C:\Users\tiago\DOCUME~1\GitHub\KIDMOD~1\OSCILL~2\OSCILL~3\OSCILL~1\ARDUIN~1\Debug\libArduinoCore.a(new.o)
 .debug_line    0x000055eb      0x622 C:\Users\tiago\DOCUME~1\GitHub\KIDMOD~1\OSCILL~2\OSCILL~3\OSCILL~1\ARDUIN~1\Debug\libArduinoCore.a(Print.o)
 .debug_line    0x00005c0d      0x2cb C:\Users\tiago\DOCUME~1\GitHub\KIDMOD~1\OSCILL~2\OSCILL~3\OSCILL~1\ARDUIN~1\Debug\libArduinoCore.a(wiring.o)
 .debug_line    0x00005ed8      0x284 C:\Users\tiago\DOCUME~1\GitHub\KIDMOD~1\OSCILL~2\OSCILL~3\OSCILL~1\ARDUIN~1\Debug\libArduinoCore.a(wiring_digital.o)
 .debug_line    0x0000615c     0x1355 C:\Users\tiago\DOCUME~1\GitHub\KIDMOD~1\OSCILL~2\OSCILL~3\OSCILL~1\ARDUIN~1\Debug\libArduinoCore.a(WString.o)
 .debug_line    0x000074b1       0x41 C:\Users\tiago\DOCUME~1\GitHub\KIDMOD~1\OSCILL~2\OSCILL~3\OSCILL~1\ARDUIN~1\Debug\libArduinoCore.a(hooks.o)

.debug_frame    0x00000000     0x1fc0
 *(.debug_frame)
 .debug_frame   0x00000000       0xa0 Control.o
 .debug_frame   0x000000a0       0x64 EncoderHandler.o
 .debug_frame   0x00000104       0x88 Menu.o
 .debug_frame   0x0000018c       0x8c Screen.o
 .debug_frame   0x00000218       0x6c Sketch.o
 .debug_frame   0x00000284      0xaf0 src/libraries/UTFT/UTFT.o
 .debug_frame   0x00000d74       0x84 Window.o
 .debug_frame   0x00000df8      0x110 C:\Users\tiago\DOCUME~1\GitHub\KIDMOD~1\OSCILL~2\OSCILL~3\OSCILL~1\ARDUIN~1\Debug\libArduinoCore.a(HardwareSerial.o)
 .debug_frame   0x00000f08       0xc0 C:\Users\tiago\DOCUME~1\GitHub\KIDMOD~1\OSCILL~2\OSCILL~3\OSCILL~1\ARDUIN~1\Debug\libArduinoCore.a(HardwareSerial0.o)
 .debug_frame   0x00000fc8       0x54 C:\Users\tiago\DOCUME~1\GitHub\KIDMOD~1\OSCILL~2\OSCILL~3\OSCILL~1\ARDUIN~1\Debug\libArduinoCore.a(main.o)
 .debug_frame   0x0000101c       0x54 C:\Users\tiago\DOCUME~1\GitHub\KIDMOD~1\OSCILL~2\OSCILL~3\OSCILL~1\ARDUIN~1\Debug\libArduinoCore.a(new.o)
 .debug_frame   0x00001070      0x38c C:\Users\tiago\DOCUME~1\GitHub\KIDMOD~1\OSCILL~2\OSCILL~3\OSCILL~1\ARDUIN~1\Debug\libArduinoCore.a(Print.o)
 .debug_frame   0x000013fc       0xc4 C:\Users\tiago\DOCUME~1\GitHub\KIDMOD~1\OSCILL~2\OSCILL~3\OSCILL~1\ARDUIN~1\Debug\libArduinoCore.a(wiring.o)
 .debug_frame   0x000014c0       0x7c C:\Users\tiago\DOCUME~1\GitHub\KIDMOD~1\OSCILL~2\OSCILL~3\OSCILL~1\ARDUIN~1\Debug\libArduinoCore.a(wiring_digital.o)
 .debug_frame   0x0000153c      0xa60 C:\Users\tiago\DOCUME~1\GitHub\KIDMOD~1\OSCILL~2\OSCILL~3\OSCILL~1\ARDUIN~1\Debug\libArduinoCore.a(WString.o)
 .debug_frame   0x00001f9c       0x24 C:\Users\tiago\DOCUME~1\GitHub\KIDMOD~1\OSCILL~2\OSCILL~3\OSCILL~1\ARDUIN~1\Debug\libArduinoCore.a(hooks.o)

.debug_str      0x00000000     0x38eb
 *(.debug_str)
 .debug_str     0x00000000      0x3e6 C:/Program Files (x86)/Atmel/Studio/7.0/Packs/atmel/ATmega_DFP/1.2.150/gcc/dev/atmega2560/avr6/crtatmega2560.o
 .debug_str     0x000003e6      0x7da Control.o
                                0x893 (size before relaxing)
 .debug_str     0x00000bc0       0x30 EncoderHandler.o
                                0x606 (size before relaxing)
 .debug_str     0x00000bf0     0x1462 Menu.o
                               0x18b3 (size before relaxing)
 .debug_str     0x00002052      0x1aa Screen.o
                               0x1e70 (size before relaxing)
 .debug_str     0x000021fc      0x240 Sketch.o
                               0x20b5 (size before relaxing)
 .debug_str     0x0000243c      0x10b src/libraries/UTFT/DefaultFonts.o
                                0x215 (size before relaxing)
 .debug_str     0x00002547      0x11b src/libraries/UTFT/UTFT.o
                               0x17ca (size before relaxing)
 .debug_str     0x00002662       0x1f Window.o
                               0x188e (size before relaxing)
 .debug_str     0x00002681      0x8e6 C:\Users\tiago\DOCUME~1\GitHub\KIDMOD~1\OSCILL~2\OSCILL~3\OSCILL~1\ARDUIN~1\Debug\libArduinoCore.a(HardwareSerial.o)
                               0x1701 (size before relaxing)
 .debug_str     0x00002f67       0x55 C:\Users\tiago\DOCUME~1\GitHub\KIDMOD~1\OSCILL~2\OSCILL~3\OSCILL~1\ARDUIN~1\Debug\libArduinoCore.a(HardwareSerial0.o)
                               0x1402 (size before relaxing)
 .debug_str     0x00002fbc       0x37 C:\Users\tiago\DOCUME~1\GitHub\KIDMOD~1\OSCILL~2\OSCILL~3\OSCILL~1\ARDUIN~1\Debug\libArduinoCore.a(main.o)
                                0x2de (size before relaxing)
 .debug_str     0x00002ff3       0x50 C:\Users\tiago\DOCUME~1\GitHub\KIDMOD~1\OSCILL~2\OSCILL~3\OSCILL~1\ARDUIN~1\Debug\libArduinoCore.a(new.o)
                                0x1f4 (size before relaxing)
 .debug_str     0x00003043      0x3b7 C:\Users\tiago\DOCUME~1\GitHub\KIDMOD~1\OSCILL~2\OSCILL~3\OSCILL~1\ARDUIN~1\Debug\libArduinoCore.a(Print.o)
                               0x1223 (size before relaxing)
 .debug_str     0x000033fa       0x85 C:\Users\tiago\DOCUME~1\GitHub\KIDMOD~1\OSCILL~2\OSCILL~3\OSCILL~1\ARDUIN~1\Debug\libArduinoCore.a(wiring.o)
                                0x274 (size before relaxing)
 .debug_str     0x0000347f       0x69 C:\Users\tiago\DOCUME~1\GitHub\KIDMOD~1\OSCILL~2\OSCILL~3\OSCILL~1\ARDUIN~1\Debug\libArduinoCore.a(wiring_digital.o)
                                0x2d9 (size before relaxing)
 .debug_str     0x000034e8      0x3e7 C:\Users\tiago\DOCUME~1\GitHub\KIDMOD~1\OSCILL~2\OSCILL~3\OSCILL~1\ARDUIN~1\Debug\libArduinoCore.a(WString.o)
                               0x11bf (size before relaxing)
 .debug_str     0x000038cf       0x1c C:\Users\tiago\DOCUME~1\GitHub\KIDMOD~1\OSCILL~2\OSCILL~3\OSCILL~1\ARDUIN~1\Debug\libArduinoCore.a(hooks.o)
                                0x169 (size before relaxing)

.debug_loc      0x00000000     0xcd0c
 *(.debug_loc)
 .debug_loc     0x00000000       0xe2 Control.o
 .debug_loc     0x000000e2      0x157 Menu.o
 .debug_loc     0x00000239      0x1aa Screen.o
 .debug_loc     0x000003e3       0x75 Sketch.o
 .debug_loc     0x00000458     0x5b86 src/libraries/UTFT/UTFT.o
 .debug_loc     0x00005fde       0x50 Window.o
 .debug_loc     0x0000602e      0x482 C:\Users\tiago\DOCUME~1\GitHub\KIDMOD~1\OSCILL~2\OSCILL~3\OSCILL~1\ARDUIN~1\Debug\libArduinoCore.a(HardwareSerial.o)
 .debug_loc     0x000064b0      0x18a C:\Users\tiago\DOCUME~1\GitHub\KIDMOD~1\OSCILL~2\OSCILL~3\OSCILL~1\ARDUIN~1\Debug\libArduinoCore.a(HardwareSerial0.o)
 .debug_loc     0x0000663a       0x4c C:\Users\tiago\DOCUME~1\GitHub\KIDMOD~1\OSCILL~2\OSCILL~3\OSCILL~1\ARDUIN~1\Debug\libArduinoCore.a(new.o)
 .debug_loc     0x00006686     0x1c61 C:\Users\tiago\DOCUME~1\GitHub\KIDMOD~1\OSCILL~2\OSCILL~3\OSCILL~1\ARDUIN~1\Debug\libArduinoCore.a(Print.o)
 .debug_loc     0x000082e7      0x28d C:\Users\tiago\DOCUME~1\GitHub\KIDMOD~1\OSCILL~2\OSCILL~3\OSCILL~1\ARDUIN~1\Debug\libArduinoCore.a(wiring.o)
 .debug_loc     0x00008574      0x56b C:\Users\tiago\DOCUME~1\GitHub\KIDMOD~1\OSCILL~2\OSCILL~3\OSCILL~1\ARDUIN~1\Debug\libArduinoCore.a(wiring_digital.o)
 .debug_loc     0x00008adf     0x422d C:\Users\tiago\DOCUME~1\GitHub\KIDMOD~1\OSCILL~2\OSCILL~3\OSCILL~1\ARDUIN~1\Debug\libArduinoCore.a(WString.o)

.debug_macinfo
 *(.debug_macinfo)

.debug_weaknames
 *(.debug_weaknames)

.debug_funcnames
 *(.debug_funcnames)

.debug_typenames
 *(.debug_typenames)

.debug_varnames
 *(.debug_varnames)

.debug_pubtypes
 *(.debug_pubtypes)

.debug_ranges   0x00000000      0x860
 *(.debug_ranges)
 .debug_ranges  0x00000000       0x28 Control.o
 .debug_ranges  0x00000028       0x30 EncoderHandler.o
 .debug_ranges  0x00000058       0x20 Menu.o
 .debug_ranges  0x00000078       0x20 Screen.o
 .debug_ranges  0x00000098       0x40 Sketch.o
 .debug_ranges  0x000000d8      0x238 src/libraries/UTFT/UTFT.o
 .debug_ranges  0x00000310       0x20 Window.o
 .debug_ranges  0x00000330       0x58 C:\Users\tiago\DOCUME~1\GitHub\KIDMOD~1\OSCILL~2\OSCILL~3\OSCILL~1\ARDUIN~1\Debug\libArduinoCore.a(HardwareSerial.o)
 .debug_ranges  0x00000388       0x28 C:\Users\tiago\DOCUME~1\GitHub\KIDMOD~1\OSCILL~2\OSCILL~3\OSCILL~1\ARDUIN~1\Debug\libArduinoCore.a(HardwareSerial0.o)
 .debug_ranges  0x000003b0       0x20 C:\Users\tiago\DOCUME~1\GitHub\KIDMOD~1\OSCILL~2\OSCILL~3\OSCILL~1\ARDUIN~1\Debug\libArduinoCore.a(main.o)
 .debug_ranges  0x000003d0       0x18 C:\Users\tiago\DOCUME~1\GitHub\KIDMOD~1\OSCILL~2\OSCILL~3\OSCILL~1\ARDUIN~1\Debug\libArduinoCore.a(new.o)
 .debug_ranges  0x000003e8      0x110 C:\Users\tiago\DOCUME~1\GitHub\KIDMOD~1\OSCILL~2\OSCILL~3\OSCILL~1\ARDUIN~1\Debug\libArduinoCore.a(Print.o)
 .debug_ranges  0x000004f8       0x38 C:\Users\tiago\DOCUME~1\GitHub\KIDMOD~1\OSCILL~2\OSCILL~3\OSCILL~1\ARDUIN~1\Debug\libArduinoCore.a(wiring.o)
 .debug_ranges  0x00000530       0x28 C:\Users\tiago\DOCUME~1\GitHub\KIDMOD~1\OSCILL~2\OSCILL~3\OSCILL~1\ARDUIN~1\Debug\libArduinoCore.a(wiring_digital.o)
 .debug_ranges  0x00000558      0x2f8 C:\Users\tiago\DOCUME~1\GitHub\KIDMOD~1\OSCILL~2\OSCILL~3\OSCILL~1\ARDUIN~1\Debug\libArduinoCore.a(WString.o)
 .debug_ranges  0x00000850       0x10 C:\Users\tiago\DOCUME~1\GitHub\KIDMOD~1\OSCILL~2\OSCILL~3\OSCILL~1\ARDUIN~1\Debug\libArduinoCore.a(hooks.o)

.debug_macro
 *(.debug_macro)
OUTPUT(OscillatorController.elf elf32-avr)
LOAD linker stubs
