Archive member included to satisfy reference by file (symbol)

C:\Users\tiago\Documents\GitHub\KidModular\DistCV\DistCV\ArduinoCore\Debug\libArduinoCore.a(HardwareSerial.o)
                              Sketch.o (_ZN14HardwareSerial5beginEmh)
C:\Users\tiago\Documents\GitHub\KidModular\DistCV\DistCV\ArduinoCore\Debug\libArduinoCore.a(HardwareSerial0.o)
                              Sketch.o (Serial)
C:\Users\tiago\Documents\GitHub\KidModular\DistCV\DistCV\ArduinoCore\Debug\libArduinoCore.a(main.o)
                              C:/Program Files (x86)/Atmel/Studio/7.0/Packs/atmel/ATmega_DFP/1.2.150/gcc/dev/atmega168/avr5/crtatmega168.o (main)
C:\Users\tiago\Documents\GitHub\KidModular\DistCV\DistCV\ArduinoCore\Debug\libArduinoCore.a(Print.o)
                              C:\Users\tiago\Documents\GitHub\KidModular\DistCV\DistCV\ArduinoCore\Debug\libArduinoCore.a(HardwareSerial.o) (_ZN5Print5writeEPKhj)
C:\Users\tiago\Documents\GitHub\KidModular\DistCV\DistCV\ArduinoCore\Debug\libArduinoCore.a(wiring.o)
                              Sketch.o (millis)
C:\Users\tiago\Documents\GitHub\KidModular\DistCV\DistCV\ArduinoCore\Debug\libArduinoCore.a(wiring_analog.o)
                              Sketch.o (analogRead)
C:\Users\tiago\Documents\GitHub\KidModular\DistCV\DistCV\ArduinoCore\Debug\libArduinoCore.a(wiring_digital.o)
                              Sketch.o (pinMode)
C:\Users\tiago\Documents\GitHub\KidModular\DistCV\DistCV\ArduinoCore\Debug\libArduinoCore.a(WMath.o)
                              Sketch.o (_Z3maplllll)
C:\Users\tiago\Documents\GitHub\KidModular\DistCV\DistCV\ArduinoCore\Debug\libArduinoCore.a(abi.o)
                              C:\Users\tiago\Documents\GitHub\KidModular\DistCV\DistCV\ArduinoCore\Debug\libArduinoCore.a(Print.o) (__cxa_pure_virtual)
C:\Users\tiago\Documents\GitHub\KidModular\DistCV\DistCV\ArduinoCore\Debug\libArduinoCore.a(hooks.o)
                              C:\Users\tiago\Documents\GitHub\KidModular\DistCV\DistCV\ArduinoCore\Debug\libArduinoCore.a(wiring.o) (yield)
c:/program files (x86)/atmel/studio/7.0/toolchain/avr8/avr8-gnu-toolchain/bin/../lib/gcc/avr/5.4.0/../../../../avr/lib/avr5\libm.a(addsf3.o)
                              C:\Users\tiago\Documents\GitHub\KidModular\DistCV\DistCV\ArduinoCore\Debug\libArduinoCore.a(Print.o) (__subsf3)
c:/program files (x86)/atmel/studio/7.0/toolchain/avr8/avr8-gnu-toolchain/bin/../lib/gcc/avr/5.4.0/../../../../avr/lib/avr5\libm.a(addsf3x.o)
                              c:/program files (x86)/atmel/studio/7.0/toolchain/avr8/avr8-gnu-toolchain/bin/../lib/gcc/avr/5.4.0/../../../../avr/lib/avr5\libm.a(addsf3.o) (__addsf3x)
c:/program files (x86)/atmel/studio/7.0/toolchain/avr8/avr8-gnu-toolchain/bin/../lib/gcc/avr/5.4.0/../../../../avr/lib/avr5\libm.a(cmpsf2.o)
                              C:\Users\tiago\Documents\GitHub\KidModular\DistCV\DistCV\ArduinoCore\Debug\libArduinoCore.a(Print.o) (__ltsf2)
c:/program files (x86)/atmel/studio/7.0/toolchain/avr8/avr8-gnu-toolchain/bin/../lib/gcc/avr/5.4.0/../../../../avr/lib/avr5\libm.a(divsf3.o)
                              C:\Users\tiago\Documents\GitHub\KidModular\DistCV\DistCV\ArduinoCore\Debug\libArduinoCore.a(Print.o) (__divsf3)
c:/program files (x86)/atmel/studio/7.0/toolchain/avr8/avr8-gnu-toolchain/bin/../lib/gcc/avr/5.4.0/../../../../avr/lib/avr5\libm.a(divsf3x.o)
                              c:/program files (x86)/atmel/studio/7.0/toolchain/avr8/avr8-gnu-toolchain/bin/../lib/gcc/avr/5.4.0/../../../../avr/lib/avr5\libm.a(divsf3.o) (__divsf3x)
c:/program files (x86)/atmel/studio/7.0/toolchain/avr8/avr8-gnu-toolchain/bin/../lib/gcc/avr/5.4.0/../../../../avr/lib/avr5\libm.a(fixunssfsi.o)
                              C:\Users\tiago\Documents\GitHub\KidModular\DistCV\DistCV\ArduinoCore\Debug\libArduinoCore.a(Print.o) (__fixunssfsi)
c:/program files (x86)/atmel/studio/7.0/toolchain/avr8/avr8-gnu-toolchain/bin/../lib/gcc/avr/5.4.0/../../../../avr/lib/avr5\libm.a(floatsisf.o)
                              C:\Users\tiago\Documents\GitHub\KidModular\DistCV\DistCV\ArduinoCore\Debug\libArduinoCore.a(Print.o) (__floatunsisf)
c:/program files (x86)/atmel/studio/7.0/toolchain/avr8/avr8-gnu-toolchain/bin/../lib/gcc/avr/5.4.0/../../../../avr/lib/avr5\libm.a(fp_cmp.o)
                              c:/program files (x86)/atmel/studio/7.0/toolchain/avr8/avr8-gnu-toolchain/bin/../lib/gcc/avr/5.4.0/../../../../avr/lib/avr5\libm.a(cmpsf2.o) (__fp_cmp)
c:/program files (x86)/atmel/studio/7.0/toolchain/avr8/avr8-gnu-toolchain/bin/../lib/gcc/avr/5.4.0/../../../../avr/lib/avr5\libm.a(fp_inf.o)
                              c:/program files (x86)/atmel/studio/7.0/toolchain/avr8/avr8-gnu-toolchain/bin/../lib/gcc/avr/5.4.0/../../../../avr/lib/avr5\libm.a(addsf3x.o) (__fp_inf)
c:/program files (x86)/atmel/studio/7.0/toolchain/avr8/avr8-gnu-toolchain/bin/../lib/gcc/avr/5.4.0/../../../../avr/lib/avr5\libm.a(fp_nan.o)
[...]
Memory Configuration

Name             Origin             Length             Attributes
text             0x00000000         0x00020000         xr
data             0x00800060         0x0000ffa0         rw !x
eeprom           0x00810000         0x00010000         rw !x
fuse             0x00820000         0x00000003         rw !x
lock             0x00830000         0x00000400         rw !x
signature        0x00840000         0x00000400         rw !x
user_signatures  0x00850000         0x00000400         rw !x
*default*        0x00000000         0xffffffff

Linker script and memory map

Address of section .data set to 0x800100
LOAD C:/Program Files (x86)/Atmel/Studio/7.0/Packs/atmel/ATmega_DFP/1.2.150/gcc/dev/atmega168/avr5/crtatmega168.o
LOAD Sketch.o
LOAD src/libraries/NewPing/src/NewPing.o
LOAD src/libraries/TimerOne/TimerOne.o
START GROUP
LOAD c:/program files (x86)/atmel/studio/7.0/toolchain/avr8/avr8-gnu-toolchain/bin/../lib/gcc/avr/5.4.0/../../../../avr/lib/avr5\libm.a
LOAD C:\Users\tiago\Documents\GitHub\KidModular\DistCV\DistCV\ArduinoCore\Debug\libArduinoCore.a
END GROUP
LOAD c:/program files (x86)/atmel/studio/7.0/toolchain/avr8/avr8-gnu-toolchain/bin/../lib/gcc/avr/5.4.0/avr5\libgcc.a
LOAD c:/program files (x86)/atmel/studio/7.0/toolchain/avr8/avr8-gnu-toolchain/bin/../lib/gcc/avr/5.4.0/../../../../avr/lib/avr5\libm.a
START GROUP
LOAD c:/program files (x86)/atmel/studio/7.0/toolchain/avr8/avr8-gnu-toolchain/bin/../lib/gcc/avr/5.4.0/avr5\libgcc.a
LOAD c:/program files (x86)/atmel/studio/7.0/toolchain/avr8/avr8-gnu-toolchain/bin/../lib/gcc/avr/5.4.0/../../../../avr/lib/avr5\libm.a
LOAD c:/program files (x86)/atmel/studio/7.0/toolchain/avr8/avr8-gnu-toolchain/bin/../lib/gcc/avr/5.4.0/../../../../avr/lib/avr5\libc.a
LOAD C:/Program Files (x86)/Atmel/Studio/7.0/Packs/atmel/ATmega_DFP/1.2.150/gcc/dev/atmega168/avr5\libatmega168.a
END GROUP
                0x00020000                __TEXT_REGION_LENGTH__ = DEFINED (__TEXT_REGION_LENGTH__)?__TEXT_REGION_LENGTH__:0x20000
                0x0000ffa0                __DATA_REGION_LENGTH__ = DEFINED (__DATA_REGION_LENGTH__)?__DATA_REGION_LENGTH__:0xffa0
                0x00010000                __EEPROM_REGION_LENGTH__ = DEFINED (__EEPROM_REGION_LENGTH__)?__EEPROM_REGION_LENGTH__:0x10000
                [0x00000003]                __FUSE_REGION_LENGTH__ = DEFINED (__FUSE_REGION_LENGTH__)?__FUSE_REGION_LENGTH__:0x400
                0x00000400                __LOCK_REGION_LENGTH__ = DEFINED (__LOCK_REGION_LENGTH__)?__LOCK_REGION_LENGTH__:0x400
                0x00000400                __SIGNATURE_REGION_LENGTH__ = DEFINED (__SIGNATURE_REGION_LENGTH__)?__SIGNATURE_REGION_LENGTH__:0x400
                0x00000400                __USER_SIGNATURE_REGION_LENGTH__ = DEFINED (__USER_SIGNATURE_REGION_LENGTH__)?__USER_SIGNATURE_REGION_LENGTH__:0x400

.hash
 *(.hash)

.dynsym
 *(.dynsym)

.dynstr
 *(.dynstr)

.gnu.version
 *(.gnu.version)

.gnu.version_d
 *(.gnu.version_d)

.gnu.version_r
 *(.gnu.version_r)

.rel.init
 *(.rel.init)

.rela.init
 *(.rela.init)

.rel.text
 *(.rel.text)
 *(.rel.text.*)
 *(.rel.gnu.linkonce.t*)

.rela.text
 *(.rela.text)
 *(.rela.text.*)
 *(.rela.gnu.linkonce.t*)

.rel.fini
 *(.rel.fini)

.rela.fini
 *(.rela.fini)

.rel.rodata
 *(.rel.rodata)
 *(.rel.rodata.*)
 *(.rel.gnu.linkonce.r*)

.rela.rodata
 *(.rela.rodata)
 *(.rela.rodata.*)
 *(.rela.gnu.linkonce.r*)

.rel.data
 *(.rel.data)
 *(.rel.data.*)
 *(.rel.gnu.linkonce.d*)

.rela.data
 *(.rela.data)
 *(.rela.data.*)
 *(.rela.gnu.linkonce.d*)

.rel.ctors
 *(.rel.ctors)

.rela.ctors
 *(.rela.ctors)

.rel.dtors
 *(.rel.dtors)

.rela.dtors
 *(.rela.dtors)

.rel.got
 *(.rel.got)

.rela.got
 *(.rela.got)

.rel.bss
 *(.rel.bss)

.rela.bss
 *(.rela.bss)

.rel.plt
 *(.rel.plt)

.rela.plt
 *(.rela.plt)

.text           0x00000000     0x12be
 *(.vectors)
 .vectors       0x00000000       0x68 C:/Program Files (x86)/Atmel/Studio/7.0/Packs/atmel/ATmega_DFP/1.2.150/gcc/dev/atmega168/avr5/crtatmega168.o
                0x00000000                __vector_default
                0x00000000                __vectors
 *(.vectors)
 *(.progmem.gcc*)
                0x00000068                . = ALIGN (0x2)
                0x00000068                __trampolines_start = .
 *(.trampolines)
 .trampolines   0x00000068        0x0 linker stubs
 *(.trampolines*)
                0x00000068                __trampolines_end = .
 *libprintf_flt.a:*(.progmem.data)
 *libc.a:*(.progmem.data)
 *(.progmem*)
 .progmem.data.digital_pin_to_timer_PGM
                0x00000068       0x14 C:\Users\tiago\Documents\GitHub\KidModular\DistCV\DistCV\ArduinoCore\Debug\libArduinoCore.a(wiring_digital.o)
                0x00000068                digital_pin_to_timer_PGM
 .progmem.data.digital_pin_to_bit_mask_PGM
                0x0000007c       0x14 C:\Users\tiago\Documents\GitHub\KidModular\DistCV\DistCV\ArduinoCore\Debug\libArduinoCore.a(wiring_digital.o)
                0x0000007c                digital_pin_to_bit_mask_PGM
 .progmem.data.digital_pin_to_port_PGM
                0x00000090       0x14 C:\Users\tiago\Documents\GitHub\KidModular\DistCV\DistCV\ArduinoCore\Debug\libArduinoCore.a(wiring_digital.o)
                0x00000090                digital_pin_to_port_PGM
 .progmem.data.port_to_input_PGM
                0x000000a4        0xa C:\Users\tiago\Documents\GitHub\KidModular\DistCV\DistCV\ArduinoCore\Debug\libArduinoCore.a(wiring_digital.o)
                0x000000a4                port_to_input_PGM
 .progmem.data.port_to_output_PGM
                0x000000ae        0xa C:\Users\tiago\Documents\GitHub\KidModular\DistCV\DistCV\ArduinoCore\Debug\libArduinoCore.a(wiring_digital.o)
                0x000000ae                port_to_output_PGM
 .progmem.data.port_to_mode_PGM
                0x000000b8        0xa C:\Users\tiago\Documents\GitHub\KidModular\DistCV\DistCV\ArduinoCore\Debug\libArduinoCore.a(wiring_digital.o)
                0x000000b8                port_to_mode_PGM
                0x000000c2                . = ALIGN (0x2)
 *(.jumptables)
 *(.jumptables*)
 *(.lowtext)
 *(.lowtext*)
                0x000000c2                __ctors_start = .
 *(.ctors)
 .ctors         0x000000c2        0x2 Sketch.o
 .ctors         0x000000c4        0x2 C:\Users\tiago\Documents\GitHub\KidModular\DistCV\DistCV\ArduinoCore\Debug\libArduinoCore.a(HardwareSerial0.o)
                0x000000c6                __ctors_end = .
                0x000000c6                __dtors_start = .
 *(.dtors)
                0x000000c6                __dtors_end = .
 SORT(*)(.ctors)
 SORT(*)(.dtors)
 *(.init0)
 .init0         0x000000c6        0x0 C:/Program Files (x86)/Atmel/Studio/7.0/Packs/atmel/ATmega_DFP/1.2.150/gcc/dev/atmega168/avr5/crtatmega168.o
                0x000000c6                __init
 *(.init0)
 *(.init1)
 *(.init1)
 *(.init2)
 .init2         0x000000c6        0xc C:/Program Files (x86)/Atmel/Studio/7.0/Packs/atmel/ATmega_DFP/1.2.150/gcc/dev/atmega168/avr5/crtatmega168.o
 *(.init2)
 *(.init3)
 *(.init3)
 *(.init4)
 .init4         0x000000d2       0x16 c:/program files (x86)/atmel/studio/7.0/toolchain/avr8/avr8-gnu-toolchain/bin/../lib/gcc/avr/5.4.0/avr5\libgcc.a(_copy_data.o)
                0x000000d2                __do_copy_data
 .init4         0x000000e8       0x10 c:/program files (x86)/atmel/studio/7.0/toolchain/avr8/avr8-gnu-toolchain/bin/../lib/gcc/avr/5.4.0/avr5\libgcc.a(_clear_bss.o)
                0x000000e8                __do_clear_bss
 *(.init4)
 *(.init5)
 *(.init5)
 *(.init6)
 .init6         0x000000f8       0x16 c:/program files (x86)/atmel/studio/7.0/toolchain/avr8/avr8-gnu-toolchain/bin/../lib/gcc/avr/5.4.0/avr5\libgcc.a(_ctors.o)
                0x000000f8                __do_global_ctors
 *(.init6)
 *(.init7)
 *(.init7)
 *(.init8)
 *(.init8)
 *(.init9)
 .init9         0x0000010e        0x8 C:/Program Files (x86)/Atmel/Studio/7.0/Packs/atmel/ATmega_DFP/1.2.150/gcc/dev/atmega168/avr5/crtatmega168.o
 *(.init9)
 *(.text)
 .text          0x00000116        0x4 C:/Program Files (x86)/Atmel/Studio/7.0/Packs/atmel/ATmega_DFP/1.2.150/gcc/dev/atmega168/avr5/crtatmega168.o
                0x00000116                __vector_22
                0x00000116                __vector_1
                0x00000116                __vector_24
                0x00000116                __vector_12
                0x00000116                __bad_interrupt
                0x00000116                __vector_6
                0x00000116                __vector_3
                0x00000116                __vector_23
                0x00000116                __vector_25
                0x00000116                __vector_11
                0x00000116                __vector_17
                0x00000116                __vector_5
                0x00000116                __vector_4
                0x00000116                __vector_9
                0x00000116                __vector_2
                0x00000116                __vector_21
                0x00000116                __vector_15
                0x00000116                __vector_8
                0x00000116                __vector_14
                0x00000116                __vector_10
                0x00000116                __vector_20
                0x0000011a                . = ALIGN (0x2)
 *(.text.*)
 .text._Z9echoCheckv
                0x0000011a       0x44 Sketch.o
                0x0000011a                _Z9echoCheckv
 .text.setup    0x0000015e       0x58 Sketch.o
                0x0000015e                setup
 .text.loop     0x000001b6       0x9a Sketch.o
                0x000001b6                loop
 .text._Z12distanceToCVh
                0x00000250       0x78 Sketch.o
                0x00000250                _Z12distanceToCVh
 .text._Z10controlISRv
                0x000002c8       0x46 Sketch.o
                0x000002c8                _Z10controlISRv
 .text.startup._GLOBAL__sub_I_dist
                0x0000030e       0x10 Sketch.o
 .text._ZN7NewPing12ping_triggerEv
                0x0000031e       0xe2 src/libraries/NewPing/src/NewPing.o
                0x0000031e                _ZN7NewPing12ping_triggerEv
 .text._ZN7NewPing16set_max_distanceEj
                0x00000400       0x24 src/libraries/NewPing/src/NewPing.o
                0x00000400                _ZN7NewPing16set_max_distanceEj
 .text._ZN7NewPingC2Ehhj
                0x00000424       0x84 src/libraries/NewPing/src/NewPing.o
                0x00000424                _ZN7NewPingC1Ehhj
                0x00000424                _ZN7NewPingC2Ehhj
 .text._ZN7NewPing10timer_stopEv
                0x000004a8        0xc src/libraries/NewPing/src/NewPing.o
                0x000004a8                _ZN7NewPing10timer_stopEv
 .text._ZN7NewPing11check_timerEv
                0x000004b4       0xa8 src/libraries/NewPing/src/NewPing.o
                0x000004b4                _ZN7NewPing11check_timerEv
 .text._ZN7NewPing11timer_setupEv
                0x0000055c       0x20 src/libraries/NewPing/src/NewPing.o
                0x0000055c                _ZN7NewPing11timer_setupEv
 .text._ZN7NewPing8timer_usEjPFvvE
                0x0000057c       0x3e src/libraries/NewPing/src/NewPing.o
                0x0000057c                _ZN7NewPing8timer_usEjPFvvE
 .text._ZN7NewPing10ping_timerEPFvvEj
                0x000005ba       0x3e src/libraries/NewPing/src/NewPing.o
                0x000005ba                _ZN7NewPing10ping_timerEPFvvEj
 .text.__vector_7
                0x000005f8       0x4e src/libraries/NewPing/src/NewPing.o
                0x000005f8                __vector_7
 .text.__vector_13
                0x00000646       0x4e src/libraries/TimerOne/TimerOne.o
                0x00000646                __vector_13
 .text._ZN8TimerOne9setPeriodEl
                0x00000694       0xd0 src/libraries/TimerOne/TimerOne.o
                0x00000694                _ZN8TimerOne9setPeriodEl
 .text._ZN8TimerOne10initializeEl
                0x00000764        0xe src/libraries/TimerOne/TimerOne.o
                0x00000764                _ZN8TimerOne10initializeEl
 .text._ZN8TimerOne6resumeEv
                0x00000772       0x12 src/libraries/TimerOne/TimerOne.o
                0x00000772                _ZN8TimerOne6resumeEv
 .text._ZN8TimerOne15attachInterruptEPFvvEl
                0x00000784       0x36 src/libraries/TimerOne/TimerOne.o
                0x00000784                _ZN8TimerOne15attachInterruptEPFvvEl
 .text._ZN14HardwareSerial9availableEv
                0x000007ba       0x18 C:\Users\tiago\Documents\GitHub\KidModular\DistCV\DistCV\ArduinoCore\Debug\libArduinoCore.a(HardwareSerial.o)
                0x000007ba                _ZN14HardwareSerial9availableEv
 .text._ZN14HardwareSerial4peekEv
                0x000007d2       0x1c C:\Users\tiago\Documents\GitHub\KidModular\DistCV\DistCV\ArduinoCore\Debug\libArduinoCore.a(HardwareSerial.o)
                0x000007d2                _ZN14HardwareSerial4peekEv
 .text._ZN14HardwareSerial4readEv
                0x000007ee       0x28 C:\Users\tiago\Documents\GitHub\KidModular\DistCV\DistCV\ArduinoCore\Debug\libArduinoCore.a(HardwareSerial.o)
                0x000007ee                _ZN14HardwareSerial4readEv
 .text._Z14serialEventRunv
                0x00000816       0x1c C:\Users\tiago\Documents\GitHub\KidModular\DistCV\DistCV\ArduinoCore\Debug\libArduinoCore.a(HardwareSerial.o)
                0x00000816                _Z14serialEventRunv
 .text._ZN14HardwareSerial17_tx_udr_empty_irqEv
                0x00000832       0x42 C:\Users\tiago\Documents\GitHub\KidModular\DistCV\DistCV\ArduinoCore\Debug\libArduinoCore.a(HardwareSerial.o)
                0x00000832                _ZN14HardwareSerial17_tx_udr_empty_irqEv
 .text._ZN14HardwareSerial5writeEh
                0x00000874       0x8e C:\Users\tiago\Documents\GitHub\KidModular\DistCV\DistCV\ArduinoCore\Debug\libArduinoCore.a(HardwareSerial.o)
                0x00000874                _ZN14HardwareSerial5writeEh
 .text._ZN14HardwareSerial5flushEv
                0x00000902       0x44 C:\Users\tiago\Documents\GitHub\KidModular\DistCV\DistCV\ArduinoCore\Debug\libArduinoCore.a(HardwareSerial.o)
                0x00000902                _ZN14HardwareSerial5flushEv
 .text._ZN14HardwareSerial5beginEmh
                0x00000946       0xca C:\Users\tiago\Documents\GitHub\KidModular\DistCV\DistCV\ArduinoCore\Debug\libArduinoCore.a(HardwareSerial.o)
                0x00000946                _ZN14HardwareSerial5beginEmh
 .text.__vector_18
                0x00000a10       0x64 C:\Users\tiago\Documents\GitHub\KidModular\DistCV\DistCV\ArduinoCore\Debug\libArduinoCore.a(HardwareSerial0.o)
                0x00000a10                __vector_18
 .text.__vector_19
                0x00000a74       0x4c C:\Users\tiago\Documents\GitHub\KidModular\DistCV\DistCV\ArduinoCore\Debug\libArduinoCore.a(HardwareSerial0.o)
                0x00000a74                __vector_19
 .text._Z17Serial0_availablev
                0x00000ac0       0x14 C:\Users\tiago\Documents\GitHub\KidModular\DistCV\DistCV\ArduinoCore\Debug\libArduinoCore.a(HardwareSerial0.o)
                0x00000ac0                _Z17Serial0_availablev
 .text.startup._GLOBAL__sub_I___vector_18
                0x00000ad4       0x5a C:\Users\tiago\Documents\GitHub\KidModular\DistCV\DistCV\ArduinoCore\Debug\libArduinoCore.a(HardwareSerial0.o)
 .text.initVariant
                0x00000b2e        0x2 C:\Users\tiago\Documents\GitHub\KidModular\DistCV\DistCV\ArduinoCore\Debug\libArduinoCore.a(main.o)
                0x00000b2e                initVariant
 .text.startup.main
                0x00000b30       0x1e C:\Users\tiago\Documents\GitHub\KidModular\DistCV\DistCV\ArduinoCore\Debug\libArduinoCore.a(main.o)
                0x00000b30                main
 .text._ZN5Print5writeEPKhj
                0x00000b4e       0x54 C:\Users\tiago\Documents\GitHub\KidModular\DistCV\DistCV\ArduinoCore\Debug\libArduinoCore.a(Print.o)
                0x00000b4e                _ZN5Print5writeEPKhj
 .text._ZN5Print5writeEPKc
                0x00000ba2       0x2a C:\Users\tiago\Documents\GitHub\KidModular\DistCV\DistCV\ArduinoCore\Debug\libArduinoCore.a(Print.o)
                0x00000ba2                _ZN5Print5writeEPKc
 .text._ZN5Print5printEPKc
                0x00000bcc        0x4 C:\Users\tiago\Documents\GitHub\KidModular\DistCV\DistCV\ArduinoCore\Debug\libArduinoCore.a(Print.o)
                0x00000bcc                _ZN5Print5printEPKc
 .text._ZN5Print5printEc
                0x00000bd0        0xe C:\Users\tiago\Documents\GitHub\KidModular\DistCV\DistCV\ArduinoCore\Debug\libArduinoCore.a(Print.o)
                0x00000bd0                _ZN5Print5printEc
 .text._ZN5Print7printlnEv
                0x00000bde        0x8 C:\Users\tiago\Documents\GitHub\KidModular\DistCV\DistCV\ArduinoCore\Debug\libArduinoCore.a(Print.o)
                0x00000bde                _ZN5Print7printlnEv
 .text._ZN5Print7printlnEPKc
                0x00000be6       0x24 C:\Users\tiago\Documents\GitHub\KidModular\DistCV\DistCV\ArduinoCore\Debug\libArduinoCore.a(Print.o)
                0x00000be6                _ZN5Print7printlnEPKc
 .text._ZN5Print11printNumberEmh
                0x00000c0a       0x92 C:\Users\tiago\Documents\GitHub\KidModular\DistCV\DistCV\ArduinoCore\Debug\libArduinoCore.a(Print.o)
                0x00000c0a                _ZN5Print11printNumberEmh
 .text._ZN5Print5printEli
                0x00000c9c       0x90 C:\Users\tiago\Documents\GitHub\KidModular\DistCV\DistCV\ArduinoCore\Debug\libArduinoCore.a(Print.o)
                0x00000c9c                _ZN5Print5printEli
 .text._ZN5Print5printEii
                0x00000d2c        0xe C:\Users\tiago\Documents\GitHub\KidModular\DistCV\DistCV\ArduinoCore\Debug\libArduinoCore.a(Print.o)
                0x00000d2c                _ZN5Print5printEii
 .text.__vector_16
                0x00000d3a       0x94 C:\Users\tiago\Documents\GitHub\KidModular\DistCV\DistCV\ArduinoCore\Debug\libArduinoCore.a(wiring.o)
                0x00000d3a                __vector_16
 .text.millis   0x00000dce       0x18 C:\Users\tiago\Documents\GitHub\KidModular\DistCV\DistCV\ArduinoCore\Debug\libArduinoCore.a(wiring.o)
                0x00000dce                millis
 .text.micros   0x00000de6       0x4a C:\Users\tiago\Documents\GitHub\KidModular\DistCV\DistCV\ArduinoCore\Debug\libArduinoCore.a(wiring.o)
                0x00000de6                micros
 .text.delay    0x00000e30       0x78 C:\Users\tiago\Documents\GitHub\KidModular\DistCV\DistCV\ArduinoCore\Debug\libArduinoCore.a(wiring.o)
                0x00000e30                delay
 .text.delayMicroseconds
                0x00000ea8       0x16 C:\Users\tiago\Documents\GitHub\KidModular\DistCV\DistCV\ArduinoCore\Debug\libArduinoCore.a(wiring.o)
                0x00000ea8                delayMicroseconds
 .text.init     0x00000ebe       0x76 C:\Users\tiago\Documents\GitHub\KidModular\DistCV\DistCV\ArduinoCore\Debug\libArduinoCore.a(wiring.o)
                0x00000ebe                init
 .text.analogRead
                0x00000f34       0x3a C:\Users\tiago\Documents\GitHub\KidModular\DistCV\DistCV\ArduinoCore\Debug\libArduinoCore.a(wiring_analog.o)
                0x00000f34                analogRead
 .text.analogWrite
                0x00000f6e       0xbe C:\Users\tiago\Documents\GitHub\KidModular\DistCV\DistCV\ArduinoCore\Debug\libArduinoCore.a(wiring_analog.o)
                0x00000f6e                analogWrite
 .text.turnOffPWM
                0x0000102c       0x52 C:\Users\tiago\Documents\GitHub\KidModular\DistCV\DistCV\ArduinoCore\Debug\libArduinoCore.a(wiring_digital.o)
 .text.pinMode  0x0000107e       0x78 C:\Users\tiago\Documents\GitHub\KidModular\DistCV\DistCV\ArduinoCore\Debug\libArduinoCore.a(wiring_digital.o)
                0x0000107e                pinMode
 .text.digitalWrite
                0x000010f6       0x5e C:\Users\tiago\Documents\GitHub\KidModular\DistCV\DistCV\ArduinoCore\Debug\libArduinoCore.a(wiring_digital.o)
                0x000010f6                digitalWrite
 .text._Z3maplllll
                0x00001154       0x82 C:\Users\tiago\Documents\GitHub\KidModular\DistCV\DistCV\ArduinoCore\Debug\libArduinoCore.a(WMath.o)
                0x00001154                _Z3maplllll
 .text.__empty  0x000011d6        0x2 C:\Users\tiago\Documents\GitHub\KidModular\DistCV\DistCV\ArduinoCore\Debug\libArduinoCore.a(hooks.o)
                0x000011d6                yield
 .text.libgcc.mul
                0x000011d8       0x20 c:/program files (x86)/atmel/studio/7.0/toolchain/avr8/avr8-gnu-toolchain/bin/../lib/gcc/avr/5.4.0/avr5\libgcc.a(_mulsi3.o)
                0x000011d8                __mulsi3
 .text.libgcc.div
                0x000011f8       0x44 c:/program files (x86)/atmel/studio/7.0/toolchain/avr8/avr8-gnu-toolchain/bin/../lib/gcc/avr/5.4.0/avr5\libgcc.a(_udivmodsi4.o)
                0x000011f8                __udivmodsi4
 .text.libgcc.div
                0x0000123c       0x2e c:/program files (x86)/atmel/studio/7.0/toolchain/avr8/avr8-gnu-toolchain/bin/../lib/gcc/avr/5.4.0/avr5\libgcc.a(_divmodsi4.o)
                0x0000123c                __divmodsi4
 .text.libgcc.div
                0x0000126a       0x10 c:/program files (x86)/atmel/studio/7.0/toolchain/avr8/avr8-gnu-toolchain/bin/../lib/gcc/avr/5.4.0/avr5\libgcc.a(_negsi2.o)
                0x0000126a                __negsi2
 .text.libgcc.mul
                0x0000127a       0x16 c:/program files (x86)/atmel/studio/7.0/toolchain/avr8/avr8-gnu-toolchain/bin/../lib/gcc/avr/5.4.0/avr5\libgcc.a(_muluhisi3.o)
                0x0000127a                __muluhisi3
 .text.libgcc   0x00001290        0xc c:/program files (x86)/atmel/studio/7.0/toolchain/avr8/avr8-gnu-toolchain/bin/../lib/gcc/avr/5.4.0/avr5\libgcc.a(_tablejump2.o)
                0x00001290                __tablejump2__
 .text.libgcc.mul
                0x0000129c       0x1e c:/program files (x86)/atmel/studio/7.0/toolchain/avr8/avr8-gnu-toolchain/bin/../lib/gcc/avr/5.4.0/avr5\libgcc.a(_umulhisi3.o)
                0x0000129c                __umulhisi3
                0x000012ba                . = ALIGN (0x2)
 *(.fini9)
 .fini9         0x000012ba        0x0 c:/program files (x86)/atmel/studio/7.0/toolchain/avr8/avr8-gnu-toolchain/bin/../lib/gcc/avr/5.4.0/avr5\libgcc.a(_exit.o)
                0x000012ba                _exit
                0x000012ba                exit
 *(.fini9)
 *(.fini8)
 *(.fini8)
 *(.fini7)
 *(.fini7)
 *(.fini6)
 *(.fini6)
 *(.fini5)
 *(.fini5)
 *(.fini4)
 *(.fini4)
 *(.fini3)
 *(.fini3)
 *(.fini2)
 *(.fini2)
 *(.fini1)
 *(.fini1)
 *(.fini0)
 .fini0         0x000012ba        0x4 c:/program files (x86)/atmel/studio/7.0/toolchain/avr8/avr8-gnu-toolchain/bin/../lib/gcc/avr/5.4.0/avr5\libgcc.a(_exit.o)
 *(.fini0)
                0x000012be                _etext = .

.data           0x00800100       0x2c load address 0x000012be
                0x00800100                PROVIDE (__data_start, .)
 *(.data)
 *(.data*)
 .data.pingSpeed
                0x00800100        0x2 Sketch.o
                0x00800100                pingSpeed
 .data.analog_reference
                0x00800102        0x1 C:\Users\tiago\Documents\GitHub\KidModular\DistCV\DistCV\ArduinoCore\Debug\libArduinoCore.a(wiring_analog.o)
                0x00800102                analog_reference
 *(.gnu.linkonce.d*)
 *(.rodata)
 *(.rodata*)
 .rodata.str1.1
                0x00800103        0xa Sketch.o
 .rodata._ZTV14HardwareSerial
                0x0080010d       0x10 C:\Users\tiago\Documents\GitHub\KidModular\DistCV\DistCV\ArduinoCore\Debug\libArduinoCore.a(HardwareSerial.o)
                0x0080010d                _ZTV14HardwareSerial
 .rodata.str1.1
                0x0080011d        0xf C:\Users\tiago\Documents\GitHub\KidModular\DistCV\DistCV\ArduinoCore\Debug\libArduinoCore.a(Print.o)
 *(.gnu.linkonce.r*)
                0x0080012c                . = ALIGN (0x2)
                0x0080012c                _edata = .
                0x0080012c                PROVIDE (__data_end, .)

.bss            0x0080012c       0xc9
                0x0080012c                PROVIDE (__bss_start, .)
 *(.bss)
 *(.bss*)
 .bss.pingTimer
                0x0080012c        0x4 Sketch.o
                0x0080012c                pingTimer
 .bss.sonar     0x00800130       0x12 Sketch.o
                0x00800130                sonar
 .bss.cv        0x00800142        0x1 Sketch.o
                0x00800142                cv
 .bss.potR      0x00800143        0x1 Sketch.o
                0x00800143                potR
 .bss.potL      0x00800144        0x1 Sketch.o
                0x00800144                potL
 .bss.dist      0x00800145        0x2 Sketch.o
                0x00800145                dist
 .bss.intFunc   0x00800147        0x2 src/libraries/NewPing/src/NewPing.o
                0x00800147                intFunc
 .bss.Timer1    0x00800149        0x6 src/libraries/TimerOne/TimerOne.o
                0x00800149                Timer1
 .bss.Serial    0x0080014f       0x9d C:\Users\tiago\Documents\GitHub\KidModular\DistCV\DistCV\ArduinoCore\Debug\libArduinoCore.a(HardwareSerial0.o)
                0x0080014f                Serial
 .bss.timer0_fract
                0x008001ec        0x1 C:\Users\tiago\Documents\GitHub\KidModular\DistCV\DistCV\ArduinoCore\Debug\libArduinoCore.a(wiring.o)
 .bss.timer0_millis
                0x008001ed        0x4 C:\Users\tiago\Documents\GitHub\KidModular\DistCV\DistCV\ArduinoCore\Debug\libArduinoCore.a(wiring.o)
                0x008001ed                timer0_millis
 .bss.timer0_overflow_count
                0x008001f1        0x4 C:\Users\tiago\Documents\GitHub\KidModular\DistCV\DistCV\ArduinoCore\Debug\libArduinoCore.a(wiring.o)
                0x008001f1                timer0_overflow_count
 *(COMMON)
                0x008001f5                PROVIDE (__bss_end, .)
                0x000012be                __data_load_start = LOADADDR (.data)
                0x000012ea                __data_load_end = (__data_load_start + SIZEOF (.data))

.noinit         0x008001f5        0x0
                [!provide]                PROVIDE (__noinit_start, .)
 *(.noinit*)
                [!provide]                PROVIDE (__noinit_end, .)
                0x008001f5                _end = .
                [!provide]                PROVIDE (__heap_start, .)

.eeprom         0x00810000        0x0
 *(.eeprom*)
                0x00810000                __eeprom_end = .

.fuse
 *(.fuse)
 *(.lfuse)
 *(.hfuse)
 *(.efuse)

.lock
 *(.lock*)

.signature
 *(.signature*)

.user_signatures
 *(.user_signatures*)

.stab
 *(.stab)

.stabstr
 *(.stabstr)

.stab.excl
 *(.stab.excl)

.stab.exclstr
 *(.stab.exclstr)

.stab.index
 *(.stab.index)

.stab.indexstr
 *(.stab.indexstr)

.comment        0x00000000       0x30
 *(.comment)
 .comment       0x00000000       0x30 Sketch.o
                                 0x31 (size before relaxing)
 .comment       0x00000030       0x31 src/libraries/NewPing/src/NewPing.o
 .comment       0x00000030       0x31 src/libraries/TimerOne/TimerOne.o
 .comment       0x00000030       0x31 C:\Users\tiago\Documents\GitHub\KidModular\DistCV\DistCV\ArduinoCore\Debug\libArduinoCore.a(HardwareSerial.o)
 .comment       0x00000030       0x31 C:\Users\tiago\Documents\GitHub\KidModular\DistCV\DistCV\ArduinoCore\Debug\libArduinoCore.a(HardwareSerial0.o)
 .comment       0x00000030       0x31 C:\Users\tiago\Documents\GitHub\KidModular\DistCV\DistCV\ArduinoCore\Debug\libArduinoCore.a(main.o)
 .comment       0x00000030       0x31 C:\Users\tiago\Documents\GitHub\KidModular\DistCV\DistCV\ArduinoCore\Debug\libArduinoCore.a(Print.o)
 .comment       0x00000030       0x31 C:\Users\tiago\Documents\GitHub\KidModular\DistCV\DistCV\ArduinoCore\Debug\libArduinoCore.a(wiring.o)
 .comment       0x00000030       0x31 C:\Users\tiago\Documents\GitHub\KidModular\DistCV\DistCV\ArduinoCore\Debug\libArduinoCore.a(wiring_analog.o)
 .comment       0x00000030       0x31 C:\Users\tiago\Documents\GitHub\KidModular\DistCV\DistCV\ArduinoCore\Debug\libArduinoCore.a(wiring_digital.o)
 .comment       0x00000030       0x31 C:\Users\tiago\Documents\GitHub\KidModular\DistCV\DistCV\ArduinoCore\Debug\libArduinoCore.a(WMath.o)
 .comment       0x00000030       0x31 C:\Users\tiago\Documents\GitHub\KidModular\DistCV\DistCV\ArduinoCore\Debug\libArduinoCore.a(hooks.o)

.note.gnu.avr.deviceinfo
                0x00000000       0x3c
 .note.gnu.avr.deviceinfo
                0x00000000       0x3c C:/Program Files (x86)/Atmel/Studio/7.0/Packs/atmel/ATmega_DFP/1.2.150/gcc/dev/atmega168/avr5/crtatmega168.o

.note.gnu.build-id
 *(.note.gnu.build-id)

.debug
 *(.debug)

.line
 *(.line)

.debug_srcinfo
 *(.debug_srcinfo)

.debug_sfnames
 *(.debug_sfnames)

.debug_aranges  0x00000000      0x448
 *(.debug_aranges)
 .debug_aranges
                0x00000000       0x50 Sketch.o
 .debug_aranges
                0x00000050       0xa0 src/libraries/NewPing/src/NewPing.o
 .debug_aranges
                0x000000f0       0x80 src/libraries/TimerOne/TimerOne.o
 .debug_aranges
                0x00000170       0x68 C:\Users\tiago\Documents\GitHub\KidModular\DistCV\DistCV\ArduinoCore\Debug\libArduinoCore.a(HardwareSerial.o)
 .debug_aranges
                0x000001d8       0x38 C:\Users\tiago\Documents\GitHub\KidModular\DistCV\DistCV\ArduinoCore\Debug\libArduinoCore.a(HardwareSerial0.o)
 .debug_aranges
                0x00000210       0x30 C:\Users\tiago\Documents\GitHub\KidModular\DistCV\DistCV\ArduinoCore\Debug\libArduinoCore.a(main.o)
 .debug_aranges
                0x00000240       0xf0 C:\Users\tiago\Documents\GitHub\KidModular\DistCV\DistCV\ArduinoCore\Debug\libArduinoCore.a(Print.o)
 .debug_aranges
                0x00000330       0x48 C:\Users\tiago\Documents\GitHub\KidModular\DistCV\DistCV\ArduinoCore\Debug\libArduinoCore.a(wiring.o)
 .debug_aranges
                0x00000378       0x30 C:\Users\tiago\Documents\GitHub\KidModular\DistCV\DistCV\ArduinoCore\Debug\libArduinoCore.a(wiring_analog.o)
 .debug_aranges
                0x000003a8       0x38 C:\Users\tiago\Documents\GitHub\KidModular\DistCV\DistCV\ArduinoCore\Debug\libArduinoCore.a(wiring_digital.o)
 .debug_aranges
                0x000003e0       0x48 C:\Users\tiago\Documents\GitHub\KidModular\DistCV\DistCV\ArduinoCore\Debug\libArduinoCore.a(WMath.o)
 .debug_aranges
                0x00000428       0x20 C:\Users\tiago\Documents\GitHub\KidModular\DistCV\DistCV\ArduinoCore\Debug\libArduinoCore.a(hooks.o)

.debug_pubnames
 *(.debug_pubnames)

.debug_info     0x00000000     0x9685
 *(.debug_info .gnu.linkonce.wi.*)
 .debug_info    0x00000000      0x5f4 C:/Program Files (x86)/Atmel/Studio/7.0/Packs/atmel/ATmega_DFP/1.2.150/gcc/dev/atmega168/avr5/crtatmega168.o
 .debug_info    0x000005f4      0xbb2 Sketch.o
 .debug_info    0x000011a6      0xd03 src/libraries/NewPing/src/NewPing.o
 .debug_info    0x00001ea9      0x665 src/libraries/TimerOne/TimerOne.o
 .debug_info    0x0000250e     0x1ea5 C:\Users\tiago\Documents\GitHub\KidModular\DistCV\DistCV\ArduinoCore\Debug\libArduinoCore.a(HardwareSerial.o)
 .debug_info    0x000043b3     0x1a99 C:\Users\tiago\Documents\GitHub\KidModular\DistCV\DistCV\ArduinoCore\Debug\libArduinoCore.a(HardwareSerial0.o)
 .debug_info    0x00005e4c      0x237 C:\Users\tiago\Documents\GitHub\KidModular\DistCV\DistCV\ArduinoCore\Debug\libArduinoCore.a(main.o)
 .debug_info    0x00006083     0x285e C:\Users\tiago\Documents\GitHub\KidModular\DistCV\DistCV\ArduinoCore\Debug\libArduinoCore.a(Print.o)
 .debug_info    0x000088e1      0x2cb C:\Users\tiago\Documents\GitHub\KidModular\DistCV\DistCV\ArduinoCore\Debug\libArduinoCore.a(wiring.o)
 .debug_info    0x00008bac      0x26d C:\Users\tiago\Documents\GitHub\KidModular\DistCV\DistCV\ArduinoCore\Debug\libArduinoCore.a(wiring_analog.o)
 .debug_info    0x00008e19      0x5fe C:\Users\tiago\Documents\GitHub\KidModular\DistCV\DistCV\ArduinoCore\Debug\libArduinoCore.a(wiring_digital.o)
 .debug_info    0x00009417      0x230 C:\Users\tiago\Documents\GitHub\KidModular\DistCV\DistCV\ArduinoCore\Debug\libArduinoCore.a(WMath.o)
 .debug_info    0x00009647       0x3e C:\Users\tiago\Documents\GitHub\KidModular\DistCV\DistCV\ArduinoCore\Debug\libArduinoCore.a(hooks.o)

.debug_abbrev   0x00000000     0x219f
 *(.debug_abbrev)
 .debug_abbrev  0x00000000      0x5a2 C:/Program Files (x86)/Atmel/Studio/7.0/Packs/atmel/ATmega_DFP/1.2.150/gcc/dev/atmega168/avr5/crtatmega168.o
 .debug_abbrev  0x000005a2      0x3c4 Sketch.o
 .debug_abbrev  0x00000966      0x3b7 src/libraries/NewPing/src/NewPing.o
 .debug_abbrev  0x00000d1d      0x1b7 src/libraries/TimerOne/TimerOne.o
 .debug_abbrev  0x00000ed4      0x432 C:\Users\tiago\Documents\GitHub\KidModular\DistCV\DistCV\ArduinoCore\Debug\libArduinoCore.a(HardwareSerial.o)
 .debug_abbrev  0x00001306      0x3a2 C:\Users\tiago\Documents\GitHub\KidModular\DistCV\DistCV\ArduinoCore\Debug\libArduinoCore.a(HardwareSerial0.o)
 .debug_abbrev  0x000016a8      0x12d C:\Users\tiago\Documents\GitHub\KidModular\DistCV\DistCV\ArduinoCore\Debug\libArduinoCore.a(main.o)
 .debug_abbrev  0x000017d5      0x469 C:\Users\tiago\Documents\GitHub\KidModular\DistCV\DistCV\ArduinoCore\Debug\libArduinoCore.a(Print.o)
 .debug_abbrev  0x00001c3e      0x146 C:\Users\tiago\Documents\GitHub\KidModular\DistCV\DistCV\ArduinoCore\Debug\libArduinoCore.a(wiring.o)
 .debug_abbrev  0x00001d84      0x16b C:\Users\tiago\Documents\GitHub\KidModular\DistCV\DistCV\ArduinoCore\Debug\libArduinoCore.a(wiring_analog.o)
 .debug_abbrev  0x00001eef      0x15b C:\Users\tiago\Documents\GitHub\KidModular\DistCV\DistCV\ArduinoCore\Debug\libArduinoCore.a(wiring_digital.o)
 .debug_abbrev  0x0000204a      0x12b C:\Users\tiago\Documents\GitHub\KidModular\DistCV\DistCV\ArduinoCore\Debug\libArduinoCore.a(WMath.o)
 .debug_abbrev  0x00002175       0x2a C:\Users\tiago\Documents\GitHub\KidModular\DistCV\DistCV\ArduinoCore\Debug\libArduinoCore.a(hooks.o)

.debug_line     0x00000000     0x2387
 *(.debug_line .debug_line.* .debug_line_end)
 .debug_line    0x00000000      0x133 C:/Program Files (x86)/Atmel/Studio/7.0/Packs/atmel/ATmega_DFP/1.2.150/gcc/dev/atmega168/avr5/crtatmega168.o
 .debug_line    0x00000133      0x35a Sketch.o
 .debug_line    0x0000048d      0x4d7 src/libraries/NewPing/src/NewPing.o
 .debug_line    0x00000964      0x39d src/libraries/TimerOne/TimerOne.o
 .debug_line    0x00000d01      0x426 C:\Users\tiago\Documents\GitHub\KidModular\DistCV\DistCV\ArduinoCore\Debug\libArduinoCore.a(HardwareSerial.o)
 .debug_line    0x00001127      0x257 C:\Users\tiago\Documents\GitHub\KidModular\DistCV\DistCV\ArduinoCore\Debug\libArduinoCore.a(HardwareSerial0.o)
 .debug_line    0x0000137e      0x165 C:\Users\tiago\Documents\GitHub\KidModular\DistCV\DistCV\ArduinoCore\Debug\libArduinoCore.a(main.o)
 .debug_line    0x000014e3      0x626 C:\Users\tiago\Documents\GitHub\KidModular\DistCV\DistCV\ArduinoCore\Debug\libArduinoCore.a(Print.o)
 .debug_line    0x00001b09      0x299 C:\Users\tiago\Documents\GitHub\KidModular\DistCV\DistCV\ArduinoCore\Debug\libArduinoCore.a(wiring.o)
 .debug_line    0x00001da2      0x20f C:\Users\tiago\Documents\GitHub\KidModular\DistCV\DistCV\ArduinoCore\Debug\libArduinoCore.a(wiring_analog.o)
 .debug_line    0x00001fb1      0x252 C:\Users\tiago\Documents\GitHub\KidModular\DistCV\DistCV\ArduinoCore\Debug\libArduinoCore.a(wiring_digital.o)
 .debug_line    0x00002203      0x143 C:\Users\tiago\Documents\GitHub\KidModular\DistCV\DistCV\ArduinoCore\Debug\libArduinoCore.a(WMath.o)
 .debug_line    0x00002346       0x41 C:\Users\tiago\Documents\GitHub\KidModular\DistCV\DistCV\ArduinoCore\Debug\libArduinoCore.a(hooks.o)

.debug_frame    0x00000000      0xd04
 *(.debug_frame)
 .debug_frame   0x00000000       0xd0 Sketch.o
 .debug_frame   0x000000d0      0x244 src/libraries/NewPing/src/NewPing.o
 .debug_frame   0x00000314      0x194 src/libraries/TimerOne/TimerOne.o
 .debug_frame   0x000004a8      0x110 C:\Users\tiago\Documents\GitHub\KidModular\DistCV\DistCV\ArduinoCore\Debug\libArduinoCore.a(HardwareSerial.o)
 .debug_frame   0x000005b8       0xc0 C:\Users\tiago\Documents\GitHub\KidModular\DistCV\DistCV\ArduinoCore\Debug\libArduinoCore.a(HardwareSerial0.o)
 .debug_frame   0x00000678       0x54 C:\Users\tiago\Documents\GitHub\KidModular\DistCV\DistCV\ArduinoCore\Debug\libArduinoCore.a(main.o)
 .debug_frame   0x000006cc      0x38c C:\Users\tiago\Documents\GitHub\KidModular\DistCV\DistCV\ArduinoCore\Debug\libArduinoCore.a(Print.o)
 .debug_frame   0x00000a58       0xc4 C:\Users\tiago\Documents\GitHub\KidModular\DistCV\DistCV\ArduinoCore\Debug\libArduinoCore.a(wiring.o)
 .debug_frame   0x00000b1c       0x54 C:\Users\tiago\Documents\GitHub\KidModular\DistCV\DistCV\ArduinoCore\Debug\libArduinoCore.a(wiring_analog.o)
 .debug_frame   0x00000b70       0x7c C:\Users\tiago\Documents\GitHub\KidModular\DistCV\DistCV\ArduinoCore\Debug\libArduinoCore.a(wiring_digital.o)
 .debug_frame   0x00000bec       0xf4 C:\Users\tiago\Documents\GitHub\KidModular\DistCV\DistCV\ArduinoCore\Debug\libArduinoCore.a(WMath.o)
 .debug_frame   0x00000ce0       0x24 C:\Users\tiago\Documents\GitHub\KidModular\DistCV\DistCV\ArduinoCore\Debug\libArduinoCore.a(hooks.o)

.debug_str      0x00000000     0x26e2
 *(.debug_str)
 .debug_str     0x00000000      0x208 C:/Program Files (x86)/Atmel/Studio/7.0/Packs/atmel/ATmega_DFP/1.2.150/gcc/dev/atmega168/avr5/crtatmega168.o
 .debug_str     0x00000208      0x8f6 Sketch.o
                                0x973 (size before relaxing)
 .debug_str     0x00000afe      0x1b0 src/libraries/NewPing/src/NewPing.o
                                0x6cb (size before relaxing)
 .debug_str     0x00000cae       0x62 src/libraries/TimerOne/TimerOne.o
                                0x403 (size before relaxing)
 .debug_str     0x00000d10     0x130f C:\Users\tiago\Documents\GitHub\KidModular\DistCV\DistCV\ArduinoCore\Debug\libArduinoCore.a(HardwareSerial.o)
                               0x1605 (size before relaxing)
 .debug_str     0x0000201f       0x55 C:\Users\tiago\Documents\GitHub\KidModular\DistCV\DistCV\ArduinoCore\Debug\libArduinoCore.a(HardwareSerial0.o)
                               0x13de (size before relaxing)
 .debug_str     0x00002074       0x37 C:\Users\tiago\Documents\GitHub\KidModular\DistCV\DistCV\ArduinoCore\Debug\libArduinoCore.a(main.o)
                                0x2ba (size before relaxing)
 .debug_str     0x000020ab      0x394 C:\Users\tiago\Documents\GitHub\KidModular\DistCV\DistCV\ArduinoCore\Debug\libArduinoCore.a(Print.o)
                               0x11ff (size before relaxing)
 .debug_str     0x0000243f      0x135 C:\Users\tiago\Documents\GitHub\KidModular\DistCV\DistCV\ArduinoCore\Debug\libArduinoCore.a(wiring.o)
                                0x250 (size before relaxing)
 .debug_str     0x00002574       0x6d C:\Users\tiago\Documents\GitHub\KidModular\DistCV\DistCV\ArduinoCore\Debug\libArduinoCore.a(wiring_analog.o)
                                0x254 (size before relaxing)
 .debug_str     0x000025e1       0x39 C:\Users\tiago\Documents\GitHub\KidModular\DistCV\DistCV\ArduinoCore\Debug\libArduinoCore.a(wiring_digital.o)
                                0x2b5 (size before relaxing)
 .debug_str     0x0000261a       0xac C:\Users\tiago\Documents\GitHub\KidModular\DistCV\DistCV\ArduinoCore\Debug\libArduinoCore.a(WMath.o)
                                0x253 (size before relaxing)
 .debug_str     0x000026c6       0x1c C:\Users\tiago\Documents\GitHub\KidModular\DistCV\DistCV\ArduinoCore\Debug\libArduinoCore.a(hooks.o)
                                0x145 (size before relaxing)

.debug_loc      0x00000000     0x43d8
 *(.debug_loc)
 .debug_loc     0x00000000      0x18c Sketch.o
 .debug_loc     0x0000018c      0xba0 src/libraries/NewPing/src/NewPing.o
 .debug_loc     0x00000d2c      0x6e2 src/libraries/TimerOne/TimerOne.o
 .debug_loc     0x0000140e      0x482 C:\Users\tiago\Documents\GitHub\KidModular\DistCV\DistCV\ArduinoCore\Debug\libArduinoCore.a(HardwareSerial.o)
 .debug_loc     0x00001890      0x18a C:\Users\tiago\Documents\GitHub\KidModular\DistCV\DistCV\ArduinoCore\Debug\libArduinoCore.a(HardwareSerial0.o)
 .debug_loc     0x00001a1a     0x1c61 C:\Users\tiago\Documents\GitHub\KidModular\DistCV\DistCV\ArduinoCore\Debug\libArduinoCore.a(Print.o)
 .debug_loc     0x0000367b      0x28d C:\Users\tiago\Documents\GitHub\KidModular\DistCV\DistCV\ArduinoCore\Debug\libArduinoCore.a(wiring.o)
 .debug_loc     0x00003908       0xfe C:\Users\tiago\Documents\GitHub\KidModular\DistCV\DistCV\ArduinoCore\Debug\libArduinoCore.a(wiring_analog.o)
 .debug_loc     0x00003a06      0x5fc C:\Users\tiago\Documents\GitHub\KidModular\DistCV\DistCV\ArduinoCore\Debug\libArduinoCore.a(wiring_digital.o)
 .debug_loc     0x00004002      0x3d6 C:\Users\tiago\Documents\GitHub\KidModular\DistCV\DistCV\ArduinoCore\Debug\libArduinoCore.a(WMath.o)

.debug_macinfo
 *(.debug_macinfo)

.debug_weaknames
 *(.debug_weaknames)

.debug_funcnames
 *(.debug_funcnames)

.debug_typenames
 *(.debug_typenames)

.debug_varnames
 *(.debug_varnames)

.debug_pubtypes
 *(.debug_pubtypes)

.debug_ranges   0x00000000      0x3b8
 *(.debug_ranges)
 .debug_ranges  0x00000000       0x40 Sketch.o
 .debug_ranges  0x00000040       0x90 src/libraries/NewPing/src/NewPing.o
 .debug_ranges  0x000000d0       0x70 src/libraries/TimerOne/TimerOne.o
 .debug_ranges  0x00000140       0x58 C:\Users\tiago\Documents\GitHub\KidModular\DistCV\DistCV\ArduinoCore\Debug\libArduinoCore.a(HardwareSerial.o)
 .debug_ranges  0x00000198       0x28 C:\Users\tiago\Documents\GitHub\KidModular\DistCV\DistCV\ArduinoCore\Debug\libArduinoCore.a(HardwareSerial0.o)
 .debug_ranges  0x000001c0       0x20 C:\Users\tiago\Documents\GitHub\KidModular\DistCV\DistCV\ArduinoCore\Debug\libArduinoCore.a(main.o)
 .debug_ranges  0x000001e0      0x110 C:\Users\tiago\Documents\GitHub\KidModular\DistCV\DistCV\ArduinoCore\Debug\libArduinoCore.a(Print.o)
 .debug_ranges  0x000002f0       0x38 C:\Users\tiago\Documents\GitHub\KidModular\DistCV\DistCV\ArduinoCore\Debug\libArduinoCore.a(wiring.o)
 .debug_ranges  0x00000328       0x20 C:\Users\tiago\Documents\GitHub\KidModular\DistCV\DistCV\ArduinoCore\Debug\libArduinoCore.a(wiring_analog.o)
 .debug_ranges  0x00000348       0x28 C:\Users\tiago\Documents\GitHub\KidModular\DistCV\DistCV\ArduinoCore\Debug\libArduinoCore.a(wiring_digital.o)
 .debug_ranges  0x00000370       0x38 C:\Users\tiago\Documents\GitHub\KidModular\DistCV\DistCV\ArduinoCore\Debug\libArduinoCore.a(WMath.o)
 .debug_ranges  0x000003a8       0x10 C:\Users\tiago\Documents\GitHub\KidModular\DistCV\DistCV\ArduinoCore\Debug\libArduinoCore.a(hooks.o)

.debug_macro
 *(.debug_macro)
OUTPUT(DistCV.elf elf32-avr)
LOAD linker stubs
