Archive member included to satisfy reference by file (symbol)

c:/program files (x86)/atmel/studio/7.0/toolchain/avr8/avr8-gnu-toolchain/bin/../lib/gcc/avr/5.4.0/../../../../avr/lib/avr5\libm.a(cmpsf2.o)
                              src/libraries/Mozzi/mozzi_midi.o (__nesf2)
c:/program files (x86)/atmel/studio/7.0/toolchain/avr8/avr8-gnu-toolchain/bin/../lib/gcc/avr/5.4.0/../../../../avr/lib/avr5\libm.a(divsf3.o)
                              src/libraries/Mozzi/mozzi_midi.o (__divsf3)
c:/program files (x86)/atmel/studio/7.0/toolchain/avr8/avr8-gnu-toolchain/bin/../lib/gcc/avr/5.4.0/../../../../avr/lib/avr5\libm.a(divsf3x.o)
                              c:/program files (x86)/atmel/studio/7.0/toolchain/avr8/avr8-gnu-toolchain/bin/../lib/gcc/avr/5.4.0/../../../../avr/lib/avr5\libm.a(divsf3.o) (__divsf3x)
c:/program files (x86)/atmel/studio/7.0/toolchain/avr8/avr8-gnu-toolchain/bin/../lib/gcc/avr/5.4.0/../../../../avr/lib/avr5\libm.a(fixunssfsi.o)
                              src/libraries/Mozzi/mozzi_utils.o (__fixunssfsi)
c:/program files (x86)/atmel/studio/7.0/toolchain/avr8/avr8-gnu-toolchain/bin/../lib/gcc/avr/5.4.0/../../../../avr/lib/avr5\libm.a(floatsisf.o)
                              src/libraries/Mozzi/mozzi_utils.o (__floatunsisf)
c:/program files (x86)/atmel/studio/7.0/toolchain/avr8/avr8-gnu-toolchain/bin/../lib/gcc/avr/5.4.0/../../../../avr/lib/avr5\libm.a(fp_cmp.o)
                              c:/program files (x86)/atmel/studio/7.0/toolchain/avr8/avr8-gnu-toolchain/bin/../lib/gcc/avr/5.4.0/../../../../avr/lib/avr5\libm.a(cmpsf2.o) (__fp_cmp)
c:/program files (x86)/atmel/studio/7.0/toolchain/avr8/avr8-gnu-toolchain/bin/../lib/gcc/avr/5.4.0/../../../../avr/lib/avr5\libm.a(fp_inf.o)
                              c:/program files (x86)/atmel/studio/7.0/toolchain/avr8/avr8-gnu-toolchain/bin/../lib/gcc/avr/5.4.0/../../../../avr/lib/avr5\libm.a(divsf3x.o) (__fp_inf)
c:/program files (x86)/atmel/studio/7.0/toolchain/avr8/avr8-gnu-toolchain/bin/../lib/gcc/avr/5.4.0/../../../../avr/lib/avr5\libm.a(fp_nan.o)
                              c:/program files (x86)/atmel/studio/7.0/toolchain/avr8/avr8-gnu-toolchain/bin/../lib/gcc/avr/5.4.0/../../../../avr/lib/avr5\libm.a(divsf3x.o) (__fp_nan)
c:/program files (x86)/atmel/studio/7.0/toolchain/avr8/avr8-gnu-toolchain/bin/../lib/gcc/avr/5.4.0/../../../../avr/lib/avr5\libm.a(fp_pscA.o)
                              c:/program files (x86)/atmel/studio/7.0/toolchain/avr8/avr8-gnu-toolchain/bin/../lib/gcc/avr/5.4.0/../../../../avr/lib/avr5\libm.a(divsf3x.o) (__fp_pscA)
c:/program files (x86)/atmel/studio/7.0/toolchain/avr8/avr8-gnu-toolchain/bin/../lib/gcc/avr/5.4.0/../../../../avr/lib/avr5\libm.a(fp_pscB.o)
                              c:/program files (x86)/atmel/studio/7.0/toolchain/avr8/avr8-gnu-toolchain/bin/../lib/gcc/avr/5.4.0/../../../../avr/lib/avr5\libm.a(divsf3x.o) (__fp_pscB)
c:/program files (x86)/atmel/studio/7.0/toolchain/avr8/avr8-gnu-toolchain/bin/../lib/gcc/avr/5.4.0/../../../../avr/lib/avr5\libm.a(fp_round.o)
                              c:/program files (x86)/atmel/studio/7.0/toolchain/avr8/avr8-gnu-toolchain/bin/../lib/gcc/avr/5.4.0/../../../../avr/lib/avr5\libm.a(divsf3.o) (__fp_round)
c:/program files (x86)/atmel/studio/7.0/toolchain/avr8/avr8-gnu-toolchain/bin/../lib/gcc/avr/5.4.0/../../../../avr/lib/avr5\libm.a(fp_split3.o)
                              c:/program files (x86)/atmel/studio/7.0/toolchain/avr8/avr8-gnu-toolchain/bin/../lib/gcc/avr/5.4.0/../../../../avr/lib/avr5\libm.a(divsf3x.o) (__fp_split3)
c:/program files (x86)/atmel/studio/7.0/toolchain/avr8/avr8-gnu-toolchain/bin/../lib/gcc/avr/5.4.0/../../../../avr/lib/avr5\libm.a(fp_zero.o)
                              c:/program files (x86)/atmel/studio/7.0/toolchain/avr8/avr8-gnu-toolchain/bin/../lib/gcc/avr/5.4.0/../../../../avr/lib/avr5\libm.a(fixunssfsi.o) (__fp_zero)
c:/program files (x86)/atmel/studio/7.0/toolchain/avr8/avr8-gnu-toolchain/bin/../lib/gcc/avr/5.4.0/../../../../avr/lib/avr5\libm.a(mulsf3.o)
                              src/libraries/Mozzi/mozzi_midi.o (__mulsf3)
c:/program files (x86)/atmel/studio/7.0/toolchain/avr8/avr8-gnu-toolchain/bin/../lib/gcc/avr/5.4.0/../../../../avr/lib/avr5\libm.a(mulsf3x.o)
                              c:/program files (x86)/atmel/studio/7.0/toolchain/avr8/avr8-gnu-toolchain/bin/../lib/gcc/avr/5.4.0/../../../../avr/lib/avr5\libm.a(mulsf3.o) (__mulsf3x)
c:/program files (x86)/atmel/studio/7.0/toolchain/avr8/avr8-gnu-toolchain/bin/../lib/gcc/avr/5.4.0/../../../../avr/lib/avr5\libm.a(pow.o)
                              src/libraries/Mozzi/mozzi_midi.o (pow)
c:/program files (x86)/atmel/studio/7.0/toolchain/avr8/avr8-gnu-toolchain/bin/../lib/gcc/avr/5.4.0/../../../../avr/lib/avr5\libm.a(exp.o)
                              c:/program files (x86)/atmel/studio/7.0/toolchain/avr8/avr8-gnu-toolchain/bin/../lib/gcc/avr/5.4.0/../../../../avr/lib/avr5\libm.a(pow.o) (exp)
[...]
Memory Configuration

Name             Origin             Length             Attributes
text             0x00000000         0x00020000         xr
data             0x00800060         0x0000ffa0         rw !x
eeprom           0x00810000         0x00010000         rw !x
fuse             0x00820000         0x00000003         rw !x
lock             0x00830000         0x00000400         rw !x
signature        0x00840000         0x00000400         rw !x
user_signatures  0x00850000         0x00000400         rw !x
*default*        0x00000000         0xffffffff

Linker script and memory map

Address of section .data set to 0x800100
LOAD C:/Program Files (x86)/Atmel/Studio/7.0/Packs/atmel/ATmega_DFP/1.2.150/gcc/dev/atmega328p/avr5/crtatmega328p.o
LOAD Sketch.o
LOAD src/libraries/Mozzi/MozziGuts.o
LOAD src/libraries/Mozzi/mozzi_analog.o
LOAD src/libraries/Mozzi/mozzi_fixmath.o
LOAD src/libraries/Mozzi/mozzi_midi.o
LOAD src/libraries/Mozzi/mozzi_rand.o
LOAD src/libraries/Mozzi/mozzi_utils.o
LOAD src/libraries/Mozzi/twi_nonblock.o
LOAD src/libraries/Mozzi/utility/FrequencyTimer2.o
LOAD src/libraries/Mozzi/utility/TimerOne.o
LOAD src/libraries/Mozzi/utility/TimerZero.o
START GROUP
LOAD c:/program files (x86)/atmel/studio/7.0/toolchain/avr8/avr8-gnu-toolchain/bin/../lib/gcc/avr/5.4.0/../../../../avr/lib/avr5\libm.a
LOAD C:\Users\tiago\DOCUME~1\GitHub\KIDMOD~1\OSCILL~2\OSCILL~1\OSCILL~1\ARDUIN~1\Debug\libArduinoCore.a
END GROUP
LOAD c:/program files (x86)/atmel/studio/7.0/toolchain/avr8/avr8-gnu-toolchain/bin/../lib/gcc/avr/5.4.0/avr5\libgcc.a
LOAD c:/program files (x86)/atmel/studio/7.0/toolchain/avr8/avr8-gnu-toolchain/bin/../lib/gcc/avr/5.4.0/../../../../avr/lib/avr5\libm.a
START GROUP
LOAD c:/program files (x86)/atmel/studio/7.0/toolchain/avr8/avr8-gnu-toolchain/bin/../lib/gcc/avr/5.4.0/avr5\libgcc.a
LOAD c:/program files (x86)/atmel/studio/7.0/toolchain/avr8/avr8-gnu-toolchain/bin/../lib/gcc/avr/5.4.0/../../../../avr/lib/avr5\libm.a
LOAD c:/program files (x86)/atmel/studio/7.0/toolchain/avr8/avr8-gnu-toolchain/bin/../lib/gcc/avr/5.4.0/../../../../avr/lib/avr5\libc.a
LOAD C:/Program Files (x86)/Atmel/Studio/7.0/Packs/atmel/ATmega_DFP/1.2.150/gcc/dev/atmega328p/avr5\libatmega328p.a
END GROUP
                0x00020000                __TEXT_REGION_LENGTH__ = DEFINED (__TEXT_REGION_LENGTH__)?__TEXT_REGION_LENGTH__:0x20000
                0x0000ffa0                __DATA_REGION_LENGTH__ = DEFINED (__DATA_REGION_LENGTH__)?__DATA_REGION_LENGTH__:0xffa0
                0x00010000                __EEPROM_REGION_LENGTH__ = DEFINED (__EEPROM_REGION_LENGTH__)?__EEPROM_REGION_LENGTH__:0x10000
                [0x00000003]                __FUSE_REGION_LENGTH__ = DEFINED (__FUSE_REGION_LENGTH__)?__FUSE_REGION_LENGTH__:0x400
                0x00000400                __LOCK_REGION_LENGTH__ = DEFINED (__LOCK_REGION_LENGTH__)?__LOCK_REGION_LENGTH__:0x400
                0x00000400                __SIGNATURE_REGION_LENGTH__ = DEFINED (__SIGNATURE_REGION_LENGTH__)?__SIGNATURE_REGION_LENGTH__:0x400
                0x00000400                __USER_SIGNATURE_REGION_LENGTH__ = DEFINED (__USER_SIGNATURE_REGION_LENGTH__)?__USER_SIGNATURE_REGION_LENGTH__:0x400

.hash
 *(.hash)

.dynsym
 *(.dynsym)

.dynstr
 *(.dynstr)

.gnu.version
 *(.gnu.version)

.gnu.version_d
 *(.gnu.version_d)

.gnu.version_r
 *(.gnu.version_r)

.rel.init
 *(.rel.init)

.rela.init
 *(.rela.init)

.rel.text
 *(.rel.text)
 *(.rel.text.*)
 *(.rel.gnu.linkonce.t*)

.rela.text
 *(.rela.text)
 *(.rela.text.*)
 *(.rela.gnu.linkonce.t*)

.rel.fini
 *(.rel.fini)

.rela.fini
 *(.rela.fini)

.rel.rodata
 *(.rel.rodata)
 *(.rel.rodata.*)
 *(.rel.gnu.linkonce.r*)

.rela.rodata
 *(.rela.rodata)
 *(.rela.rodata.*)
 *(.rela.gnu.linkonce.r*)

.rel.data
 *(.rel.data)
 *(.rel.data.*)
 *(.rel.gnu.linkonce.d*)

.rela.data
 *(.rela.data)
 *(.rela.data.*)
 *(.rela.gnu.linkonce.d*)

.rel.ctors
 *(.rel.ctors)

.rela.ctors
 *(.rela.ctors)

.rel.dtors
 *(.rel.dtors)

.rela.dtors
 *(.rela.dtors)

.rel.got
 *(.rel.got)

.rela.got
 *(.rela.got)

.rel.bss
 *(.rel.bss)

.rela.bss
 *(.rela.bss)

.rel.plt
 *(.rel.plt)

.rela.plt
 *(.rela.plt)

.text           0x00000000      0xd0e
 *(.vectors)
 .vectors       0x00000000       0x68 C:/Program Files (x86)/Atmel/Studio/7.0/Packs/atmel/ATmega_DFP/1.2.150/gcc/dev/atmega328p/avr5/crtatmega328p.o
                0x00000000                __vector_default
                0x00000000                __vectors
 *(.vectors)
 *(.progmem.gcc*)
                0x00000068                . = ALIGN (0x2)
                0x00000068                __trampolines_start = .
 *(.trampolines)
 .trampolines   0x00000068        0x0 linker stubs
 *(.trampolines*)
                0x00000068                __trampolines_end = .
 *libprintf_flt.a:*(.progmem.data)
 *libc.a:*(.progmem.data)
 *(.progmem*)
                0x00000068                . = ALIGN (0x2)
 *(.jumptables)
 *(.jumptables*)
 *(.lowtext)
 *(.lowtext*)
                0x00000068                __ctors_start = .
 *(.ctors)
 .ctors         0x00000068        0x2 src/libraries/Mozzi/MozziGuts.o
 .ctors         0x0000006a        0x2 src/libraries/Mozzi/mozzi_analog.o
 .ctors         0x0000006c        0x2 C:\Users\tiago\DOCUME~1\GitHub\KIDMOD~1\OSCILL~2\OSCILL~1\OSCILL~1\ARDUIN~1\Debug\libArduinoCore.a(HardwareSerial0.o)
                0x0000006e                __ctors_end = .
                0x0000006e                __dtors_start = .
 *(.dtors)
                0x0000006e                __dtors_end = .
 SORT(*)(.ctors)
 SORT(*)(.dtors)
 *(.init0)
 .init0         0x0000006e        0x0 C:/Program Files (x86)/Atmel/Studio/7.0/Packs/atmel/ATmega_DFP/1.2.150/gcc/dev/atmega328p/avr5/crtatmega328p.o
                0x0000006e                __init
 *(.init0)
 *(.init1)
 *(.init1)
 *(.init2)
 .init2         0x0000006e        0xc C:/Program Files (x86)/Atmel/Studio/7.0/Packs/atmel/ATmega_DFP/1.2.150/gcc/dev/atmega328p/avr5/crtatmega328p.o
 *(.init2)
 *(.init3)
 *(.init3)
 *(.init4)
 .init4         0x0000007a       0x16 c:/program files (x86)/atmel/studio/7.0/toolchain/avr8/avr8-gnu-toolchain/bin/../lib/gcc/avr/5.4.0/avr5\libgcc.a(_copy_data.o)
                0x0000007a                __do_copy_data
 .init4         0x00000090       0x10 c:/program files (x86)/atmel/studio/7.0/toolchain/avr8/avr8-gnu-toolchain/bin/../lib/gcc/avr/5.4.0/avr5\libgcc.a(_clear_bss.o)
                0x00000090                __do_clear_bss
 *(.init4)
 *(.init5)
 *(.init5)
 *(.init6)
 .init6         0x000000a0       0x16 c:/program files (x86)/atmel/studio/7.0/toolchain/avr8/avr8-gnu-toolchain/bin/../lib/gcc/avr/5.4.0/avr5\libgcc.a(_ctors.o)
                0x000000a0                __do_global_ctors
 *(.init6)
 *(.init7)
 *(.init7)
 *(.init8)
 *(.init8)
 *(.init9)
 .init9         0x000000b6        0x8 C:/Program Files (x86)/Atmel/Studio/7.0/Packs/atmel/ATmega_DFP/1.2.150/gcc/dev/atmega328p/avr5/crtatmega328p.o
 *(.init9)
 *(.text)
 .text          0x000000be        0x4 C:/Program Files (x86)/Atmel/Studio/7.0/Packs/atmel/ATmega_DFP/1.2.150/gcc/dev/atmega328p/avr5/crtatmega328p.o
                0x000000be                __vector_22
                0x000000be                __vector_1
                0x000000be                __vector_12
                0x000000be                __bad_interrupt
                0x000000be                __vector_6
                0x000000be                __vector_3
                0x000000be                __vector_23
                0x000000be                __vector_25
                0x000000be                __vector_11
                0x000000be                __vector_17
                0x000000be                __vector_7
                0x000000be                __vector_5
                0x000000be                __vector_4
                0x000000be                __vector_9
                0x000000be                __vector_2
                0x000000be                __vector_15
                0x000000be                __vector_8
                0x000000be                __vector_10
                0x000000be                __vector_20
                0x000000c2                . = ALIGN (0x2)
 *(.text.*)
 .text.setup    0x000000c2       0x16 Sketch.o
                0x000000c2                setup
 .text.loop     0x000000d8       0x82 Sketch.o
                0x000000d8                loop
 .text.__vector_13
                0x0000015a       0x9a src/libraries/Mozzi/MozziGuts.o
                0x0000015a                __vector_13
 .text.startup._GLOBAL__sub_I_output_buffer
                0x000001f4       0x12 src/libraries/Mozzi/MozziGuts.o
 .text._Z18adcStartConversionh
                0x00000206       0x14 src/libraries/Mozzi/mozzi_analog.o
                0x00000206                _Z18adcStartConversionh
 .text._Z23adcReadSelectedChannelsv
                0x0000021a       0x50 src/libraries/Mozzi/mozzi_analog.o
                0x0000021a                _Z23adcReadSelectedChannelsv
 .text._Z21startSecondControlADCv
                0x0000026a        0xc src/libraries/Mozzi/mozzi_analog.o
                0x0000026a                _Z21startSecondControlADCv
 .text._Z23receiveSecondControlADCv
                0x00000276       0x1a src/libraries/Mozzi/mozzi_analog.o
                0x00000276                _Z23receiveSecondControlADCv
 .text.__vector_21
                0x00000290       0x64 src/libraries/Mozzi/mozzi_analog.o
                0x00000290                __vector_21
 .text.startup._GLOBAL__sub_I__Z19setupFastAnalogReada
                0x000002f4        0xe src/libraries/Mozzi/mozzi_analog.o
 .text._Z23initialize_twi_nonblockv
                0x00000302       0x2e src/libraries/Mozzi/twi_nonblock.o
                0x00000302                _Z23initialize_twi_nonblockv
 .text._Z20twi_continueReadFromv
                0x00000330       0x2e src/libraries/Mozzi/twi_nonblock.o
                0x00000330                _Z20twi_continueReadFromv
 .text._Z20twi_initiateReadFromhh
                0x0000035e       0x48 src/libraries/Mozzi/twi_nonblock.o
                0x0000035e                _Z20twi_initiateReadFromhh
 .text._Z20twi_readMasterBufferPhh
                0x000003a6       0x1c src/libraries/Mozzi/twi_nonblock.o
                0x000003a6                _Z20twi_readMasterBufferPhh
 .text._Z19twi_continueWriteTov
                0x000003c2       0x4a src/libraries/Mozzi/twi_nonblock.o
                0x000003c2                _Z19twi_continueWriteTov
 .text._Z8twi_stopv
                0x0000040c       0x34 src/libraries/Mozzi/twi_nonblock.o
                0x0000040c                _Z8twi_stopv
 .text._Z14twi_releaseBusv
                0x00000440       0x2c src/libraries/Mozzi/twi_nonblock.o
                0x00000440                _Z14twi_releaseBusv
 .text.__vector_24
                0x0000046c      0x11a src/libraries/Mozzi/twi_nonblock.o
                0x0000046c                __vector_24
 .text.__vector_14
                0x00000586       0x6c src/libraries/Mozzi/utility/TimerZero.o
                0x00000586                __vector_14
 .text._ZN14HardwareSerial9availableEv
                0x000005f2       0x18 C:\Users\tiago\DOCUME~1\GitHub\KIDMOD~1\OSCILL~2\OSCILL~1\OSCILL~1\ARDUIN~1\Debug\libArduinoCore.a(HardwareSerial.o)
                0x000005f2                _ZN14HardwareSerial9availableEv
 .text._ZN14HardwareSerial4peekEv
                0x0000060a       0x1c C:\Users\tiago\DOCUME~1\GitHub\KIDMOD~1\OSCILL~2\OSCILL~1\OSCILL~1\ARDUIN~1\Debug\libArduinoCore.a(HardwareSerial.o)
                0x0000060a                _ZN14HardwareSerial4peekEv
 .text._ZN14HardwareSerial4readEv
                0x00000626       0x28 C:\Users\tiago\DOCUME~1\GitHub\KIDMOD~1\OSCILL~2\OSCILL~1\OSCILL~1\ARDUIN~1\Debug\libArduinoCore.a(HardwareSerial.o)
                0x00000626                _ZN14HardwareSerial4readEv
 .text._Z14serialEventRunv
                0x0000064e       0x1c C:\Users\tiago\DOCUME~1\GitHub\KIDMOD~1\OSCILL~2\OSCILL~1\OSCILL~1\ARDUIN~1\Debug\libArduinoCore.a(HardwareSerial.o)
                0x0000064e                _Z14serialEventRunv
 .text._ZN14HardwareSerial17_tx_udr_empty_irqEv
                0x0000066a       0x42 C:\Users\tiago\DOCUME~1\GitHub\KIDMOD~1\OSCILL~2\OSCILL~1\OSCILL~1\ARDUIN~1\Debug\libArduinoCore.a(HardwareSerial.o)
                0x0000066a                _ZN14HardwareSerial17_tx_udr_empty_irqEv
 .text._ZN14HardwareSerial5writeEh
                0x000006ac       0x8e C:\Users\tiago\DOCUME~1\GitHub\KIDMOD~1\OSCILL~2\OSCILL~1\OSCILL~1\ARDUIN~1\Debug\libArduinoCore.a(HardwareSerial.o)
                0x000006ac                _ZN14HardwareSerial5writeEh
 .text._ZN14HardwareSerial5flushEv
                0x0000073a       0x44 C:\Users\tiago\DOCUME~1\GitHub\KIDMOD~1\OSCILL~2\OSCILL~1\OSCILL~1\ARDUIN~1\Debug\libArduinoCore.a(HardwareSerial.o)
                0x0000073a                _ZN14HardwareSerial5flushEv
 .text._ZN14HardwareSerial5beginEmh
                0x0000077e       0xca C:\Users\tiago\DOCUME~1\GitHub\KIDMOD~1\OSCILL~2\OSCILL~1\OSCILL~1\ARDUIN~1\Debug\libArduinoCore.a(HardwareSerial.o)
                0x0000077e                _ZN14HardwareSerial5beginEmh
 .text.__vector_18
                0x00000848       0x64 C:\Users\tiago\DOCUME~1\GitHub\KIDMOD~1\OSCILL~2\OSCILL~1\OSCILL~1\ARDUIN~1\Debug\libArduinoCore.a(HardwareSerial0.o)
                0x00000848                __vector_18
 .text.__vector_19
                0x000008ac       0x4c C:\Users\tiago\DOCUME~1\GitHub\KIDMOD~1\OSCILL~2\OSCILL~1\OSCILL~1\ARDUIN~1\Debug\libArduinoCore.a(HardwareSerial0.o)
                0x000008ac                __vector_19
 .text._Z17Serial0_availablev
                0x000008f8       0x14 C:\Users\tiago\DOCUME~1\GitHub\KIDMOD~1\OSCILL~2\OSCILL~1\OSCILL~1\ARDUIN~1\Debug\libArduinoCore.a(HardwareSerial0.o)
                0x000008f8                _Z17Serial0_availablev
 .text.startup._GLOBAL__sub_I___vector_18
                0x0000090c       0x5a C:\Users\tiago\DOCUME~1\GitHub\KIDMOD~1\OSCILL~2\OSCILL~1\OSCILL~1\ARDUIN~1\Debug\libArduinoCore.a(HardwareSerial0.o)
 .text.initVariant
                0x00000966        0x2 C:\Users\tiago\DOCUME~1\GitHub\KIDMOD~1\OSCILL~2\OSCILL~1\OSCILL~1\ARDUIN~1\Debug\libArduinoCore.a(main.o)
                0x00000966                initVariant
 .text.startup.main
                0x00000968       0x1e C:\Users\tiago\DOCUME~1\GitHub\KIDMOD~1\OSCILL~2\OSCILL~1\OSCILL~1\ARDUIN~1\Debug\libArduinoCore.a(main.o)
                0x00000968                main
 .text._ZN5Print5writeEPKhj
                0x00000986       0x50 C:\Users\tiago\DOCUME~1\GitHub\KIDMOD~1\OSCILL~2\OSCILL~1\OSCILL~1\ARDUIN~1\Debug\libArduinoCore.a(Print.o)
                0x00000986                _ZN5Print5writeEPKhj
 .text._ZN5Print5writeEPKc
                0x000009d6       0x2a C:\Users\tiago\DOCUME~1\GitHub\KIDMOD~1\OSCILL~2\OSCILL~1\OSCILL~1\ARDUIN~1\Debug\libArduinoCore.a(Print.o)
                0x000009d6                _ZN5Print5writeEPKc
 .text._ZN5Print5printEPKc
                0x00000a00        0x4 C:\Users\tiago\DOCUME~1\GitHub\KIDMOD~1\OSCILL~2\OSCILL~1\OSCILL~1\ARDUIN~1\Debug\libArduinoCore.a(Print.o)
                0x00000a00                _ZN5Print5printEPKc
 .text._ZN5Print5printEc
                0x00000a04        0xe C:\Users\tiago\DOCUME~1\GitHub\KIDMOD~1\OSCILL~2\OSCILL~1\OSCILL~1\ARDUIN~1\Debug\libArduinoCore.a(Print.o)
                0x00000a04                _ZN5Print5printEc
 .text._ZN5Print7printlnEv
                0x00000a12        0x8 C:\Users\tiago\DOCUME~1\GitHub\KIDMOD~1\OSCILL~2\OSCILL~1\OSCILL~1\ARDUIN~1\Debug\libArduinoCore.a(Print.o)
                0x00000a12                _ZN5Print7printlnEv
 .text._ZN5Print11printNumberEmh
                0x00000a1a       0xac C:\Users\tiago\DOCUME~1\GitHub\KIDMOD~1\OSCILL~2\OSCILL~1\OSCILL~1\ARDUIN~1\Debug\libArduinoCore.a(Print.o)
                0x00000a1a                _ZN5Print11printNumberEmh
 .text._ZN5Print5printEmi
                0x00000ac6       0x1a C:\Users\tiago\DOCUME~1\GitHub\KIDMOD~1\OSCILL~2\OSCILL~1\OSCILL~1\ARDUIN~1\Debug\libArduinoCore.a(Print.o)
                0x00000ac6                _ZN5Print5printEmi
 .text._ZN5Print5printEhi
                0x00000ae0        0xe C:\Users\tiago\DOCUME~1\GitHub\KIDMOD~1\OSCILL~2\OSCILL~1\OSCILL~1\ARDUIN~1\Debug\libArduinoCore.a(Print.o)
                0x00000ae0                _ZN5Print5printEhi
 .text._ZN5Print5printEli
                0x00000aee       0x90 C:\Users\tiago\DOCUME~1\GitHub\KIDMOD~1\OSCILL~2\OSCILL~1\OSCILL~1\ARDUIN~1\Debug\libArduinoCore.a(Print.o)
                0x00000aee                _ZN5Print5printEli
 .text._ZN5Print5printEii
                0x00000b7e        0xe C:\Users\tiago\DOCUME~1\GitHub\KIDMOD~1\OSCILL~2\OSCILL~1\OSCILL~1\ARDUIN~1\Debug\libArduinoCore.a(Print.o)
                0x00000b7e                _ZN5Print5printEii
 .text._ZN5Print7printlnEii
                0x00000b8c       0x24 C:\Users\tiago\DOCUME~1\GitHub\KIDMOD~1\OSCILL~2\OSCILL~1\OSCILL~1\ARDUIN~1\Debug\libArduinoCore.a(Print.o)
                0x00000b8c                _ZN5Print7printlnEii
 .text.__vector_16
                0x00000bb0       0x94 C:\Users\tiago\DOCUME~1\GitHub\KIDMOD~1\OSCILL~2\OSCILL~1\OSCILL~1\ARDUIN~1\Debug\libArduinoCore.a(wiring.o)
                0x00000bb0                __vector_16
 .text.init     0x00000c44       0x76 C:\Users\tiago\DOCUME~1\GitHub\KIDMOD~1\OSCILL~2\OSCILL~1\OSCILL~1\ARDUIN~1\Debug\libArduinoCore.a(wiring.o)
                0x00000c44                init
 .text.libgcc.div
                0x00000cba       0x44 c:/program files (x86)/atmel/studio/7.0/toolchain/avr8/avr8-gnu-toolchain/bin/../lib/gcc/avr/5.4.0/avr5\libgcc.a(_udivmodsi4.o)
                0x00000cba                __udivmodsi4
 .text.libgcc   0x00000cfe        0xc c:/program files (x86)/atmel/studio/7.0/toolchain/avr8/avr8-gnu-toolchain/bin/../lib/gcc/avr/5.4.0/avr5\libgcc.a(_tablejump2.o)
                0x00000cfe                __tablejump2__
                0x00000d0a                . = ALIGN (0x2)
 *(.fini9)
 .fini9         0x00000d0a        0x0 c:/program files (x86)/atmel/studio/7.0/toolchain/avr8/avr8-gnu-toolchain/bin/../lib/gcc/avr/5.4.0/avr5\libgcc.a(_exit.o)
                0x00000d0a                _exit
                0x00000d0a                exit
 *(.fini9)
 *(.fini8)
 *(.fini8)
 *(.fini7)
 *(.fini7)
 *(.fini6)
 *(.fini6)
 *(.fini5)
 *(.fini5)
 *(.fini4)
 *(.fini4)
 *(.fini3)
 *(.fini3)
 *(.fini2)
 *(.fini2)
 *(.fini1)
 *(.fini1)
 *(.fini0)
 .fini0         0x00000d0a        0x4 c:/program files (x86)/atmel/studio/7.0/toolchain/avr8/avr8-gnu-toolchain/bin/../lib/gcc/avr/5.4.0/avr5\libgcc.a(_exit.o)
 *(.fini0)
                0x00000d0e                _etext = .

.data           0x00800100       0x26 load address 0x00000d0e
                0x00800100                PROVIDE (__data_start, .)
 *(.data)
 *(.data*)
 .data._ZL5first
                0x00800100        0x1 src/libraries/Mozzi/mozzi_analog.o
 .data._ZL15current_channel
                0x00800101        0x1 src/libraries/Mozzi/mozzi_analog.o
 *(.gnu.linkonce.d*)
 *(.rodata)
 *(.rodata*)
 .rodata.str1.1
                0x00800102        0x2 Sketch.o
 .rodata._ZTV14HardwareSerial
                0x00800104       0x10 C:\Users\tiago\DOCUME~1\GitHub\KIDMOD~1\OSCILL~2\OSCILL~1\OSCILL~1\ARDUIN~1\Debug\libArduinoCore.a(HardwareSerial.o)
                0x00800104                _ZTV14HardwareSerial
 .rodata.str1.1
                0x00800114       0x11 C:\Users\tiago\DOCUME~1\GitHub\KIDMOD~1\OSCILL~2\OSCILL~1\OSCILL~1\ARDUIN~1\Debug\libArduinoCore.a(Print.o)
 *(.gnu.linkonce.r*)
                0x00800126                . = ALIGN (0x2)
 *fill*         0x00800125        0x1 
                0x00800126                _edata = .
                0x00800126                PROVIDE (__data_end, .)

.bss            0x00800126      0x301
                0x00800126                PROVIDE (__bss_start, .)
 *(.bss)
 *(.bss*)
 .bss.val       0x00800126        0x2 Sketch.o
                0x00800126                val
 .bss.paramAddr
                0x00800128        0x1 Sketch.o
                0x00800128                paramAddr
 .bss.menu      0x00800129        0x1 Sketch.o
                0x00800129                menu
 .bss.message   0x0080012a        0x3 Sketch.o
                0x0080012a                message
 .bss._ZZ11__vector_13E9alternate
                0x0080012d        0x1 src/libraries/Mozzi/MozziGuts.o
 .bss.output_buffer
                0x0080012e      0x208 src/libraries/Mozzi/MozziGuts.o
                0x0080012e                output_buffer
 .bss._ZL20adc_channels_to_read
                0x00800336        0xa src/libraries/Mozzi/mozzi_analog.o
 .bss._ZL15analog_readings
                0x00800340       0x10 src/libraries/Mozzi/mozzi_analog.o
 .bss.twi_readLength
                0x00800350        0x1 src/libraries/Mozzi/twi_nonblock.o
                0x00800350                twi_readLength
 .bss.twi_readAddress
                0x00800351        0x1 src/libraries/Mozzi/twi_nonblock.o
                0x00800351                twi_readAddress
 .bss.twi_writeLength
                0x00800352        0x1 src/libraries/Mozzi/twi_nonblock.o
                0x00800352                twi_writeLength
 .bss.twi_writeData
                0x00800353        0x2 src/libraries/Mozzi/twi_nonblock.o
                0x00800353                twi_writeData
 .bss.twi_writeAddress
                0x00800355        0x1 src/libraries/Mozzi/twi_nonblock.o
                0x00800355                twi_writeAddress
 .bss._ZL14txBufferLength
                0x00800356        0x1 src/libraries/Mozzi/twi_nonblock.o
 .bss._ZL13txBufferIndex
                0x00800357        0x1 src/libraries/Mozzi/twi_nonblock.o
 .bss._ZL9twi_error
                0x00800358        0x1 src/libraries/Mozzi/twi_nonblock.o
 .bss._ZL22twi_masterBufferLength
                0x00800359        0x1 src/libraries/Mozzi/twi_nonblock.o
 .bss._ZL21twi_masterBufferIndex
                0x0080035a        0x1 src/libraries/Mozzi/twi_nonblock.o
 .bss._ZL16twi_masterBuffer
                0x0080035b       0x20 src/libraries/Mozzi/twi_nonblock.o
 .bss._ZL9twi_slarw
                0x0080037b        0x1 src/libraries/Mozzi/twi_nonblock.o
 .bss._ZL12twi_oldstate
                0x0080037c        0x1 src/libraries/Mozzi/twi_nonblock.o
 .bss._ZL9twi_state
                0x0080037d        0x1 src/libraries/Mozzi/twi_nonblock.o
 .bss._ZN9TimerZero2f_E
                0x0080037e        0x2 src/libraries/Mozzi/utility/TimerZero.o
                0x0080037e                _ZN9TimerZero2f_E
 .bss._ZN9TimerZero6reset_E
                0x00800380        0x1 src/libraries/Mozzi/utility/TimerZero.o
                0x00800380                _ZN9TimerZero6reset_E
 .bss.Serial    0x00800381       0x9d C:\Users\tiago\DOCUME~1\GitHub\KIDMOD~1\OSCILL~2\OSCILL~1\OSCILL~1\ARDUIN~1\Debug\libArduinoCore.a(HardwareSerial0.o)
                0x00800381                Serial
 .bss.timer0_fract
                0x0080041e        0x1 C:\Users\tiago\DOCUME~1\GitHub\KIDMOD~1\OSCILL~2\OSCILL~1\OSCILL~1\ARDUIN~1\Debug\libArduinoCore.a(wiring.o)
 .bss.timer0_millis
                0x0080041f        0x4 C:\Users\tiago\DOCUME~1\GitHub\KIDMOD~1\OSCILL~2\OSCILL~1\OSCILL~1\ARDUIN~1\Debug\libArduinoCore.a(wiring.o)
                0x0080041f                timer0_millis
 .bss.timer0_overflow_count
                0x00800423        0x4 C:\Users\tiago\DOCUME~1\GitHub\KIDMOD~1\OSCILL~2\OSCILL~1\OSCILL~1\ARDUIN~1\Debug\libArduinoCore.a(wiring.o)
                0x00800423                timer0_overflow_count
 *(COMMON)
                0x00800427                PROVIDE (__bss_end, .)
                0x00000d0e                __data_load_start = LOADADDR (.data)
                0x00000d34                __data_load_end = (__data_load_start + SIZEOF (.data))

.noinit         0x00800427        0x0
                [!provide]                PROVIDE (__noinit_start, .)
 *(.noinit*)
                [!provide]                PROVIDE (__noinit_end, .)
                0x00800427                _end = .
                [!provide]                PROVIDE (__heap_start, .)

.eeprom         0x00810000        0x0
 *(.eeprom*)
                0x00810000                __eeprom_end = .

.fuse
 *(.fuse)
 *(.lfuse)
 *(.hfuse)
 *(.efuse)

.lock
 *(.lock*)

.signature
 *(.signature*)

.user_signatures
 *(.user_signatures*)

.stab
 *(.stab)

.stabstr
 *(.stabstr)

.stab.excl
 *(.stab.excl)

.stab.exclstr
 *(.stab.exclstr)

.stab.index
 *(.stab.index)

.stab.indexstr
 *(.stab.indexstr)

.comment        0x00000000       0x30
 *(.comment)
 .comment       0x00000000       0x30 Sketch.o
                                 0x31 (size before relaxing)
 .comment       0x00000030       0x31 src/libraries/Mozzi/MozziGuts.o
 .comment       0x00000030       0x31 src/libraries/Mozzi/mozzi_analog.o
 .comment       0x00000030       0x31 src/libraries/Mozzi/twi_nonblock.o
 .comment       0x00000030       0x31 src/libraries/Mozzi/utility/TimerZero.o
 .comment       0x00000030       0x31 C:\Users\tiago\DOCUME~1\GitHub\KIDMOD~1\OSCILL~2\OSCILL~1\OSCILL~1\ARDUIN~1\Debug\libArduinoCore.a(HardwareSerial.o)
 .comment       0x00000030       0x31 C:\Users\tiago\DOCUME~1\GitHub\KIDMOD~1\OSCILL~2\OSCILL~1\OSCILL~1\ARDUIN~1\Debug\libArduinoCore.a(HardwareSerial0.o)
 .comment       0x00000030       0x31 C:\Users\tiago\DOCUME~1\GitHub\KIDMOD~1\OSCILL~2\OSCILL~1\OSCILL~1\ARDUIN~1\Debug\libArduinoCore.a(main.o)
 .comment       0x00000030       0x31 C:\Users\tiago\DOCUME~1\GitHub\KIDMOD~1\OSCILL~2\OSCILL~1\OSCILL~1\ARDUIN~1\Debug\libArduinoCore.a(Print.o)
 .comment       0x00000030       0x31 C:\Users\tiago\DOCUME~1\GitHub\KIDMOD~1\OSCILL~2\OSCILL~1\OSCILL~1\ARDUIN~1\Debug\libArduinoCore.a(wiring.o)

.note.gnu.avr.deviceinfo
                0x00000000       0x40
 .note.gnu.avr.deviceinfo
                0x00000000       0x40 C:/Program Files (x86)/Atmel/Studio/7.0/Packs/atmel/ATmega_DFP/1.2.150/gcc/dev/atmega328p/avr5/crtatmega328p.o

.note.gnu.build-id
 *(.note.gnu.build-id)

.debug
 *(.debug)

.line
 *(.line)

.debug_srcinfo
 *(.debug_srcinfo)

.debug_sfnames
 *(.debug_sfnames)

.debug_aranges  0x00000000      0x3f0
 *(.debug_aranges)
 .debug_aranges
                0x00000000       0x28 Sketch.o
 .debug_aranges
                0x00000028       0x60 src/libraries/Mozzi/MozziGuts.o
 .debug_aranges
                0x00000088       0x90 src/libraries/Mozzi/mozzi_analog.o
 .debug_aranges
                0x00000118       0x98 src/libraries/Mozzi/twi_nonblock.o
 .debug_aranges
                0x000001b0       0x38 src/libraries/Mozzi/utility/TimerZero.o
 .debug_aranges
                0x000001e8       0x68 C:\Users\tiago\DOCUME~1\GitHub\KIDMOD~1\OSCILL~2\OSCILL~1\OSCILL~1\ARDUIN~1\Debug\libArduinoCore.a(HardwareSerial.o)
 .debug_aranges
                0x00000250       0x38 C:\Users\tiago\DOCUME~1\GitHub\KIDMOD~1\OSCILL~2\OSCILL~1\OSCILL~1\ARDUIN~1\Debug\libArduinoCore.a(HardwareSerial0.o)
 .debug_aranges
                0x00000288       0x30 C:\Users\tiago\DOCUME~1\GitHub\KIDMOD~1\OSCILL~2\OSCILL~1\OSCILL~1\ARDUIN~1\Debug\libArduinoCore.a(main.o)
 .debug_aranges
                0x000002b8       0xf0 C:\Users\tiago\DOCUME~1\GitHub\KIDMOD~1\OSCILL~2\OSCILL~1\OSCILL~1\ARDUIN~1\Debug\libArduinoCore.a(Print.o)
 .debug_aranges
                0x000003a8       0x48 C:\Users\tiago\DOCUME~1\GitHub\KIDMOD~1\OSCILL~2\OSCILL~1\OSCILL~1\ARDUIN~1\Debug\libArduinoCore.a(wiring.o)

.debug_pubnames
 *(.debug_pubnames)

.debug_info     0x00000000     0x85ad
 *(.debug_info .gnu.linkonce.wi.*)
 .debug_info    0x00000000      0x5f4 C:/Program Files (x86)/Atmel/Studio/7.0/Packs/atmel/ATmega_DFP/1.2.150/gcc/dev/atmega328p/avr5/crtatmega328p.o
 .debug_info    0x000005f4      0x4f7 Sketch.o
 .debug_info    0x00000aeb      0xd0d src/libraries/Mozzi/MozziGuts.o
 .debug_info    0x000017f8      0x6bf src/libraries/Mozzi/mozzi_analog.o
 .debug_info    0x00001eb7      0x793 src/libraries/Mozzi/twi_nonblock.o
 .debug_info    0x0000264a      0x2dd src/libraries/Mozzi/utility/TimerZero.o
 .debug_info    0x00002927     0x1b1f C:\Users\tiago\DOCUME~1\GitHub\KIDMOD~1\OSCILL~2\OSCILL~1\OSCILL~1\ARDUIN~1\Debug\libArduinoCore.a(HardwareSerial.o)
 .debug_info    0x00004446     0x174a C:\Users\tiago\DOCUME~1\GitHub\KIDMOD~1\OSCILL~2\OSCILL~1\OSCILL~1\ARDUIN~1\Debug\libArduinoCore.a(HardwareSerial0.o)
 .debug_info    0x00005b90      0x1fe C:\Users\tiago\DOCUME~1\GitHub\KIDMOD~1\OSCILL~2\OSCILL~1\OSCILL~1\ARDUIN~1\Debug\libArduinoCore.a(main.o)
 .debug_info    0x00005d8e     0x255f C:\Users\tiago\DOCUME~1\GitHub\KIDMOD~1\OSCILL~2\OSCILL~1\OSCILL~1\ARDUIN~1\Debug\libArduinoCore.a(Print.o)
 .debug_info    0x000082ed      0x2c0 C:\Users\tiago\DOCUME~1\GitHub\KIDMOD~1\OSCILL~2\OSCILL~1\OSCILL~1\ARDUIN~1\Debug\libArduinoCore.a(wiring.o)

.debug_abbrev   0x00000000     0x20cf
 *(.debug_abbrev)
 .debug_abbrev  0x00000000      0x5a2 C:/Program Files (x86)/Atmel/Studio/7.0/Packs/atmel/ATmega_DFP/1.2.150/gcc/dev/atmega328p/avr5/crtatmega328p.o
 .debug_abbrev  0x000005a2      0x1c8 Sketch.o
 .debug_abbrev  0x0000076a      0x469 src/libraries/Mozzi/MozziGuts.o
 .debug_abbrev  0x00000bd3      0x33f src/libraries/Mozzi/mozzi_analog.o
 .debug_abbrev  0x00000f12      0x2ae src/libraries/Mozzi/twi_nonblock.o
 .debug_abbrev  0x000011c0      0x195 src/libraries/Mozzi/utility/TimerZero.o
 .debug_abbrev  0x00001355      0x3da C:\Users\tiago\DOCUME~1\GitHub\KIDMOD~1\OSCILL~2\OSCILL~1\OSCILL~1\ARDUIN~1\Debug\libArduinoCore.a(HardwareSerial.o)
 .debug_abbrev  0x0000172f      0x353 C:\Users\tiago\DOCUME~1\GitHub\KIDMOD~1\OSCILL~2\OSCILL~1\OSCILL~1\ARDUIN~1\Debug\libArduinoCore.a(HardwareSerial0.o)
 .debug_abbrev  0x00001a82       0xf4 C:\Users\tiago\DOCUME~1\GitHub\KIDMOD~1\OSCILL~2\OSCILL~1\OSCILL~1\ARDUIN~1\Debug\libArduinoCore.a(main.o)
 .debug_abbrev  0x00001b76      0x413 C:\Users\tiago\DOCUME~1\GitHub\KIDMOD~1\OSCILL~2\OSCILL~1\OSCILL~1\ARDUIN~1\Debug\libArduinoCore.a(Print.o)
 .debug_abbrev  0x00001f89      0x146 C:\Users\tiago\DOCUME~1\GitHub\KIDMOD~1\OSCILL~2\OSCILL~1\OSCILL~1\ARDUIN~1\Debug\libArduinoCore.a(wiring.o)

.debug_line     0x00000000     0x2445
 *(.debug_line .debug_line.* .debug_line_end)
 .debug_line    0x00000000      0x133 C:/Program Files (x86)/Atmel/Studio/7.0/Packs/atmel/ATmega_DFP/1.2.150/gcc/dev/atmega328p/avr5/crtatmega328p.o
 .debug_line    0x00000133      0x23d Sketch.o
 .debug_line    0x00000370      0x455 src/libraries/Mozzi/MozziGuts.o
 .debug_line    0x000007c5      0x3c6 src/libraries/Mozzi/mozzi_analog.o
 .debug_line    0x00000b8b      0x5ca src/libraries/Mozzi/twi_nonblock.o
 .debug_line    0x00001155      0x226 src/libraries/Mozzi/utility/TimerZero.o
 .debug_line    0x0000137b      0x435 C:\Users\tiago\DOCUME~1\GitHub\KIDMOD~1\OSCILL~2\OSCILL~1\OSCILL~1\ARDUIN~1\Debug\libArduinoCore.a(HardwareSerial.o)
 .debug_line    0x000017b0      0x26c C:\Users\tiago\DOCUME~1\GitHub\KIDMOD~1\OSCILL~2\OSCILL~1\OSCILL~1\ARDUIN~1\Debug\libArduinoCore.a(HardwareSerial0.o)
 .debug_line    0x00001a1c      0x16e C:\Users\tiago\DOCUME~1\GitHub\KIDMOD~1\OSCILL~2\OSCILL~1\OSCILL~1\ARDUIN~1\Debug\libArduinoCore.a(main.o)
 .debug_line    0x00001b8a      0x617 C:\Users\tiago\DOCUME~1\GitHub\KIDMOD~1\OSCILL~2\OSCILL~1\OSCILL~1\ARDUIN~1\Debug\libArduinoCore.a(Print.o)
 .debug_line    0x000021a1      0x2a4 C:\Users\tiago\DOCUME~1\GitHub\KIDMOD~1\OSCILL~2\OSCILL~1\OSCILL~1\ARDUIN~1\Debug\libArduinoCore.a(wiring.o)

.debug_frame    0x00000000      0xb08
 *(.debug_frame)
 .debug_frame   0x00000000       0x34 Sketch.o
 .debug_frame   0x00000034      0x110 src/libraries/Mozzi/MozziGuts.o
 .debug_frame   0x00000144      0x15c src/libraries/Mozzi/mozzi_analog.o
 .debug_frame   0x000002a0      0x15c src/libraries/Mozzi/twi_nonblock.o
 .debug_frame   0x000003fc       0xb0 src/libraries/Mozzi/utility/TimerZero.o
 .debug_frame   0x000004ac      0x104 C:\Users\tiago\DOCUME~1\GitHub\KIDMOD~1\OSCILL~2\OSCILL~1\OSCILL~1\ARDUIN~1\Debug\libArduinoCore.a(HardwareSerial.o)
 .debug_frame   0x000005b0       0xc0 C:\Users\tiago\DOCUME~1\GitHub\KIDMOD~1\OSCILL~2\OSCILL~1\OSCILL~1\ARDUIN~1\Debug\libArduinoCore.a(HardwareSerial0.o)
 .debug_frame   0x00000670       0x44 C:\Users\tiago\DOCUME~1\GitHub\KIDMOD~1\OSCILL~2\OSCILL~1\OSCILL~1\ARDUIN~1\Debug\libArduinoCore.a(main.o)
 .debug_frame   0x000006b4      0x398 C:\Users\tiago\DOCUME~1\GitHub\KIDMOD~1\OSCILL~2\OSCILL~1\OSCILL~1\ARDUIN~1\Debug\libArduinoCore.a(Print.o)
 .debug_frame   0x00000a4c       0xbc C:\Users\tiago\DOCUME~1\GitHub\KIDMOD~1\OSCILL~2\OSCILL~1\OSCILL~1\ARDUIN~1\Debug\libArduinoCore.a(wiring.o)

.debug_str      0x00000000     0x2a8e
 *(.debug_str)
 .debug_str     0x00000000      0x208 C:/Program Files (x86)/Atmel/Studio/7.0/Packs/atmel/ATmega_DFP/1.2.150/gcc/dev/atmega328p/avr5/crtatmega328p.o
 .debug_str     0x00000208      0x438 Sketch.o
                                0x48a (size before relaxing)
 .debug_str     0x00000640      0x7d1 src/libraries/Mozzi/MozziGuts.o
                                0xa83 (size before relaxing)
 .debug_str     0x00000e11      0x334 src/libraries/Mozzi/mozzi_analog.o
                                0x632 (size before relaxing)
 .debug_str     0x00001145      0x2b1 src/libraries/Mozzi/twi_nonblock.o
                                0x637 (size before relaxing)
 .debug_str     0x000013f6       0xa9 src/libraries/Mozzi/utility/TimerZero.o
                                0x32d (size before relaxing)
 .debug_str     0x0000149f     0x10b5 C:\Users\tiago\DOCUME~1\GitHub\KIDMOD~1\OSCILL~2\OSCILL~1\OSCILL~1\ARDUIN~1\Debug\libArduinoCore.a(HardwareSerial.o)
                               0x1344 (size before relaxing)
 .debug_str     0x00002554       0x55 C:\Users\tiago\DOCUME~1\GitHub\KIDMOD~1\OSCILL~2\OSCILL~1\OSCILL~1\ARDUIN~1\Debug\libArduinoCore.a(HardwareSerial0.o)
                               0x1131 (size before relaxing)
 .debug_str     0x000025a9       0x2d C:\Users\tiago\DOCUME~1\GitHub\KIDMOD~1\OSCILL~2\OSCILL~1\OSCILL~1\ARDUIN~1\Debug\libArduinoCore.a(main.o)
                                0x264 (size before relaxing)
 .debug_str     0x000025d6      0x370 C:\Users\tiago\DOCUME~1\GitHub\KIDMOD~1\OSCILL~2\OSCILL~1\OSCILL~1\ARDUIN~1\Debug\libArduinoCore.a(Print.o)
                                0xf8f (size before relaxing)
 .debug_str     0x00002946      0x148 C:\Users\tiago\DOCUME~1\GitHub\KIDMOD~1\OSCILL~2\OSCILL~1\OSCILL~1\ARDUIN~1\Debug\libArduinoCore.a(wiring.o)
                                0x24e (size before relaxing)

.debug_loc      0x00000000     0x323c
 *(.debug_loc)
 .debug_loc     0x00000000      0x2f6 src/libraries/Mozzi/MozziGuts.o
 .debug_loc     0x000002f6      0x2b8 src/libraries/Mozzi/mozzi_analog.o
 .debug_loc     0x000005ae      0x5ee src/libraries/Mozzi/twi_nonblock.o
 .debug_loc     0x00000b9c      0x23e src/libraries/Mozzi/utility/TimerZero.o
 .debug_loc     0x00000dda      0x445 C:\Users\tiago\DOCUME~1\GitHub\KIDMOD~1\OSCILL~2\OSCILL~1\OSCILL~1\ARDUIN~1\Debug\libArduinoCore.a(HardwareSerial.o)
 .debug_loc     0x0000121f      0x18a C:\Users\tiago\DOCUME~1\GitHub\KIDMOD~1\OSCILL~2\OSCILL~1\OSCILL~1\ARDUIN~1\Debug\libArduinoCore.a(HardwareSerial0.o)
 .debug_loc     0x000013a9     0x1c4a C:\Users\tiago\DOCUME~1\GitHub\KIDMOD~1\OSCILL~2\OSCILL~1\OSCILL~1\ARDUIN~1\Debug\libArduinoCore.a(Print.o)
 .debug_loc     0x00002ff3      0x249 C:\Users\tiago\DOCUME~1\GitHub\KIDMOD~1\OSCILL~2\OSCILL~1\OSCILL~1\ARDUIN~1\Debug\libArduinoCore.a(wiring.o)

.debug_macinfo
 *(.debug_macinfo)

.debug_weaknames
 *(.debug_weaknames)

.debug_funcnames
 *(.debug_funcnames)

.debug_typenames
 *(.debug_typenames)

.debug_varnames
 *(.debug_varnames)

.debug_pubtypes
 *(.debug_pubtypes)

.debug_ranges   0x00000000      0x3b8
 *(.debug_ranges)
 .debug_ranges  0x00000000       0x18 Sketch.o
 .debug_ranges  0x00000018       0x50 src/libraries/Mozzi/MozziGuts.o
 .debug_ranges  0x00000068       0x80 src/libraries/Mozzi/mozzi_analog.o
 .debug_ranges  0x000000e8       0xc0 src/libraries/Mozzi/twi_nonblock.o
 .debug_ranges  0x000001a8       0x28 src/libraries/Mozzi/utility/TimerZero.o
 .debug_ranges  0x000001d0       0x58 C:\Users\tiago\DOCUME~1\GitHub\KIDMOD~1\OSCILL~2\OSCILL~1\OSCILL~1\ARDUIN~1\Debug\libArduinoCore.a(HardwareSerial.o)
 .debug_ranges  0x00000228       0x28 C:\Users\tiago\DOCUME~1\GitHub\KIDMOD~1\OSCILL~2\OSCILL~1\OSCILL~1\ARDUIN~1\Debug\libArduinoCore.a(HardwareSerial0.o)
 .debug_ranges  0x00000250       0x20 C:\Users\tiago\DOCUME~1\GitHub\KIDMOD~1\OSCILL~2\OSCILL~1\OSCILL~1\ARDUIN~1\Debug\libArduinoCore.a(main.o)
 .debug_ranges  0x00000270      0x110 C:\Users\tiago\DOCUME~1\GitHub\KIDMOD~1\OSCILL~2\OSCILL~1\OSCILL~1\ARDUIN~1\Debug\libArduinoCore.a(Print.o)
 .debug_ranges  0x00000380       0x38 C:\Users\tiago\DOCUME~1\GitHub\KIDMOD~1\OSCILL~2\OSCILL~1\OSCILL~1\ARDUIN~1\Debug\libArduinoCore.a(wiring.o)

.debug_macro
 *(.debug_macro)
OUTPUT(OscillatorSynth.elf elf32-avr)
LOAD linker stubs
